<html>
<body>
<pre>
<h1>礦ision Build Log</h1>
<h2>Tool Versions:</h2>
IDE-Version: μVision V5.38.0.0
Copyright (C) 2022 ARM Ltd and ARM Germany GmbH. All rights reserved.
License Information: lj Administrator, JK, LIC=WHYH9-4ZW6G-TG17T-R739D-ZWPZ5-PK2TP
 
Tool Versions:
Toolchain:       MDK-ARM Plus  Version: 5.38.0.0
Toolchain Path:  C:\Keil_v5\ARM\ARMCC\Bin
C Compiler:      Armcc.exe V5.06 update 4 (build 422)
Assembler:       Armasm.exe V5.06 update 4 (build 422)
Linker/Locator:  ArmLink.exe V5.06 update 4 (build 422)
Library Manager: ArmAr.exe V5.06 update 4 (build 422)
Hex Converter:   FromElf.exe V5.06 update 4 (build 422)
CPU DLL:         SARMCM3.DLL V5.38.0.0
Dialog DLL:      DARMP1.DLL V1.28.1.0
Target DLL:      Segger\JL2CM3.dll V2.99.42.0
Dialog DLL:      TARMP1.DLL V1.27.1.0
 
<h2>Project:</h2>
H:\JK3561\Project\project.uvproj
Project File Date:  05/25/2023

<h2>Output:</h2>
*** Using Compiler 'V5.06 update 4 (build 422)', folder: 'C:\Keil_v5\ARM\ARMCC\Bin'
Build target 'Open1788'
compiling use_disp.c...
..\User\UseDisp\use_disp.c(1957): warning:  #175-D: subscript out of range
  	if(SaveData.Limit_Tab.Comp_Value[9].high.Num!=0)
..\User\UseDisp\use_disp.c(1959): warning:  #175-D: subscript out of range
  		Hex_Format(SaveData.Limit_Tab.Comp_Value[9].high.Num, 
..\User\UseDisp\use_disp.c(1960): warning:  #175-D: subscript out of range
  			SaveData.Limit_Tab.Comp_Value[9].high.Dot , 6 , 1);//加单位//加单位
..\User\UseDisp\use_disp.c(1985): warning:  #175-D: subscript out of range
  	if(SaveData.Limit_Tab.Comp_Value[9].high.Num!=0)
..\User\UseDisp\use_disp.c(1987): warning:  #175-D: subscript out of range
  			Hex_Format(SaveData.Limit_Tab.Comp_Value[9].low.Num, 
..\User\UseDisp\use_disp.c(1988): warning:  #175-D: subscript out of range
  			SaveData.Limit_Tab.Comp_Value[9].low.Dot , 6 , 1);//加单位
..\User\UseDisp\use_disp.c(3395): warning:  #177-D: variable "Black_Select"  was declared but never referenced
  	vu32 Black_Select;
..\User\UseDisp\use_disp.c(4859): warning:  #167-D: argument of type "char *" is incompatible with parameter of type "const uint8_t *"
  			WriteString_Big(100+32,92 ,Test_Dispvalue.Rvaluebuff);
..\User\UseDisp\use_disp.c(4865): warning:  #167-D: argument of type "char *" is incompatible with parameter of type "const uint8_t *"
  			WriteString_Big(100+32,92 ,Test_Dispvalue.Rvaluebuff);
..\User\UseDisp\use_disp.c(4882): warning:  #223-D: function "Plc_PosV" declared implicitly
  				Plc_PosV();
..\User\UseDisp\use_disp.c(4893): warning:  #223-D: function "Plc_NegV" declared implicitly
  					Plc_NegV();
..\User\UseDisp\use_disp.c(4897): warning:  #223-D: function "Plc_PosV" declared implicitly
  			Plc_PosV();
..\User\UseDisp\use_disp.c(4903): warning:  #167-D: argument of type "char *" is incompatible with parameter of type "const uint8_t *"
  			WriteString_Big(100,92+55 ,Test_Dispvalue.Vvaluebuff);
..\User\UseDisp\use_disp.c(4924): warning:  #167-D: argument of type "char *" is incompatible with parameter of type "const uint8_t *"
  	WriteString_16(
IST1+160+24, 
IRSTLINE+
PACE1*3,Test_Dispvalue.Main_valuebuff,  0);
..\User\UseDisp\use_disp.c(4925): warning:  #167-D: argument of type "char *" is incompatible with parameter of type "const uint8_t *"
  	WriteString_16(
IST1+160+24, 
IRSTLINE+
PACE1*4,Test_Dispvalue.Secondvaluebuff,  0);
..\User\UseDisp\use_disp.c(4927): warning:  #167-D: argument of type "char *" is incompatible with parameter of type "const uint8_t *"
  	WriteString_16(
IST1+160*2, 
IRSTLINE+
PACE1*3,Test_Dispvalue.Rvaluebuff,  0);
..\User\UseDisp\use_disp.c(4928): warning:  #167-D: argument of type "char *" is incompatible with parameter of type "const uint8_t *"
  	WriteString_16(
IST1+160*2, 
IRSTLINE+
PACE1*4,Test_Dispvalue.Vvaluebuff,  0);
..\User\UseDisp\use_disp.c(5100): warning:  #177-D: variable "Send_buff"  was declared but never referenced
  	vu8 Send_buff[10]={0xAB,0X00,0xbf};
..\User\UseDisp\use_disp.c(5176): warning:  #167-D: argument of type "char *" is incompatible with parameter of type "const uint8_t *"
  	WriteString_16(52,200 ,Test_Dispvalue.Main_valuebuff,1);//
..\User\UseDisp\use_disp.c(5177): warning:  #167-D: argument of type "char *" is incompatible with parameter of type "const uint8_t *"
  	WriteString_16(312,200 ,Test_Dispvalue.Secondvaluebuff,1);//
..\User\UseDisp\use_disp.c(5341): warning:  #177-D: variable "i"  was declared but never referenced
  	vu8 i;
..\User\UseDisp\use_disp.c(5342): warning:  #177-D: variable "pt"  was declared but never referenced
  	vu8 *pt;
..\User\UseDisp\use_disp.c: 22 warnings, 0 errors
linking...
Program Size: Code=85308 RO-data=36380 RW-data=612 ZI-data=25724  
FromELF: creating hex file...
After Build - User command #1: C:\Keil_v5\ARM\ARMCC\bin\fromelf.exe --bin  -o ..\shengji\update.bin Output\project.axf
".\Output\project.axf" - 0 Error(s), 22 Warning(s).
Build Time Elapsed:  00:00:01
</pre>
</body>
</html>
