Component: ARM Compiler 5.06 update 4 (build 422) Tool: armlink [4d35d2]

==============================================================================

Section Cross References

    ex_sdram.o(.text) refers to timer.o(.text) for delayMs
    ex_sdram.o(.text) refers to system_lpc177x_8x.o(.data) for SystemCoreClock
    main.o(.text) refers to lpc177x_8x_gpio.o(.text) for GPIO_GetIntStatus
    main.o(.text) refers to lpc177x_8x_clkpwr.o(.text) for CLKPWR_GetCLK
    main.o(.text) refers to key.o(.text) for HW_keyInt
    main.o(.text) refers to debug_frmwrk.o(.text) for debug_frmwrk_init
    main.o(.text) refers to dma.o(.text) for lpc1788_DMA_Init
    main.o(.text) refers to lpc177x_8x_eeprom.o(.text) for EEPROM_Init
    main.o(.text) refers to rtc.o(.text) for RTC_INT
    main.o(.text) refers to ex_sdram.o(.text) for SDRAM_Init
    main.o(.text) refers to lpc177x_8x_lcd.o(.text) for GLCD_Ctrl
    main.o(.text) refers to globalvalue.o(.text) for InitGlobalValue
    main.o(.text) refers to use_disp.o(.text) for ReadSavedata
    main.o(.text) refers to test.o(.text) for Set_Compbcd_float
    main.o(.text) refers to printf6.o(i.__0sprintf$6) for __2sprintf
    main.o(.text) refers to usbhost_fat.o(.text) for FILE_Open
    main.o(.text) refers to globalvalue.o(.data) for softswitch
    main.o(.text) refers to globalvalue.o(.data) for SystemStatus
    main.o(.text) refers to logo.o(.data) for LogoPic
    main.o(.text) refers to test.o(.data) for keynum
    main.o(.text) refers to usbhost_lpc17xx.o(.data) for UserBuffer
    timer.o(.text) refers to system_lpc177x_8x.o(.data) for PeripheralClock
    timer.o(.text) refers to timer.o(.data) for .data
    lpc177x_8x_lcd.o(.text) refers to asciilib.o(.text) for GetASCIICode
    lpc177x_8x_lcd.o(.text) refers to system_lpc177x_8x.o(.data) for PeripheralClock
    lpc177x_8x_lcd.o(.text) refers to lpc177x_8x_lcd.o(.constdata) for .constdata
    lpc177x_8x_lcd.o(.text) refers to lpc177x_8x_lcd.o(.data) for .data
    lpc177x_8x_lcd.o(.text) refers to asciilib.o(.constdata) for _num
    lpc177x_8x_lcd.o(.text) refers to globalvalue.o(.bss) for DispBuf
    logo.o(.data) refers to logo.o(.constdata) for LogoStream
    logo.o(.data) refers to logo.o(.conststring) for .conststring
    asciilib.o(.text) refers to memcpya.o(.text) for __aeabi_memcpy
    asciilib.o(.text) refers to asciilib.o(.constdata) for .constdata
    touchpanel.o(.text) refers to lpc177x_8x_ssp.o(.text) for SSP_ReadWrite
    touchpanel.o(.text) refers to lpc177x_8x_pinsel.o(.text) for PINSEL_ConfigPin
    touchpanel.o(.text) refers to lpc177x_8x_gpio.o(.text) for GPIO_SetDir
    touchpanel.o(.text) refers to memseta.o(.text) for __aeabi_memclr4
    touchpanel.o(.text) refers to dflti.o(.text) for __aeabi_i2d
    touchpanel.o(.text) refers to cdcmple.o(.text) for __aeabi_cdcmpeq
    touchpanel.o(.text) refers to touchpanel.o(.bss) for .bss
    touchpanel.o(.text) refers to touchpanel.o(.data) for .data
    touchpanel.o(.text) refers to dfltui.o(.text) for __aeabi_ui2d
    touchpanel.o(.text) refers to dmul.o(.text) for __aeabi_dmul
    touchpanel.o(.text) refers to dadd.o(.text) for __aeabi_dadd
    touchpanel.o(.text) refers to ddiv.o(.text) for __aeabi_ddiv
    touchpanel.o(.text) refers to dfixui.o(.text) for __aeabi_d2uiz
    touchpanel.o(.text) refers to lpc177x_8x_lcd.o(.text) for lcd_Clear
    use_disp.o(.text) refers to lpc177x_8x_lcd.o(.text) for LCD_DrawRect
    use_disp.o(.text) refers to lpc177x_8x_lcd.o(.data) for Colour
    use_disp.o(.text) refers to use_disp.o(.constdata) for .constdata
    use_disp.o(.text) refers to globalvalue.o(.bss) for Save_Res
    use_disp.o(.text) refers to asciilib.o(.constdata) for Out_Assic
    use_disp.o(.text) refers to globalvalue.o(.bss) for SaveData
    use_disp.o(.text) refers to globalvalue.o(.bss) for DispBuf
    use_disp.o(.text) refers to ffixi.o(.text) for __aeabi_f2iz
    use_disp.o(.text) refers to test.o(.text) for V_BCD_Int
    use_disp.o(.text) refers to globalvalue.o(.bss) for RTC_TIME_DISP
    use_disp.o(.text) refers to ffltui.o(.text) for __aeabi_ui2f
    use_disp.o(.text) refers to fmul.o(.text) for __aeabi_fmul
    use_disp.o(.text) refers to f2d.o(.text) for __aeabi_f2d
    use_disp.o(.text) refers to dmul.o(.text) for __aeabi_dmul
    use_disp.o(.text) refers to d2f.o(.text) for __aeabi_d2f
    use_disp.o(.text) refers to dfltui.o(.text) for __aeabi_ui2d
    use_disp.o(.text) refers to pow.o(i.pow) for pow
    use_disp.o(.text) refers to ddiv.o(.text) for __aeabi_ddiv
    use_disp.o(.text) refers to fdiv.o(.text) for __aeabi_fdiv
    use_disp.o(.text) refers to ffixui.o(.text) for __aeabi_f2uiz
    use_disp.o(.text) refers to memcpya.o(.text) for __aeabi_memcpy4
    use_disp.o(.text) refers to dfixui.o(.text) for __aeabi_d2uiz
    use_disp.o(.text) refers to asciilib.o(.constdata) for _C
    use_disp.o(.text) refers to asciilib.o(.constdata) for _p
    use_disp.o(.text) refers to key.o(.text) for HW_KeyScsn
[...]
    Disp_TestScreen                          0x00019e85   Thumb Code    16  use_disp.o(.text)
    Disp_Test_Item                           0x00019e95   Thumb Code   236  use_disp.o(.text)
    Disp_Range_MidRect                       0x00019f81   Thumb Code    22  use_disp.o(.text)
    Disp_RangeScreen                         0x00019f97   Thumb Code    16  use_disp.o(.text)
    Disp_RangeDispvalue                      0x00019fa7   Thumb Code   102  use_disp.o(.text)
    Disp_Range_Item                          0x0001a00d   Thumb Code   232  use_disp.o(.text)
    Disp_Rang_Count_MidRect                  0x0001a0f5   Thumb Code    38  use_disp.o(.text)
    Disp_Range_CountScreen                   0x0001a11b   Thumb Code    16  use_disp.o(.text)
    Disp_Set_Unit_16                         0x0001a12b   Thumb Code    26  use_disp.o(.text)
    Disp_Range_Count_Item                    0x0001a145   Thumb Code   760  use_disp.o(.text)
    Disp_List_Count_MidRect                  0x0001a43d   Thumb Code    22  use_disp.o(.text)
    Disp_List_CountScreen                    0x0001a453   Thumb Code    16  use_disp.o(.text)
    Disp_List_Count_Item                     0x0001a463   Thumb Code   192  use_disp.o(.text)
    Disp_TestSet_MidRect                     0x0001a523   Thumb Code    22  use_disp.o(.text)
    Disp_TestSetScreen                       0x0001a539   Thumb Code    16  use_disp.o(.text)
    Disp_Test_Set_Item                       0x0001a549   Thumb Code   280  use_disp.o(.text)
    Disp_RangeDispValue                      0x0001a661   Thumb Code   506  use_disp.o(.text)
    Disp_Range_ComDispValue                  0x0001a85b   Thumb Code   152  use_disp.o(.text)
    Disp_Scan_Compvalue                      0x0001a8f3   Thumb Code   458  use_disp.o(.text)
    Disp_Scan_SetCompvalue                   0x0001aabd   Thumb Code   830  use_disp.o(.text)
    Disp_LIMIT_ComDispValue                  0x0001adfb   Thumb Code   276  use_disp.o(.text)
    Disp_Test_value                          0x0001af0f   Thumb Code   646  use_disp.o(.text)
    DispSet_value                            0x0001b195   Thumb Code  2040  use_disp.o(.text)
    Disp_Set_Unit_12                         0x0001b98d   Thumb Code    22  use_disp.o(.text)
    Disp_LimitSEt_value                      0x0001b9a3   Thumb Code  1096  use_disp.o(.text)
    Disp_Debug_Reference                     0x0001bdeb   Thumb Code    98  use_disp.o(.text)
    Disp_Debug_value                         0x0001be4d   Thumb Code   384  use_disp.o(.text)
    Disp_Sys_value                           0x0001bfcd   Thumb Code  1438  use_disp.o(.text)
    Disp_Usercheck_Screen                    0x0001c56b   Thumb Code     4  use_disp.o(.text)
    Disp_UserCheck_Item                      0x0001c56f   Thumb Code   306  use_disp.o(.text)
    Disp_LimitList_MidRect                   0x0001c6a1   Thumb Code    22  use_disp.o(.text)
    Disp_LimitList_Screen                    0x0001c6b7   Thumb Code    16  use_disp.o(.text)
    Disp_LimitList_Item                      0x0001c6c7   Thumb Code   302  use_disp.o(.text)
    Disp_ListScan_MidRect                    0x0001c7f5   Thumb Code    22  use_disp.o(.text)
    Disp_ListScan_Screen                     0x0001c80b   Thumb Code    14  use_disp.o(.text)
    Disp_ListScan_Item                       0x0001c819   Thumb Code   160  use_disp.o(.text)
    Disp_SysLine                             0x0001c8b9   Thumb Code    46  use_disp.o(.text)
    Disp_Sys_Screen                          0x0001c8e7   Thumb Code    14  use_disp.o(.text)
    Disp_Sys                                 0x0001c8f5   Thumb Code   390  use_disp.o(.text)
    Disp_Sys_Item                            0x0001ca7b   Thumb Code   148  use_disp.o(.text)
    Time_Set_Cov                             0x0001cb0f   Thumb Code   340  use_disp.o(.text)
    Debug_Value                              0x0001cc63   Thumb Code     6  use_disp.o(.text)
    Freq_Set_Cov                             0x0001cc69   Thumb Code   204  use_disp.o(.text)
    Input_Set_Cov                            0x0001cd35   Thumb Code   138  use_disp.o(.text)
    Input_Set_CovPre                         0x0001cdbf   Thumb Code    64  use_disp.o(.text)
    Disp_Cp_D                                0x0001cdff   Thumb Code   158  use_disp.o(.text)
    Disp_Cp_Q                                0x0001ce9d   Thumb Code    68  use_disp.o(.text)
    Disp_Cp_G                                0x0001cee1   Thumb Code    68  use_disp.o(.text)
    Disp_Cp_Rp                               0x0001cf25   Thumb Code    66  use_disp.o(.text)
    Disp_Cs_Rs                               0x0001cf67   Thumb Code    66  use_disp.o(.text)
    Disp_Cs_D                                0x0001cfa9   Thumb Code    68  use_disp.o(.text)
    Disp_Cs_Q                                0x0001cfed   Thumb Code    68  use_disp.o(.text)
    Disp_Lp_Q                                0x0001d031   Thumb Code    68  use_disp.o(.text)
    Disp_Lp_Rp                               0x0001d075   Thumb Code    66  use_disp.o(.text)
    Disp_Lp_Rd                               0x0001d0b7   Thumb Code    68  use_disp.o(.text)
    Disp_Lp_D                                0x0001d0fb   Thumb Code    68  use_disp.o(.text)
    Disp_Lp_G                                0x0001d13f   Thumb Code    68  use_disp.o(.text)
    Disp_Ls_D                                0x0001d183   Thumb Code    68  use_disp.o(.text)
    Disp_Ls_Q                                0x0001d1c7   Thumb Code    68  use_disp.o(.text)
    Disp_Ls_Rs                               0x0001d20b   Thumb Code    66  use_disp.o(.text)
    Disp_Ls_Rd                               0x0001d24d   Thumb Code   108  use_disp.o(.text)
    Disp_Z_d                                 0x0001d2b9   Thumb Code    68  use_disp.o(.text)
    Disp_Z_r                                 0x0001d2fd   Thumb Code    68  use_disp.o(.text)
    Disp_Y_d                                 0x0001d341   Thumb Code    68  use_disp.o(.text)
    Disp_Y_r                                 0x0001d385   Thumb Code    68  use_disp.o(.text)
    Disp_R_X                                 0x0001d3c9   Thumb Code   140  use_disp.o(.text)
    Disp_Rs_Q                                0x0001d455   Thumb Code    68  use_disp.o(.text)
    Disp_Rp_Q                                0x0001d499   Thumb Code    68  use_disp.o(.text)
    Disp_G_B                                 0x0001d4dd   Thumb Code    36  use_disp.o(.text)
    Disp_Button_Fun_Set                      0x0001d501   Thumb Code   526  use_disp.o(.text)
    Disp_Testvalue                           0x0001d70f   Thumb Code   286  use_disp.o(.text)
    Disp_Data_Debug                          0x0001d82d   Thumb Code   104  use_disp.o(.text)
    Disp_Big_MainUnit                        0x0001d895   Thumb Code    84  use_disp.o(.text)
    Disp_Big_SecondUnit                      0x0001d8e9   Thumb Code    82  use_disp.o(.text)
    SUMCK                                    0x0001d93b   Thumb Code    26  use_disp.o(.text)
    Send_Freq                                0x0001d955   Thumb Code    36  use_disp.o(.text)
    Send_Clear                               0x0001d979   Thumb Code    26  use_disp.o(.text)
    Send_UartStart                           0x0001d993   Thumb Code   166  use_disp.o(.text)
    Send_Range                               0x0001da39   Thumb Code    42  use_disp.o(.text)
    Send_RangeCALV                           0x0001da63   Thumb Code    38  use_disp.o(.text)
    Send_RangeCALR                           0x0001da89   Thumb Code    38  use_disp.o(.text)
    Send_Request                             0x0001daaf   Thumb Code    38  use_disp.o(.text)
    Send_Uart3                               0x0001dad5   Thumb Code     8  use_disp.o(.text)
    Send_Main_Ord                            0x0001dadd   Thumb Code   176  use_disp.o(.text)
    Disp_Range_DispMainUnit                  0x0001db8d   Thumb Code    46  use_disp.o(.text)
    Disp_Range_DispSecondUnit                0x0001dbbb   Thumb Code    50  use_disp.o(.text)
    Disp_RangeTestvalue                      0x0001dbed   Thumb Code    98  use_disp.o(.text)
    Disp_RangeCount                          0x0001dc4f   Thumb Code    80  use_disp.o(.text)
    Disp_Test_Unit_v                         0x0001dc9f   Thumb Code    12  use_disp.o(.text)
    Disp_Test_Unit_mA                        0x0001dcab   Thumb Code    12  use_disp.o(.text)
    Savetoeeprom                             0x0001dcb7   Thumb Code    96  use_disp.o(.text)
    ReadSavedata                             0x0001dd17   Thumb Code    22  use_disp.o(.text)
    SetData_High_Low_Comp                    0x0001dd2d   Thumb Code   180  use_disp.o(.text)
    Disp_Usbflag                             0x0001dde1   Thumb Code    52  use_disp.o(.text)
    DrawLogo                                 0x0001de15   Thumb Code  6246  use_disp.o(.text)
    SysTick_Handler                          0x0001f67d   Thumb Code   128  key.o(.text)
    Beep_Off                                 0x0001f6fd   Thumb Code    10  key.o(.text)
    No_Comp                                  0x0001f707   Thumb Code    44  key.o(.text)
    Plc_NegV                                 0x0001f733   Thumb Code    26  key.o(.text)
    Plc_PosV                                 0x0001f74d   Thumb Code    26  key.o(.text)
    Plc_pass                                 0x0001f767   Thumb Code    26  key.o(.text)
    Plc_Fail                                 0x0001f781   Thumb Code    26  key.o(.text)
    Beep_on                                  0x0001f79b   Thumb Code    10  key.o(.text)
    Bais_LedOn                               0x0001f7a5   Thumb Code    10  key.o(.text)
    Bais_LedOff                              0x0001f7af   Thumb Code    10  key.o(.text)
    Lock_LedOn                               0x0001f7b9   Thumb Code     8  key.o(.text)
    Lock_LedOff                              0x0001f7c1   Thumb Code     8  key.o(.text)
    Lock_Control_On                          0x0001f7c9   Thumb Code    10  key.o(.text)
    Lock_Control_Off                         0x0001f7d3   Thumb Code    10  key.o(.text)
    Pass_Led                                 0x0001f7dd   Thumb Code    24  key.o(.text)
    Turnoff_backlight                        0x0001f7f5   Thumb Code     8  key.o(.text)
    All_LedOff                               0x0001f7fd   Thumb Code    34  key.o(.text)
    Fail_led                                 0x0001f81f   Thumb Code    24  key.o(.text)
    Delay                                    0x0001f837   Thumb Code    14  key.o(.text)
    Power_Relay                              0x0001f845   Thumb Code    32  key.o(.text)
    Power_On_led                             0x0001f865   Thumb Code    30  key.o(.text)
    Power_Off_led                            0x0001f883   Thumb Code    30  key.o(.text)
    Turnon_backlight                         0x0001f8a1   Thumb Code     8  key.o(.text)
    GPIO_Led_Configuration                   0x0001f8a9   Thumb Code    86  key.o(.text)
    GPIO_Plc_Configuration                   0x0001f8ff   Thumb Code    58  key.o(.text)
    GPIO_Key_Configuration                   0x0001f939   Thumb Code   106  key.o(.text)
    _164Delaay                               0x0001f9a3   Thumb Code    12  key.o(.text)
    HW_Sendvalueto164                        0x0001f9af   Thumb Code    74  key.o(.text)
    HW_keyInt                                0x0001f9f9   Thumb Code    14  key.o(.text)
    HW_KeyScsn1                              0x0001fa07   Thumb Code   278  key.o(.text)
    HW_KeyScsn                               0x0001fb1d   Thumb Code    44  key.o(.text)
    Delay_Key                                0x0001fb49   Thumb Code    12  key.o(.text)
    Key_Beep                                 0x0001fb55   Thumb Code    18  key.o(.text)
    Swap                                     0x0001fb6d   Thumb Code    20  test.o(.text)
    BubbleSort                               0x0001fb81   Thumb Code    66  test.o(.text)
    HeadSort                                 0x0001fbc3   Thumb Code    42  test.o(.text)
    TailSort                                 0x0001fbed   Thumb Code    40  test.o(.text)
    MODS_Poll                                0x0001fc15   Thumb Code    50  test.o(.text)
    input_password                           0x0001fc47   Thumb Code   738  test.o(.text)
    Inttofloat                               0x0001ff29   Thumb Code   100  test.o(.text)
    Set_Compbcd_float                        0x0001ff8d   Thumb Code   354  test.o(.text)
    Power_Process                            0x000200ef   Thumb Code   238  test.o(.text)
    string_to_float                          0x000201dd   Thumb Code   330  test.o(.text)
    ReadPointTest                            0x00020327   Thumb Code    32  test.o(.text)
    BCD_Int                                  0x00020347   Thumb Code   208  test.o(.text)
    Comp_prompt                              0x00020417   Thumb Code   282  test.o(.text)
    R_Test_Comp                              0x00020531   Thumb Code   284  test.o(.text)
    V_Test_Comp                              0x0002064d   Thumb Code   156  test.o(.text)
    Test_Process                             0x000206e9   Thumb Code  1618  test.o(.text)
    File_Process                             0x00020d3b   Thumb Code    46  test.o(.text)
    Disp_NumKeyboard_SetV                    0x00020d69   Thumb Code   772  test.o(.text)
    Disp_Set_NumV                            0x0002106d   Thumb Code   148  test.o(.text)
    Disp_NumKeyboard_Set                     0x00021101   Thumb Code   646  test.o(.text)
    Disp_Set_Num                             0x00021387   Thumb Code   184  test.o(.text)
    Setup_Process                            0x0002143f   Thumb Code  1064  test.o(.text)
    Data_StoreProcess                        0x00021867   Thumb Code    46  test.o(.text)
    Test_Comp                                0x00021895   Thumb Code   270  test.o(.text)
    VrangeSW                                 0x000219a3   Thumb Code   230  test.o(.text)
    VDATAFILTER                              0x00021a89   Thumb Code   784  test.o(.text)
    RDATAFILTER                              0x00021d99   Thumb Code   706  test.o(.text)
    Uart_Process                             0x0002205b   Thumb Code   722  test.o(.text)
    Range_Process                            0x0002232d   Thumb Code   412  test.o(.text)
    Range_CountProcess                       0x000224c9   Thumb Code   318  test.o(.text)
    ItemProcess                              0x00022607   Thumb Code   356  test.o(.text)
    Freq_Set_Num                             0x0002276b   Thumb Code    40  test.o(.text)
    Use_ITEMSetProcess                       0x00022793   Thumb Code   580  test.o(.text)
    Input_compvalue                          0x000229d7   Thumb Code  1262  test.o(.text)
    Disp_Set_InputpreNum                     0x00022ec5   Thumb Code   106  test.o(.text)
    Disp_Set_InputNum                        0x00022f2f   Thumb Code    74  test.o(.text)
    Use_LimitSetProcess                      0x00022f79   Thumb Code   770  test.o(.text)
    Sys_Process                              0x0002327b   Thumb Code   206  test.o(.text)
    Soft_Turnon                              0x00023349   Thumb Code    78  test.o(.text)
    Use_SysSetProcess                        0x00023397   Thumb Code  1682  test.o(.text)
    DebugHandleR                             0x00023a29   Thumb Code    84  test.o(.text)
    DebugHandleV                             0x00023a7d   Thumb Code   436  test.o(.text)
    DebugRInit                               0x00023c31   Thumb Code   116  test.o(.text)
    input_num                                0x00023ca5   Thumb Code   596  test.o(.text)
    Use_DebugProcess                         0x00023ef9   Thumb Code   704  test.o(.text)
    Fac_DebugProcess                         0x000241b9   Thumb Code    42  test.o(.text)
    Uart3_Process                            0x000241e3   Thumb Code    54  test.o(.text)
    PackStandFrame                           0x00024219   Thumb Code    36  test.o(.text)
    Disp_Set_CompNum                         0x0002423d   Thumb Code    74  test.o(.text)
    Avg_Set_Num                              0x00024287   Thumb Code   168  test.o(.text)
    Set_daot                                 0x0002432f   Thumb Code    48  test.o(.text)
    Input_int                                0x0002435f   Thumb Code    36  test.o(.text)
    BCDtoInt                                 0x00024383   Thumb Code    62  test.o(.text)
    IntToBCD                                 0x000243c1   Thumb Code    42  test.o(.text)
    VBCDtoInt                                0x000243eb   Thumb Code   124  test.o(.text)
    V_BCD_Int                                0x00024467   Thumb Code    62  test.o(.text)
    Debug_Res                                0x000244a5   Thumb Code    18  test.o(.text)
    Write_Usbdata                            0x000244b7   Thumb Code    70  test.o(.text)
    InitGlobalValue                          0x0002453d   Thumb Code    50  globalvalue.o(.text)
    DMA_IRQHandler                           0x00024579   Thumb Code   266  dma.o(.text)
    lpc1788_DMA_Init                         0x00024683   Thumb Code   126  dma.o(.text)
    lpc1788_DMA_SetInit                      0x00024701   Thumb Code   136  dma.o(.text)
    DMASendReadInit                          0x00024789   Thumb Code    52  dma.o(.text)
    DMASendRangeInit                         0x000247bd   Thumb Code    52  dma.o(.text)
    DMASendToPC                              0x000247f1   Thumb Code    52  dma.o(.text)
    Reset_Handler                            0x00024891   Thumb Code     8  startup_lpc177x_8x.o(.text)
    NMI_Handler                              0x00024899   Thumb Code     2  startup_lpc177x_8x.o(.text)
    HardFault_Handler                        0x0002489b   Thumb Code     2  startup_lpc177x_8x.o(.text)
    MemManage_Handler                        0x0002489d   Thumb Code     2  startup_lpc177x_8x.o(.text)
    BusFault_Handler                         0x0002489f   Thumb Code     2  startup_lpc177x_8x.o(.text)
    UsageFault_Handler                       0x000248a1   Thumb Code     2  startup_lpc177x_8x.o(.text)
    SVC_Handler                              0x000248a3   Thumb Code     2  startup_lpc177x_8x.o(.text)
    DebugMon_Handler                         0x000248a5   Thumb Code     2  startup_lpc177x_8x.o(.text)
    PendSV_Handler                           0x000248a7   Thumb Code     2  startup_lpc177x_8x.o(.text)
    ADC_IRQHandler                           0x000248ab   Thumb Code     0  startup_lpc177x_8x.o(.text)
    BOD_IRQHandler                           0x000248ab   Thumb Code     0  startup_lpc177x_8x.o(.text)
    CANActivity_IRQHandler                   0x000248ab   Thumb Code     0  startup_lpc177x_8x.o(.text)
    CAN_IRQHandler                           0x000248ab   Thumb Code     0  startup_lpc177x_8x.o(.text)
    EEPROM_IRQHandler                        0x000248ab   Thumb Code     0  startup_lpc177x_8x.o(.text)
    EINT0_IRQHandler                         0x000248ab   Thumb Code     0  startup_lpc177x_8x.o(.text)
    EINT1_IRQHandler                         0x000248ab   Thumb Code     0  startup_lpc177x_8x.o(.text)
    EINT2_IRQHandler                         0x000248ab   Thumb Code     0  startup_lpc177x_8x.o(.text)
    EINT3_IRQHandler                         0x000248ab   Thumb Code     0  startup_lpc177x_8x.o(.text)
    ENET_IRQHandler                          0x000248ab   Thumb Code     0  startup_lpc177x_8x.o(.text)
    I2C0_IRQHandler                          0x000248ab   Thumb Code     0  startup_lpc177x_8x.o(.text)
    I2C1_IRQHandler                          0x000248ab   Thumb Code     0  startup_lpc177x_8x.o(.text)
    I2C2_IRQHandler                          0x000248ab   Thumb Code     0  startup_lpc177x_8x.o(.text)
    I2S_IRQHandler                           0x000248ab   Thumb Code     0  startup_lpc177x_8x.o(.text)
    LCD_IRQHandler                           0x000248ab   Thumb Code     0  startup_lpc177x_8x.o(.text)
    MCI_IRQHandler                           0x000248ab   Thumb Code     0  startup_lpc177x_8x.o(.text)
    MCPWM_IRQHandler                         0x000248ab   Thumb Code     0  startup_lpc177x_8x.o(.text)
    PLL0_IRQHandler                          0x000248ab   Thumb Code     0  startup_lpc177x_8x.o(.text)
    PLL1_IRQHandler                          0x000248ab   Thumb Code     0  startup_lpc177x_8x.o(.text)
    PWM0_IRQHandler                          0x000248ab   Thumb Code     0  startup_lpc177x_8x.o(.text)
    PWM1_IRQHandler                          0x000248ab   Thumb Code     0  startup_lpc177x_8x.o(.text)
    QEI_IRQHandler                           0x000248ab   Thumb Code     0  startup_lpc177x_8x.o(.text)
    SPIFI_IRQHandler                         0x000248ab   Thumb Code     0  startup_lpc177x_8x.o(.text)
    SSP0_IRQHandler                          0x000248ab   Thumb Code     0  startup_lpc177x_8x.o(.text)
    SSP1_IRQHandler                          0x000248ab   Thumb Code     0  startup_lpc177x_8x.o(.text)
    SSP2_IRQHandler                          0x000248ab   Thumb Code     0  startup_lpc177x_8x.o(.text)
    UART1_IRQHandler                         0x000248ab   Thumb Code     0  startup_lpc177x_8x.o(.text)
    UART2_IRQHandler                         0x000248ab   Thumb Code     0  startup_lpc177x_8x.o(.text)
    UART4_IRQHandler                         0x000248ab   Thumb Code     0  startup_lpc177x_8x.o(.text)
    USBActivity_IRQHandler                   0x000248ab   Thumb Code     0  startup_lpc177x_8x.o(.text)
    WDT_IRQHandler                           0x000248ab   Thumb Code     0  startup_lpc177x_8x.o(.text)
    SystemCoreClockUpdate                    0x000248b5   Thumb Code   496  system_lpc177x_8x.o(.text)
    SystemInit                               0x00024aa5   Thumb Code   124  system_lpc177x_8x.o(.text)
    GPIO_SetDir                              0x00024bcb   Thumb Code    32  lpc177x_8x_gpio.o(.text)
    GPIO_SetValue                            0x00024beb   Thumb Code    16  lpc177x_8x_gpio.o(.text)
    GPIO_ClearValue                          0x00024bfb   Thumb Code    16  lpc177x_8x_gpio.o(.text)
    GPIO_OutputValue                         0x00024c0b   Thumb Code     8  lpc177x_8x_gpio.o(.text)
    GPIO_ReadValue                           0x00024c13   Thumb Code    16  lpc177x_8x_gpio.o(.text)
    GPIO_IntCmd                              0x00024c23   Thumb Code    62  lpc177x_8x_gpio.o(.text)
    GPIO_GetIntStatus                        0x00024c61   Thumb Code    86  lpc177x_8x_gpio.o(.text)
    GPIO_ClearInt                            0x00024cb7   Thumb Code    24  lpc177x_8x_gpio.o(.text)
    FIO_SetDir                               0x00024ccf   Thumb Code     2  lpc177x_8x_gpio.o(.text)
    FIO_SetValue                             0x00024cd1   Thumb Code     2  lpc177x_8x_gpio.o(.text)
    FIO_ClearValue                           0x00024cd3   Thumb Code     2  lpc177x_8x_gpio.o(.text)
    FIO_ReadValue                            0x00024cd5   Thumb Code     2  lpc177x_8x_gpio.o(.text)
    FIO_IntCmd                               0x00024cd7   Thumb Code     2  lpc177x_8x_gpio.o(.text)
    FIO_GetIntStatus                         0x00024cd9   Thumb Code     2  lpc177x_8x_gpio.o(.text)
    FIO_ClearInt                             0x00024cdb   Thumb Code     2  lpc177x_8x_gpio.o(.text)
    FIO_SetMask                              0x00024cdd   Thumb Code    32  lpc177x_8x_gpio.o(.text)
    FIO_HalfWordSetDir                       0x00024cfd   Thumb Code    54  lpc177x_8x_gpio.o(.text)
    FIO_HalfWordSetMask                      0x00024d33   Thumb Code    54  lpc177x_8x_gpio.o(.text)
    FIO_HalfWordSetValue                     0x00024d69   Thumb Code    24  lpc177x_8x_gpio.o(.text)
    FIO_HalfWordClearValue                   0x00024d81   Thumb Code    24  lpc177x_8x_gpio.o(.text)
    FIO_HalfWordReadValue                    0x00024d99   Thumb Code    24  lpc177x_8x_gpio.o(.text)
    FIO_ByteSetDir                           0x00024db1   Thumb Code    42  lpc177x_8x_gpio.o(.text)
    FIO_ByteSetMask                          0x00024ddb   Thumb Code    46  lpc177x_8x_gpio.o(.text)
    FIO_ByteSetValue                         0x00024e09   Thumb Code    24  lpc177x_8x_gpio.o(.text)
    FIO_ByteClearValue                       0x00024e21   Thumb Code    24  lpc177x_8x_gpio.o(.text)
    FIO_ByteReadValue                        0x00024e39   Thumb Code    24  lpc177x_8x_gpio.o(.text)
    CLKPWR_SetCLKDiv                         0x00024e59   Thumb Code    64  lpc177x_8x_clkpwr.o(.text)
    CLKPWR_GetCLK                            0x00024e99   Thumb Code    42  lpc177x_8x_clkpwr.o(.text)
    CLKPWR_ConfigPPWR                        0x00024ec3   Thumb Code    30  lpc177x_8x_clkpwr.o(.text)
    CLKPWR_Sleep                             0x00024ee1   Thumb Code    12  lpc177x_8x_clkpwr.o(.text)
    CLKPWR_DeepSleep                         0x00024eed   Thumb Code    18  lpc177x_8x_clkpwr.o(.text)
    CLKPWR_PowerDown                         0x00024eff   Thumb Code    18  lpc177x_8x_clkpwr.o(.text)
    CLKPWR_DeepPowerDown                     0x00024f11   Thumb Code    18  lpc177x_8x_clkpwr.o(.text)
    UART_Init                                0x00025081   Thumb Code   250  lpc177x_8x_uart.o(.text)
    UART_TxCmd                               0x0002517b   Thumb Code    56  lpc177x_8x_uart.o(.text)
    UART_DeInit                              0x000251b3   Thumb Code    78  lpc177x_8x_uart.o(.text)
    UART_ConfigStructInit                    0x00025201   Thumb Code    12  lpc177x_8x_uart.o(.text)
    UART_SendByte                            0x0002520d   Thumb Code    14  lpc177x_8x_uart.o(.text)
    UART_ReceiveByte                         0x0002521b   Thumb Code    14  lpc177x_8x_uart.o(.text)
    UART_Send                                0x00025229   Thumb Code   110  lpc177x_8x_uart.o(.text)
    UART_Receive                             0x00025297   Thumb Code    84  lpc177x_8x_uart.o(.text)
    UART_ForceBreak                          0x000252eb   Thumb Code    26  lpc177x_8x_uart.o(.text)
    UART_IntConfig                           0x00025305   Thumb Code   106  lpc177x_8x_uart.o(.text)
    UART_GetLineStatus                       0x0002536f   Thumb Code    14  lpc177x_8x_uart.o(.text)
    UART_GetIntId                            0x0002537d   Thumb Code    10  lpc177x_8x_uart.o(.text)
    UART_CheckBusy                           0x00025387   Thumb Code    14  lpc177x_8x_uart.o(.text)
    UART_FIFOConfig                          0x00025395   Thumb Code    96  lpc177x_8x_uart.o(.text)
    UART_FIFOConfigStructInit                0x000253f5   Thumb Code    14  lpc177x_8x_uart.o(.text)
    UART_ABCmd                               0x00025403   Thumb Code   114  lpc177x_8x_uart.o(.text)
    UART_ABClearIntPending                   0x00025475   Thumb Code    22  lpc177x_8x_uart.o(.text)
    UART_IrDAInvtInputCmd                    0x0002548b   Thumb Code    32  lpc177x_8x_uart.o(.text)
    UART_IrDACmd                             0x000254ab   Thumb Code    28  lpc177x_8x_uart.o(.text)
    UART_IrDAPulseDivConfig                  0x000254c7   Thumb Code    24  lpc177x_8x_uart.o(.text)
    UART_FullModemForcePinState              0x000254df   Thumb Code    42  lpc177x_8x_uart.o(.text)
    UART_FullModemConfigMode                 0x00025509   Thumb Code    48  lpc177x_8x_uart.o(.text)
    UART_FullModemGetStatus                  0x00025539   Thumb Code     4  lpc177x_8x_uart.o(.text)
    UART_RS485Config                         0x0002553d   Thumb Code    92  lpc177x_8x_uart.o(.text)
    UART_RS485ReceiverCmd                    0x00025599   Thumb Code    28  lpc177x_8x_uart.o(.text)
    UART_RS485Send                           0x000255b5   Thumb Code    56  lpc177x_8x_uart.o(.text)
    UART_RS485SendSlvAddr                    0x000255ed   Thumb Code    14  lpc177x_8x_uart.o(.text)
    UART_RS485SendData                       0x000255fb   Thumb Code     4  lpc177x_8x_uart.o(.text)
    UARTPutChar                              0x00025605   Thumb Code    14  debug_frmwrk.o(.text)
    UARTGetChar                              0x00025613   Thumb Code    22  debug_frmwrk.o(.text)
    UARTPuts                                 0x00025629   Thumb Code    30  debug_frmwrk.o(.text)
    UARTGetValue                             0x00025647   Thumb Code   298  debug_frmwrk.o(.text)
    UART3SEND                                0x00025771   Thumb Code    28  debug_frmwrk.o(.text)
    UARTPuts_                                0x0002578d   Thumb Code    20  debug_frmwrk.o(.text)
    UARTPutDec                               0x000257a1   Thumb Code    72  debug_frmwrk.o(.text)
    UARTPutDec16                             0x000257e9   Thumb Code   130  debug_frmwrk.o(.text)
    UARTPutDec32                             0x0002586b   Thumb Code   266  debug_frmwrk.o(.text)
    UARTPutHex_                              0x00025975   Thumb Code    44  debug_frmwrk.o(.text)
    UARTPutHex                               0x000259a1   Thumb Code    52  debug_frmwrk.o(.text)
    UARTPutHex16_                            0x000259d5   Thumb Code    44  debug_frmwrk.o(.text)
    UARTPutHex16                             0x00025a01   Thumb Code    52  debug_frmwrk.o(.text)
    UARTPutHex32_                            0x00025a35   Thumb Code    44  debug_frmwrk.o(.text)
    UARTPutHex32                             0x00025a61   Thumb Code    52  debug_frmwrk.o(.text)
    _printf                                  0x00025a95   Thumb Code    30  debug_frmwrk.o(.text)
    debug_frmwrk_init                        0x00025ab3   Thumb Code   304  debug_frmwrk.o(.text)
    Uart3_init                               0x00025be3   Thumb Code   108  debug_frmwrk.o(.text)
    Uart0RecTimeOut                          0x00025c4f   Thumb Code    38  debug_frmwrk.o(.text)
    UART0_IRQHandler                         0x00025c75   Thumb Code   104  debug_frmwrk.o(.text)
    BEBufToUint16                            0x00025cdd   Thumb Code    10  debug_frmwrk.o(.text)
    CRC16                                    0x00025ce7   Thumb Code    38  debug_frmwrk.o(.text)
    MODS_SendWithCRC                         0x00025d0d   Thumb Code    50  debug_frmwrk.o(.text)
    UART3_IRQHandler                         0x00025d3f   Thumb Code    48  debug_frmwrk.o(.text)
    RecHandle                                0x00025f4b   Thumb Code    18  debug_frmwrk.o(.text)
    PINSEL_ConfigPin                         0x00025fa1   Thumb Code    20  lpc177x_8x_pinsel.o(.text)
    PINSEL_SetPinMode                        0x00025fb5   Thumb Code    20  lpc177x_8x_pinsel.o(.text)
    PINSEL_SetHysMode                        0x00025fc9   Thumb Code    30  lpc177x_8x_pinsel.o(.text)
    PINSEL_SetSlewMode                       0x00025fe7   Thumb Code    30  lpc177x_8x_pinsel.o(.text)
    PINSEL_SetInBufMode                      0x00026005   Thumb Code    30  lpc177x_8x_pinsel.o(.text)
    PINSEL_SetI2CMode                        0x00026023   Thumb Code    22  lpc177x_8x_pinsel.o(.text)
    PINSEL_SetOpenDrainMode                  0x00026039   Thumb Code    30  lpc177x_8x_pinsel.o(.text)
    PINSEL_SetAnalogPinMode                  0x00026057   Thumb Code   104  lpc177x_8x_pinsel.o(.text)
    PINSEL_DacEnable                         0x000260bf   Thumb Code    36  lpc177x_8x_pinsel.o(.text)
    PINSEL_SetFilter                         0x000260e3   Thumb Code    48  lpc177x_8x_pinsel.o(.text)
    EEPROM_Init                              0x00026119   Thumb Code    90  lpc177x_8x_eeprom.o(.text)
    EEPROM_Write                             0x00026173   Thumb Code   220  lpc177x_8x_eeprom.o(.text)
    EEPROM_Read                              0x0002624f   Thumb Code   208  lpc177x_8x_eeprom.o(.text)
    EEPROM_Erase                             0x0002631f   Thumb Code    68  lpc177x_8x_eeprom.o(.text)
    EEPROM_PowerDown                         0x00026363   Thumb Code    24  lpc177x_8x_eeprom.o(.text)
    RTC_Init                                 0x0002638d   Thumb Code    28  lpc177x_8x_rtc.o(.text)
    RTC_DeInit                               0x000263a9   Thumb Code    12  lpc177x_8x_rtc.o(.text)
    RTC_ResetClockTickCounter                0x000263b5   Thumb Code    18  lpc177x_8x_rtc.o(.text)
    RTC_Cmd                                  0x000263c7   Thumb Code    24  lpc177x_8x_rtc.o(.text)
    RTC_CntIncrIntConfig                     0x000263df   Thumb Code   196  lpc177x_8x_rtc.o(.text)
    RTC_AlarmIntConfig                       0x000264a3   Thumb Code   196  lpc177x_8x_rtc.o(.text)
    RTC_SetTime                              0x00026567   Thumb Code   198  lpc177x_8x_rtc.o(.text)
    RTC_GetTime                              0x0002662d   Thumb Code    96  lpc177x_8x_rtc.o(.text)
    RTC_SetFullTime                          0x0002668d   Thumb Code    68  lpc177x_8x_rtc.o(.text)
    RTC_GetFullTime                          0x000266d1   Thumb Code    68  lpc177x_8x_rtc.o(.text)
    RTC_SetAlarmTime                         0x00026715   Thumb Code   200  lpc177x_8x_rtc.o(.text)
    RTC_GetAlarmTime                         0x000267dd   Thumb Code   100  lpc177x_8x_rtc.o(.text)
    RTC_SetFullAlarmTime                     0x00026841   Thumb Code    68  lpc177x_8x_rtc.o(.text)
    RTC_GetFullAlarmTime                     0x00026885   Thumb Code    68  lpc177x_8x_rtc.o(.text)
    RTC_GetIntPending                        0x000268c9   Thumb Code    14  lpc177x_8x_rtc.o(.text)
    RTC_ClearIntPending                      0x000268d7   Thumb Code     8  lpc177x_8x_rtc.o(.text)
    RTC_CalibCounterCmd                      0x000268df   Thumb Code    24  lpc177x_8x_rtc.o(.text)
    RTC_CalibConfig                          0x000268f7   Thumb Code    24  lpc177x_8x_rtc.o(.text)
    RTC_WriteGPREG                           0x0002690f   Thumb Code    10  lpc177x_8x_rtc.o(.text)
    RTC_ReadGPREG                            0x00026919   Thumb Code    10  lpc177x_8x_rtc.o(.text)
    GPDMA_Init                               0x00026925   Thumb Code    50  lpc177x_8x_gpdma.o(.text)
    GPDMA_Setup                              0x00026957   Thumb Code   448  lpc177x_8x_gpdma.o(.text)
    GPDMA_ChannelCmd                         0x00026b17   Thumb Code    30  lpc177x_8x_gpdma.o(.text)
    GPDMA_IntGetStatus                       0x00026b35   Thumb Code   108  lpc177x_8x_gpdma.o(.text)
    GPDMA_ClearIntPending                    0x00026ba1   Thumb Code    22  lpc177x_8x_gpdma.o(.text)
    FAT_GetFATType                           0x00026bcd   Thumb Code    34  usbhost_fat.o(.text)
    FAT_Init                                 0x00026bef   Thumb Code   238  usbhost_fat.o(.text)
    FAT_PutSFN                               0x00026cdd   Thumb Code   144  usbhost_fat.o(.text)
    FAT_ChkEntType                           0x00026d6d   Thumb Code    34  usbhost_fat.o(.text)
    FAT_GetFreeEntry                         0x00026d8f   Thumb Code    94  usbhost_fat.o(.text)
    FAT_StrCaseCmp                           0x00026ded   Thumb Code    62  usbhost_fat.o(.text)
    FAT_GetSfnExt                            0x00026e2b   Thumb Code    46  usbhost_fat.o(.text)
    FAT_GetSfnName                           0x00026e59   Thumb Code    36  usbhost_fat.o(.text)
    FAT_GetSFN                               0x00026e7d   Thumb Code    62  usbhost_fat.o(.text)
    FAT_FindEntry                            0x00026ebb   Thumb Code   152  usbhost_fat.o(.text)
    FAT_CreateEntry                          0x00026f53   Thumb Code    44  usbhost_fat.o(.text)
    FILE_Open                                0x00026f7f   Thumb Code    92  usbhost_fat.o(.text)
    FAT_ClusRead                             0x00026fdb   Thumb Code   198  usbhost_fat.o(.text)
    FAT_GetNextClus                          0x000270a1   Thumb Code    56  usbhost_fat.o(.text)
    FILE_Read                                0x000270d9   Thumb Code   174  usbhost_fat.o(.text)
    FAT_UpdateFAT                            0x00027187   Thumb Code    64  usbhost_fat.o(.text)
    FAT_GetFreeClus                          0x000271c7   Thumb Code    78  usbhost_fat.o(.text)
    FAT_ClusWrite                            0x00027215   Thumb Code   218  usbhost_fat.o(.text)
    FAT_GetEndClus                           0x000272ef   Thumb Code    26  usbhost_fat.o(.text)
    FILE_Write                               0x00027309   Thumb Code   232  usbhost_fat.o(.text)
    FAT_UpdateEntry                          0x000273f1   Thumb Code    48  usbhost_fat.o(.text)
    FILE_Close                               0x00027421   Thumb Code    68  usbhost_fat.o(.text)
    Host_DelayUS                             0x0002746d   Thumb Code    24  usbhost_lpc17xx.o(.text)
    Host_DelayMS                             0x00027485   Thumb Code    34  usbhost_lpc17xx.o(.text)
    Host_HCCAInit                            0x000274a7   Thumb Code    24  usbhost_lpc17xx.o(.text)
    Host_TDInit                              0x000274bf   Thumb Code    12  usbhost_lpc17xx.o(.text)
    Host_EDInit                              0x000274cb   Thumb Code    12  usbhost_lpc17xx.o(.text)
    Host_Init                                0x000274d7   Thumb Code   336  usbhost_lpc17xx.o(.text)
    USB_IRQHandler                           0x00027627   Thumb Code   210  usbhost_lpc17xx.o(.text)
    Host_WDHWait                             0x000276f9   Thumb Code    14  usbhost_lpc17xx.o(.text)
    Host_ProcessTD                           0x00027707   Thumb Code   152  usbhost_lpc17xx.o(.text)
    WriteLE16U                               0x0002779f   Thumb Code    16  usbhost_lpc17xx.o(.text)
    Host_FillSetup                           0x000277af   Thumb Code    68  usbhost_lpc17xx.o(.text)
    Host_CtrlSend                            0x000277f3   Thumb Code    68  usbhost_lpc17xx.o(.text)
    ReadLE16U                                0x00027837   Thumb Code    20  usbhost_lpc17xx.o(.text)
    Host_CtrlRecv                            0x0002784b   Thumb Code    68  usbhost_lpc17xx.o(.text)
    Host_EnumDev                             0x0002788f   Thumb Code   320  usbhost_lpc17xx.o(.text)
    ReadLE32U                                0x000279cf   Thumb Code    30  usbhost_lpc17xx.o(.text)
    WriteLE32U                               0x000279ed   Thumb Code    28  usbhost_lpc17xx.o(.text)
    ReadBE32U                                0x00027a09   Thumb Code    30  usbhost_lpc17xx.o(.text)
    WriteBE32U                               0x00027a27   Thumb Code    28  usbhost_lpc17xx.o(.text)
    ReadBE16U                                0x00027a43   Thumb Code    20  usbhost_lpc17xx.o(.text)
    WriteBE16U                               0x00027a57   Thumb Code    16  usbhost_lpc17xx.o(.text)
    Fill_MSCommand                           0x00027a69   Thumb Code   146  usbhost_ms.o(.text)
    MS_Inquire                               0x00027afb   Thumb Code   124  usbhost_ms.o(.text)
    MS_ReadCapacity                          0x00027b77   Thumb Code   124  usbhost_ms.o(.text)
    MS_GetSenseInfo                          0x00027bf3   Thumb Code    96  usbhost_ms.o(.text)
    MS_TestUnitReady                         0x00027c53   Thumb Code    76  usbhost_ms.o(.text)
    MS_GetMaxLUN                             0x00027c9f   Thumb Code    26  usbhost_ms.o(.text)
    MS_Init                                  0x00027cb9   Thumb Code    66  usbhost_ms.o(.text)
    MS_ParseConfiguration                    0x00027cfb   Thumb Code   194  usbhost_ms.o(.text)
    MS_BulkRecv                              0x00027dbd   Thumb Code   126  usbhost_ms.o(.text)
    MS_BulkSend                              0x00027e3b   Thumb Code   132  usbhost_ms.o(.text)
    RTC_IRQHandler                           0x00027ec5   Thumb Code    42  rtc.o(.text)
    RTC_INT                                  0x00027eef   Thumb Code    44  rtc.o(.text)
    disk_initialize                          0x00027f2d   Thumb Code    46  diskio.o(.text)
    disk_status                              0x00027f5b   Thumb Code    28  diskio.o(.text)
    disk_read                                0x00027f77   Thumb Code    60  diskio.o(.text)
    disk_write                               0x00027fb3   Thumb Code    56  diskio.o(.text)
    disk_ioctl                               0x00027feb   Thumb Code    46  diskio.o(.text)
    get_fattime                              0x00028019   Thumb Code     4  diskio.o(.text)
    clust2sect                               0x000281a1   Thumb Code    24  ff.o(.text)
    get_fat                                  0x000281b9   Thumb Code   200  ff.o(.text)
    put_fat                                  0x00028281   Thumb Code   246  ff.o(.text)
    f_mount                                  0x00028cc7   Thumb Code    30  ff.o(.text)
    f_open                                   0x00028ce5   Thumb Code   358  ff.o(.text)
    f_read                                   0x00028e4b   Thumb Code   378  ff.o(.text)
    f_write                                  0x00028fc5   Thumb Code   454  ff.o(.text)
    f_sync                                   0x0002918b   Thumb Code   164  ff.o(.text)
    f_close                                  0x0002922f   Thumb Code    20  ff.o(.text)
    f_lseek                                  0x00029243   Thumb Code   374  ff.o(.text)
    f_opendir                                0x000293b9   Thumb Code    96  ff.o(.text)
    f_readdir                                0x00029419   Thumb Code    82  ff.o(.text)
    f_stat                                   0x0002946b   Thumb Code    58  ff.o(.text)
    f_getfree                                0x000294a5   Thumb Code   226  ff.o(.text)
    f_truncate                               0x00029587   Thumb Code   146  ff.o(.text)
    f_unlink                                 0x00029619   Thumb Code   164  ff.o(.text)
    f_mkdir                                  0x000296bd   Thumb Code   380  ff.o(.text)
    f_chmod                                  0x00029839   Thumb Code    74  ff.o(.text)
    f_utime                                  0x00029883   Thumb Code    80  ff.o(.text)
    f_rename                                 0x000298d3   Thumb Code   280  ff.o(.text)
    __aeabi_uldivmod                         0x000299eb   Thumb Code    98  uldiv.o(.text)
    __aeabi_memcpy                           0x00029a4d   Thumb Code    36  memcpya.o(.text)
    __aeabi_memcpy4                          0x00029a4d   Thumb Code     0  memcpya.o(.text)
    __aeabi_memcpy8                          0x00029a4d   Thumb Code     0  memcpya.o(.text)
    __aeabi_memset                           0x00029a71   Thumb Code    14  memseta.o(.text)
    __aeabi_memset4                          0x00029a71   Thumb Code     0  memseta.o(.text)
    __aeabi_memset8                          0x00029a71   Thumb Code     0  memseta.o(.text)
    __aeabi_memclr                           0x00029a7f   Thumb Code     4  memseta.o(.text)
    __aeabi_memclr4                          0x00029a7f   Thumb Code     0  memseta.o(.text)
    __aeabi_memclr8                          0x00029a7f   Thumb Code     0  memseta.o(.text)
    _memset$wrapper                          0x00029a83   Thumb Code    18  memseta.o(.text)
    strcat                                   0x00029a95   Thumb Code    24  strcat.o(.text)
    strcmp                                   0x00029aad   Thumb Code    28  strcmp.o(.text)
    strcpy                                   0x00029ac9   Thumb Code    18  strcpy.o(.text)
    __aeabi_fadd                             0x00029adb   Thumb Code   164  fadd.o(.text)
    __aeabi_fsub                             0x00029b7f   Thumb Code     6  fadd.o(.text)
    __aeabi_frsub                            0x00029b85   Thumb Code     6  fadd.o(.text)
    __aeabi_fmul                             0x00029b8b   Thumb Code   100  fmul.o(.text)
    __aeabi_fdiv                             0x00029bef   Thumb Code   124  fdiv.o(.text)
    __aeabi_dadd                             0x00029c6b   Thumb Code   322  dadd.o(.text)
    __aeabi_dsub                             0x00029dad   Thumb Code     6  dadd.o(.text)
    __aeabi_drsub                            0x00029db3   Thumb Code     6  dadd.o(.text)
    __aeabi_dmul                             0x00029db9   Thumb Code   228  dmul.o(.text)
    __aeabi_ddiv                             0x00029e9d   Thumb Code   222  ddiv.o(.text)
    __aeabi_ui2f                             0x00029f7b   Thumb Code    10  ffltui.o(.text)
    __aeabi_i2d                              0x00029f85   Thumb Code    34  dflti.o(.text)
    __aeabi_ui2d                             0x00029fa7   Thumb Code    26  dfltui.o(.text)
    __aeabi_f2iz                             0x00029fc1   Thumb Code    50  ffixi.o(.text)
    __aeabi_f2uiz                            0x00029ff3   Thumb Code    40  ffixui.o(.text)
    __aeabi_d2uiz                            0x0002a01b   Thumb Code    50  dfixui.o(.text)
    __aeabi_f2d                              0x0002a04d   Thumb Code    38  f2d.o(.text)
    __aeabi_cdcmpeq                          0x0002a075   Thumb Code     0  cdcmple.o(.text)
    __aeabi_cdcmple                          0x0002a075   Thumb Code    48  cdcmple.o(.text)
    __aeabi_cdrcmple                         0x0002a0a5   Thumb Code    48  cdrcmple.o(.text)
    __aeabi_d2f                              0x0002a0d5   Thumb Code    56  d2f.o(.text)
    __aeabi_cfcmpeq                          0x0002a10d   Thumb Code     0  cfcmple.o(.text)
    __aeabi_cfcmple                          0x0002a10d   Thumb Code    20  cfcmple.o(.text)
    __aeabi_cfrcmple                         0x0002a121   Thumb Code    20  cfrcmple.o(.text)
    __aeabi_uidiv                            0x0002a135   Thumb Code     0  uidiv.o(.text)
    __aeabi_uidivmod                         0x0002a135   Thumb Code    44  uidiv.o(.text)
    __aeabi_llsl                             0x0002a161   Thumb Code    30  llshl.o(.text)
    _ll_shift_l                              0x0002a161   Thumb Code     0  llshl.o(.text)
    __aeabi_llsr                             0x0002a17f   Thumb Code    32  llushr.o(.text)
    _ll_ushift_r                             0x0002a17f   Thumb Code     0  llushr.o(.text)
    __aeabi_lasr                             0x0002a19f   Thumb Code    36  llsshr.o(.text)
    _ll_sshift_r                             0x0002a19f   Thumb Code     0  llsshr.o(.text)
    __I$use$fp                               0x0002a1c3   Thumb Code     0  iusefp.o(.text)
    _float_round                             0x0002a1c3   Thumb Code    18  fepilogue.o(.text)
    _float_epilogue                          0x0002a1d5   Thumb Code    92  fepilogue.o(.text)
    _double_round                            0x0002a231   Thumb Code    30  depilogue.o(.text)
    _double_epilogue                         0x0002a24f   Thumb Code   156  depilogue.o(.text)
    __ARM_scalbn                             0x0002a2eb   Thumb Code    46  dscalb.o(.text)
    scalbn                                   0x0002a2eb   Thumb Code     0  dscalb.o(.text)
    __aeabi_d2ulz                            0x0002a319   Thumb Code    48  dfixul.o(.text)
    __scatterload                            0x0002a349   Thumb Code    28  init.o(.text)
    __scatterload_rt2                        0x0002a349   Thumb Code     0  init.o(.text)
    _dsqrt                                   0x0002a36d   Thumb Code   162  dsqrt.o(.text)
    __decompress                             0x0002a40f   Thumb Code     0  __dczerorl2.o(.text)
    __decompress1                            0x0002a40f   Thumb Code    86  __dczerorl2.o(.text)
    __0sprintf$6                             0x0002a465   Thumb Code    34  printf6.o(i.__0sprintf$6)
    __1sprintf$6                             0x0002a465   Thumb Code     0  printf6.o(i.__0sprintf$6)
    __2sprintf                               0x0002a465   Thumb Code     0  printf6.o(i.__0sprintf$6)
    __0vsprintf                              0x0002a48d   Thumb Code    30  printfa.o(i.__0vsprintf)
    __1vsprintf                              0x0002a48d   Thumb Code     0  printfa.o(i.__0vsprintf)
    __2vsprintf                              0x0002a48d   Thumb Code     0  printfa.o(i.__0vsprintf)
    __c89vsprintf                            0x0002a48d   Thumb Code     0  printfa.o(i.__0vsprintf)
    vsprintf                                 0x0002a48d   Thumb Code     0  printfa.o(i.__0vsprintf)
    __ARM_fpclassify                         0x0002a4b1   Thumb Code    40  fpclassify.o(i.__ARM_fpclassify)
    __kernel_poly                            0x0002a4d9   Thumb Code   170  poly.o(i.__kernel_poly)
    __mathlib_dbl_divzero                    0x0002a585   Thumb Code    12  dunder.o(i.__mathlib_dbl_divzero)
    __mathlib_dbl_infnan2                    0x0002a595   Thumb Code     4  dunder.o(i.__mathlib_dbl_infnan2)
    __mathlib_dbl_invalid                    0x0002a599   Thumb Code    12  dunder.o(i.__mathlib_dbl_invalid)
    __mathlib_dbl_overflow                   0x0002a5a5   Thumb Code    14  dunder.o(i.__mathlib_dbl_overflow)
    __mathlib_dbl_underflow                  0x0002a5b5   Thumb Code    10  dunder.o(i.__mathlib_dbl_underflow)
    __scatterload_copy                       0x0002a5c5   Thumb Code    14  handlers.o(i.__scatterload_copy)
    __scatterload_null                       0x0002a5d3   Thumb Code     2  handlers.o(i.__scatterload_null)
    __scatterload_zeroinit                   0x0002a5d5   Thumb Code    14  handlers.o(i.__scatterload_zeroinit)
    __set_errno                              0x0002a5e5   Thumb Code     6  errno.o(i.__set_errno)
    pow                                      0x0002b1f9   Thumb Code  2512  pow.o(i.pow)
    sqrt                                     0x0002bbd1   Thumb Code    76  sqrt.o(i.sqrt)
    GB_21                                    0x0002bc1c   Data        7735  lpc177x_8x_lcd.o(.constdata)
    GB_16                                    0x0002da53   Data        5950  lpc177x_8x_lcd.o(.constdata)
    LogoStream                               0x0002f194   Data        1440  logo.o(.constdata)
    _C                                       0x000301a4   Data         280  asciilib.o(.constdata)
    _p                                       0x000302bc   Data         280  asciilib.o(.constdata)
    _num                                     0x000303d4   Data        2944  asciilib.o(.constdata)
    Out_Assic                                0x00030f54   Data        7720  asciilib.o(.constdata)
    nBitmapDot                               0x00032d7c   Data         144  asciilib.o(.constdata)
    User_LimitList_Value                     0x00032e14   Data           8  use_disp.o(.constdata)
    Num_1                                    0x00032e1c   Data          81  use_disp.o(.constdata)
    Test_Setitem                             0x00032e6d   Data          60  use_disp.o(.constdata)
    Test_Setitem_E                           0x00032ea9   Data          90  use_disp.o(.constdata)
    Test_Tirpvalue                           0x00032f03   Data          14  use_disp.o(.constdata)
    Test_Tirpvalue_E                         0x00032f11   Data          14  use_disp.o(.constdata)
    Test_Speedvalue                          0x00032f1f   Data          21  use_disp.o(.constdata)
    Test_Speedvalue_E                        0x00032f34   Data          21  use_disp.o(.constdata)
    Test_Compvalue                           0x00032f49   Data          14  use_disp.o(.constdata)
    Comm_Mode                                0x00032f57   Data          14  use_disp.o(.constdata)
    Comm_Mode_E                              0x00032f65   Data          14  use_disp.o(.constdata)
    Test_Compvalue_E                         0x00032f73   Data          14  use_disp.o(.constdata)
    Disp_VR                                  0x00032f81   Data          21  use_disp.o(.constdata)
    Disp_VR_E                                0x00032f96   Data          21  use_disp.o(.constdata)
    User_FUNC                                0x00032fab   Data         216  use_disp.o(.constdata)
    RangeDisp_Main                           0x00033083   Data          92  use_disp.o(.constdata)
    RangeDisp_Second                         0x000330df   Data          92  use_disp.o(.constdata)
    Fun_SelectValue                          0x0003313b   Data          28  use_disp.o(.constdata)
    User_Freq                                0x00033157   Data         451  use_disp.o(.constdata)
    Setup_Beep                               0x0003331a   Data          28  use_disp.o(.constdata)
    Setup_Beep_E                             0x00033336   Data          48  use_disp.o(.constdata)
    Setup_Beep1                              0x00033366   Data          32  use_disp.o(.constdata)
    Setup_Beep1_E                            0x00033386   Data          48  use_disp.o(.constdata)
    User_Level                               0x000333b6   Data          33  use_disp.o(.constdata)
    User_Range                               0x000333d7   Data          88  use_disp.o(.constdata)
    Debug_V                                  0x0003342f   Data          66  use_disp.o(.constdata)
    Auto_Range                               0x00033471   Data          88  use_disp.o(.constdata)
    RangeButton_Tip                          0x000334c9   Data          24  use_disp.o(.constdata)
    BiasButton_Tip                           0x000334e1   Data          16  use_disp.o(.constdata)
    User_Speed                               0x000334f1   Data          33  use_disp.o(.constdata)
    User_Comp                                0x00033512   Data          22  use_disp.o(.constdata)
    Limit_Scan_Fun                           0x00033528   Data          10  use_disp.o(.constdata)
    Limit_Scan_Page                          0x00033532   Data          14  use_disp.o(.constdata)
    Limit_Scan_Page_E                        0x00033540   Data          14  use_disp.o(.constdata)
    Switch_Value                             0x0003354e   Data          10  use_disp.o(.constdata)
    Range_Item                               0x00033558   Data          56  use_disp.o(.constdata)
    Range_Item_E                             0x00033590   Data          56  use_disp.o(.constdata)
    Set_testitem                             0x000335c8   Data         180  use_disp.o(.constdata)
    Set_testitem_E                           0x0003367c   Data         180  use_disp.o(.constdata)
    VERITEM                                  0x00033730   Data          30  use_disp.o(.constdata)
    Sys_Sys                                  0x0003374e   Data         420  use_disp.o(.constdata)
    Sys_Sys_E                                0x000338f2   Data         420  use_disp.o(.constdata)
    Sys_Sys1                                 0x00033a96   Data         420  use_disp.o(.constdata)
    Sys_Sys1_E                               0x00033c3a   Data         420  use_disp.o(.constdata)
    Sys_Setitem                              0x00033dde   Data          88  use_disp.o(.constdata)
    Sys_Setitem_E                            0x00033e36   Data          88  use_disp.o(.constdata)
    All_TopName                              0x00033e8e   Data         242  use_disp.o(.constdata)
    All_TopName_E                            0x00033f80   Data         242  use_disp.o(.constdata)
    Range_Count_Item                         0x00034072   Data          21  use_disp.o(.constdata)
    Range_Count_Item_E                       0x00034087   Data          21  use_disp.o(.constdata)
    User_Check_main                          0x0003409c   Data          39  use_disp.o(.constdata)
    User_Check_main_E                        0x000340c3   Data          39  use_disp.o(.constdata)
    User_LimitList_Item                      0x000340ea   Data          48  use_disp.o(.constdata)
    User_LimitList_Item_E                    0x0003411a   Data          48  use_disp.o(.constdata)
    User_LimitList_Item2                     0x0003414a   Data          44  use_disp.o(.constdata)
    User_ListScan_Item                       0x00034176   Data          63  use_disp.o(.constdata)
    User_ListScan_Item_E                     0x000341b5   Data          63  use_disp.o(.constdata)
    Sys_Language_Value                       0x000341f4   Data          16  use_disp.o(.constdata)
    Sys_Buard_Value                          0x00034204   Data          56  use_disp.o(.constdata)
    Set_Unit                                 0x0003423c   Data          60  use_disp.o(.constdata)
    Disp_Unit                                0x00034278   Data          21  use_disp.o(.constdata)
    Disp_Range_Main_NUm                      0x0003428d   Data          24  use_disp.o(.constdata)
    Disp_Range_Main_Disp                     0x000342a5   Data          18  use_disp.o(.constdata)
    Scan_Value                               0x000342ce   Data           8  key.o(.constdata)
    USB_dISPVALUE                            0x000342d6   Data          54  test.o(.constdata)
    Disp_Main_Ord                            0x0003430c   Data          81  test.o(.constdata)
    s_CRCLo                                  0x0003445d   Data         256  debug_frmwrk.o(.constdata)
    GPDMA_LUTPerAddr                         0x00034560   Data         128  lpc177x_8x_gpdma.o(.constdata)
    GPDMA_LUTPerBurst                        0x000345e0   Data          32  lpc177x_8x_gpdma.o(.constdata)
    GPDMA_LUTPerWid                          0x00034600   Data          32  lpc177x_8x_gpdma.o(.constdata)
    __mathlib_zero                           0x000346a8   Data           8  qnan.o(.constdata)
    Region$$Table$$Base                      0x00034728   Number         0  anon$$obj.o(Region$$Table)
    Region$$Table$$Limit                     0x00034748   Number         0  anon$$obj.o(Region$$Table)
    timer0_counter                           0x10000000   Data           4  timer.o(.data)
    timer1_counter                           0x10000004   Data           4  timer.o(.data)
    timer2_counter                           0x10000008   Data           4  timer.o(.data)
    timer3_counter                           0x1000000c   Data           4  timer.o(.data)
    stable_counter                           0x10000010   Data           4  timer.o(.data)
    Colour                                   0x10000014   Data           8  lpc177x_8x_lcd.o(.data)
    LogoPic                                  0x1000001c   Data          28  logo.o(.data)
    negvalm                                  0x10000038   Data           1  use_disp.o(.data)
    SysTickCnt                               0x10000040   Data           4  key.o(.data)
    nodisp_v_flag                            0x10000048   Data           1  test.o(.data)
    trip_flag                                0x10000049   Data           1  test.o(.data)
    res                                      0x1000004a   Data           1  test.o(.data)
    u3sendflag                               0x1000004b   Data           1  test.o(.data)
    g_mods_timeout                           0x1000004c   Data           1  test.o(.data)
    powerontest                              0x1000004d   Data           1  test.o(.data)
    testtimingflag                           0x1000004e   Data           1  test.o(.data)
    stabletime                               0x10000052   Data           2  test.o(.data)
    PASSWORD                                 0x10000054   Data           4  test.o(.data)
    Tick_10ms                                0x10000058   Data           4  test.o(.data)
    br                                       0x10000060   Data           4  test.o(.data)
    uartresdelay                             0x10000064   Data           4  test.o(.data)
    OldTick                                  0x10000068   Data           4  test.o(.data)
    keynum                                   0x1000006c   Data           4  test.o(.data)
    rangenum                                 0x10000070   Data           5  test.o(.data)
    filtersize                               0x10000076   Data           6  test.o(.data)
    dispfilter                               0x1000007c   Data           6  test.o(.data)
    x1                                       0x100000b8   Data           8  test.o(.data)
    y1                                       0x100000c0   Data           8  test.o(.data)
    x2                                       0x100000c8   Data           8  test.o(.data)
    y2                                       0x100000d0   Data           8  test.o(.data)
    maxv                                     0x100000d8   Data          40  test.o(.data)
    maxvdisp                                 0x10000100   Data          40  test.o(.data)
    maxvdot                                  0x10000128   Data          40  test.o(.data)
    vwatch                                   0x10000150   Data           4  test.o(.data)
    timing                                   0x10000154   Data           4  test.o(.data)
    Rtc_intflag                              0x10000158   Data           1  globalvalue.o(.data)
    Test_Unit                                0x10000159   Data           3  globalvalue.o(.data)
    clear_flag                               0x1000015c   Data           4  globalvalue.o(.data)
    Usb_Open_flag                            0x10000160   Data           4  globalvalue.o(.data)
    softswitch                               0x10000164   Data           4  globalvalue.o(.data)
    Uart_Send_Flag                           0x10000168   Data           1  globalvalue.o(.data)
    usb_oenflag                              0x10000169   Data           1  globalvalue.o(.data)
    SystemStatus                             0x1000016c   Data           4  globalvalue.o(.data)
    missflag                                 0x10000170   Data           1  dma.o(.data)
    SystemCoreClock                          0x10000174   Data           4  system_lpc177x_8x.o(.data)
    PeripheralClock                          0x10000178   Data           4  system_lpc177x_8x.o(.data)
    EMCClock                                 0x1000017c   Data           4  system_lpc177x_8x.o(.data)
    USBClock                                 0x10000180   Data           4  system_lpc177x_8x.o(.data)
    vflag                                    0x10000185   Data           1  debug_frmwrk.o(.data)
    _db_msg                                  0x10000190   Data           4  debug_frmwrk.o(.data)
    _db_msg_                                 0x10000194   Data           4  debug_frmwrk.o(.data)
    _db_char                                 0x10000198   Data           4  debug_frmwrk.o(.data)
    _db_dec                                  0x1000019c   Data           4  debug_frmwrk.o(.data)
    _db_dec_16                               0x100001a0   Data           4  debug_frmwrk.o(.data)
    _db_dec_32                               0x100001a4   Data           4  debug_frmwrk.o(.data)
    _db_hex                                  0x100001a8   Data           4  debug_frmwrk.o(.data)
    _db_hex_16                               0x100001ac   Data           4  debug_frmwrk.o(.data)
    _db_hex_32                               0x100001b0   Data           4  debug_frmwrk.o(.data)
    _db_hex_                                 0x100001b4   Data           4  debug_frmwrk.o(.data)
    _db_hex_16_                              0x100001b8   Data           4  debug_frmwrk.o(.data)
    _db_hex_32_                              0x100001bc   Data           4  debug_frmwrk.o(.data)
    _db_get_char                             0x100001c0   Data           4  debug_frmwrk.o(.data)
    _db_get_val                              0x100001c4   Data           4  debug_frmwrk.o(.data)
    pGPDMACh                                 0x100001c8   Data          32  lpc177x_8x_gpdma.o(.data)
    HOST_TDControlStatus                     0x100001e8   Data           1  usbhost_lpc17xx.o(.data)
    HOST_RhscIntr                            0x100001ec   Data           4  usbhost_lpc17xx.o(.data)
    HOST_WdhIntr                             0x100001f0   Data           4  usbhost_lpc17xx.o(.data)
    UnrecoverableIntCount                    0x100001f4   Data           4  usbhost_lpc17xx.o(.data)
    gUSBConnected                            0x100001f8   Data           4  usbhost_lpc17xx.o(.data)
    EDCtrl                                   0x100001fc   Data           4  usbhost_lpc17xx.o(.data)
    EDBulkIn                                 0x10000200   Data           4  usbhost_lpc17xx.o(.data)
    EDBulkOut                                0x10000204   Data           4  usbhost_lpc17xx.o(.data)
    TDHead                                   0x10000208   Data           4  usbhost_lpc17xx.o(.data)
    TDTail                                   0x1000020c   Data           4  usbhost_lpc17xx.o(.data)
    Hcca                                     0x10000210   Data           4  usbhost_lpc17xx.o(.data)
    TDBuffer                                 0x10000214   Data           4  usbhost_lpc17xx.o(.data)
    FATBuffer                                0x10000218   Data           4  usbhost_lpc17xx.o(.data)
    UserBuffer                               0x1000021c   Data           4  usbhost_lpc17xx.o(.data)
    MS_BlkSize                               0x10000224   Data           4  usbhost_ms.o(.data)
    numBlks                                  0x10000228   Data           4  diskio.o(.data)
    blkSize                                  0x1000022c   Data           4  diskio.o(.data)
    fs                                       0x1000023c   Data         560  test.o(.bss)
    fsrc                                     0x1000046c   Data         548  test.o(.bss)
    g_tModS                                  0x10000690   Data         163  test.o(.bss)
    Rfilter                                  0x10000734   Data        1212  test.o(.bss)
    Vfilter                                  0x10000bf0   Data        1212  test.o(.bss)
    colorbuf                                 0x100010ac   Data        1920  test.o(.bss)
    bmpname                                  0x1000182c   Data          30  test.o(.bss)
    Save_Res                                 0x10001850   Data         680  globalvalue.o(.bss)
    SaveData                                 0x10001af8   Data       16068  globalvalue.o(.bss)
    Saveeeprom                               0x100059bc   Data         676  globalvalue.o(.bss)
    Test_Dispvalue                           0x10005c60   Data         224  globalvalue.o(.bss)
    Comp_Testvalue                           0x10005d40   Data          96  globalvalue.o(.bss)
    Comp_Change                              0x10005da0   Data          80  globalvalue.o(.bss)
    Send_buff2                               0x10005df0   Data          30  globalvalue.o(.bss)
    RTC_TIME_DISP                            0x10005e10   Data          32  globalvalue.o(.bss)
    Count_buff                               0x10005e30   Data          48  globalvalue.o(.bss)
    DispBuf                                  0x10005e60   Data          12  globalvalue.o(.bss)
    DMADest_Buffer                           0x10005e6c   Data          11  dma.o(.bss)
    GPDMACfg                                 0x10005e78   Data          36  dma.o(.bss)
    GPDMACfg1                                0x10005e9c   Data          36  dma.o(.bss)
    GPDMACfg2                                0x10005ec0   Data          36  dma.o(.bss)
    ComBuf                                   0x100060e8   Data         100  debug_frmwrk.o(.bss)
    ComBuf3                                  0x1000614c   Data         100  debug_frmwrk.o(.bss)
    inquiryResult                            0x100063b8   Data          36  diskio.o(.bss)
    __initial_sp                             0x100065e0   Data           0  startup_lpc177x_8x.o(STACK)



==============================================================================

Memory Map of the image

  Image Entry point : 0x000180e5

  Load Region LR_IROM1 (Base: 0x00018000, Size: 0x0001c984, Max: 0x00080000, ABSOLUTE, COMPRESSED[0x0001c7c8])

    Execution Region ER_IROM1 (Exec base: 0x00018000, Load base: 0x00018000, Size: 0x0001c748, Max: 0x00080000, ABSOLUTE)

    Exec Addr    Load Addr    Size         Type   Attr      Idx    E Section Name        Object

    0x00018000   0x00018000   0x000000e4   Data   RO          617    RESET               startup_lpc177x_8x.o
    0x000180e4   0x000180e4   0x00000000   Code   RO          999  * .ARM.Collect$$$$00000000  mc_w.l(entry.o)
    0x000180e4   0x000180e4   0x00000004   Code   RO         1340    .ARM.Collect$$$$00000001  mc_w.l(entry2.o)
    0x000180e8   0x000180e8   0x00000004   Code   RO         1343    .ARM.Collect$$$$00000004  mc_w.l(entry5.o)
    0x000180ec   0x000180ec   0x00000000   Code   RO         1345    .ARM.Collect$$$$00000008  mc_w.l(entry7b.o)
    0x000180ec   0x000180ec   0x00000000   Code   RO         1347    .ARM.Collect$$$$0000000A  mc_w.l(entry8b.o)
    0x000180ec   0x000180ec   0x00000008   Code   RO         1348    .ARM.Collect$$$$0000000B  mc_w.l(entry9a.o)
    0x000180f4   0x000180f4   0x00000000   Code   RO         1350    .ARM.Collect$$$$0000000D  mc_w.l(entry10a.o)
    0x000180f4   0x000180f4   0x00000000   Code   RO         1352    .ARM.Collect$$$$0000000F  mc_w.l(entry11a.o)
    0x000180f4   0x000180f4   0x00000004   Code   RO         1341    .ARM.Collect$$$$00002712  mc_w.l(entry2.o)
    0x000180f8   0x000180f8   0x000001e4   Code   RO            2    .text               ex_sdram.o
    0x000182dc   0x000182dc   0x000002d4   Code   RO           54    .text               main.o
    0x000185b0   0x000185b0   0x00000258   Code   RO          164    .text               timer.o
    0x00018808   0x00018808   0x00000b60   Code   RO          195    .text               lpc177x_8x_lcd.o
    0x00019368   0x00019368   0x00000030   Code   RO          249    .text               asciilib.o
    0x00019398   0x00019398   0x000062e2   Code   RO          294    .text               use_disp.o
    0x0001f67a   0x0001f67a   0x00000002   PAD
    0x0001f67c   0x0001f67c   0x000004f0   Code   RO          397    .text               key.o
    0x0001fb6c   0x0001fb6c   0x000049d0   Code   RO          458    .text               test.o
    0x0002453c   0x0002453c   0x0000003c   Code   RO          529    .text               globalvalue.o
    0x00024578   0x00024578   0x00000318   Code   RO          580    .text               dma.o
    0x00024890   0x00024890   0x00000024   Code   RO          618    .text               startup_lpc177x_8x.o
    0x000248b4   0x000248b4   0x00000280   Code   RO          623    .text               system_lpc177x_8x.o
    0x00024b34   0x00024b34   0x00000324   Code   RO          651    .text               lpc177x_8x_gpio.o
    0x00024e58   0x00024e58   0x000000e4   Code   RO          686    .text               lpc177x_8x_clkpwr.o
    0x00024f3c   0x00024f3c   0x000006c8   Code   RO          722    .text               lpc177x_8x_uart.o
    0x00025604   0x00025604   0x00000990   Code   RO          738    .text               debug_frmwrk.o
    0x00025f94   0x00025f94   0x00000184   Code   RO          768    .text               lpc177x_8x_pinsel.o
    0x00026118   0x00026118   0x00000274   Code   RO          784    .text               lpc177x_8x_eeprom.o
    0x0002638c   0x0002638c   0x00000596   Code   RO          800    .text               lpc177x_8x_rtc.o
    0x00026922   0x00026922   0x00000002   PAD
    0x00026924   0x00026924   0x000002a8   Code   RO          816    .text               lpc177x_8x_gpdma.o
    0x00026bcc   0x00026bcc   0x000008a0   Code   RO          839    .text               usbhost_fat.o
    0x0002746c   0x0002746c   0x000005fa   Code   RO          857    .text               usbhost_lpc17xx.o
    0x00027a66   0x00027a66   0x00000002   PAD
    0x00027a68   0x00027a68   0x0000045c   Code   RO          891    .text               usbhost_ms.o
    0x00027ec4   0x00027ec4   0x00000068   Code   RO          913    .text               rtc.o
    0x00027f2c   0x00027f2c   0x00000100   Code   RO          932    .text               diskio.o
    0x0002802c   0x0002802c   0x000019be   Code   RO          965    .text               ff.o
    0x000299ea   0x000299ea   0x00000062   Code   RO         1002    .text               mc_w.l(uldiv.o)
    0x00029a4c   0x00029a4c   0x00000024   Code   RO         1004    .text               mc_w.l(memcpya.o)
    0x00029a70   0x00029a70   0x00000024   Code   RO         1006    .text               mc_w.l(memseta.o)
    0x00029a94   0x00029a94   0x00000018   Code   RO         1008    .text               mc_w.l(strcat.o)
    0x00029aac   0x00029aac   0x0000001c   Code   RO         1010    .text               mc_w.l(strcmp.o)
    0x00029ac8   0x00029ac8   0x00000012   Code   RO         1012    .text               mc_w.l(strcpy.o)
    0x00029ada   0x00029ada   0x000000b0   Code   RO         1277    .text               mf_w.l(fadd.o)
    0x00029b8a   0x00029b8a   0x00000064   Code   RO         1279    .text               mf_w.l(fmul.o)
    0x00029bee   0x00029bee   0x0000007c   Code   RO         1281    .text               mf_w.l(fdiv.o)
    0x00029c6a   0x00029c6a   0x0000014e   Code   RO         1283    .text               mf_w.l(dadd.o)
    0x00029db8   0x00029db8   0x000000e4   Code   RO         1285    .text               mf_w.l(dmul.o)
    0x00029e9c   0x00029e9c   0x000000de   Code   RO         1287    .text               mf_w.l(ddiv.o)
    0x00029f7a   0x00029f7a   0x0000000a   Code   RO         1289    .text               mf_w.l(ffltui.o)
    0x00029f84   0x00029f84   0x00000022   Code   RO         1291    .text               mf_w.l(dflti.o)
    0x00029fa6   0x00029fa6   0x0000001a   Code   RO         1293    .text               mf_w.l(dfltui.o)
    0x00029fc0   0x00029fc0   0x00000032   Code   RO         1295    .text               mf_w.l(ffixi.o)
    0x00029ff2   0x00029ff2   0x00000028   Code   RO         1297    .text               mf_w.l(ffixui.o)
    0x0002a01a   0x0002a01a   0x00000032   Code   RO         1299    .text               mf_w.l(dfixui.o)
    0x0002a04c   0x0002a04c   0x00000026   Code   RO         1301    .text               mf_w.l(f2d.o)
    0x0002a072   0x0002a072   0x00000002   PAD
    0x0002a074   0x0002a074   0x00000030   Code   RO         1303    .text               mf_w.l(cdcmple.o)
    0x0002a0a4   0x0002a0a4   0x00000030   Code   RO         1305    .text               mf_w.l(cdrcmple.o)
    0x0002a0d4   0x0002a0d4   0x00000038   Code   RO         1307    .text               mf_w.l(d2f.o)
    0x0002a10c   0x0002a10c   0x00000014   Code   RO         1309    .text               mf_w.l(cfcmple.o)
    0x0002a120   0x0002a120   0x00000014   Code   RO         1311    .text               mf_w.l(cfrcmple.o)
    0x0002a134   0x0002a134   0x0000002c   Code   RO         1357    .text               mc_w.l(uidiv.o)
    0x0002a160   0x0002a160   0x0000001e   Code   RO         1359    .text               mc_w.l(llshl.o)
    0x0002a17e   0x0002a17e   0x00000020   Code   RO         1361    .text               mc_w.l(llushr.o)
    0x0002a19e   0x0002a19e   0x00000024   Code   RO         1363    .text               mc_w.l(llsshr.o)
    0x0002a1c2   0x0002a1c2   0x00000000   Code   RO         1372    .text               mc_w.l(iusefp.o)
    0x0002a1c2   0x0002a1c2   0x0000006e   Code   RO         1373    .text               mf_w.l(fepilogue.o)
    0x0002a230   0x0002a230   0x000000ba   Code   RO         1375    .text               mf_w.l(depilogue.o)
    0x0002a2ea   0x0002a2ea   0x0000002e   Code   RO         1377    .text               mf_w.l(dscalb.o)
    0x0002a318   0x0002a318   0x00000030   Code   RO         1379    .text               mf_w.l(dfixul.o)
    0x0002a348   0x0002a348   0x00000024   Code   RO         1381    .text               mc_w.l(init.o)
    0x0002a36c   0x0002a36c   0x000000a2   Code   RO         1385    .text               mf_w.l(dsqrt.o)
    0x0002a40e   0x0002a40e   0x00000056   Code   RO         1395    .text               mc_w.l(__dczerorl2.o)
    0x0002a464   0x0002a464   0x00000028   Code   RO         1173    i.__0sprintf$6      mc_w.l(printf6.o)
    0x0002a48c   0x0002a48c   0x00000024   Code   RO         1255    i.__0vsprintf       mc_w.l(printfa.o)
    0x0002a4b0   0x0002a4b0   0x00000028   Code   RO         1327    i.__ARM_fpclassify  m_ws.l(fpclassify.o)
    0x0002a4d8   0x0002a4d8   0x000000aa   Code   RO         1329    i.__kernel_poly     m_ws.l(poly.o)
    0x0002a582   0x0002a582   0x00000002   PAD
    0x0002a584   0x0002a584   0x00000010   Code   RO         1313    i.__mathlib_dbl_divzero  m_ws.l(dunder.o)
    0x0002a594   0x0002a594   0x00000004   Code   RO         1315    i.__mathlib_dbl_infnan2  m_ws.l(dunder.o)
    0x0002a598   0x0002a598   0x0000000c   Code   RO         1316    i.__mathlib_dbl_invalid  m_ws.l(dunder.o)
    0x0002a5a4   0x0002a5a4   0x0000000e   Code   RO         1317    i.__mathlib_dbl_overflow  m_ws.l(dunder.o)
    0x0002a5b2   0x0002a5b2   0x00000002   PAD
    0x0002a5b4   0x0002a5b4   0x00000010   Code   RO         1319    i.__mathlib_dbl_underflow  m_ws.l(dunder.o)
    0x0002a5c4   0x0002a5c4   0x0000000e   Code   RO         1389    i.__scatterload_copy  mc_w.l(handlers.o)
    0x0002a5d2   0x0002a5d2   0x00000002   Code   RO         1390    i.__scatterload_null  mc_w.l(handlers.o)
    0x0002a5d4   0x0002a5d4   0x0000000e   Code   RO         1391    i.__scatterload_zeroinit  mc_w.l(handlers.o)
    0x0002a5e2   0x0002a5e2   0x00000002   PAD
    0x0002a5e4   0x0002a5e4   0x0000000c   Code   RO         1367    i.__set_errno       mc_w.l(errno.o)
    0x0002a5f0   0x0002a5f0   0x00000184   Code   RO         1256    i._fp_digits        mc_w.l(printfa.o)
    0x0002a774   0x0002a774   0x000002f0   Code   RO         1178    i._printf_core      mc_w.l(printf6.o)
    0x0002aa64   0x0002aa64   0x000006dc   Code   RO         1257    i._printf_core      mc_w.l(printfa.o)
    0x0002b140   0x0002b140   0x00000024   Code   RO         1179    i._printf_post_padding  mc_w.l(printf6.o)
    0x0002b164   0x0002b164   0x00000024   Code   RO         1258    i._printf_post_padding  mc_w.l(printfa.o)
    0x0002b188   0x0002b188   0x0000002e   Code   RO         1180    i._printf_pre_padding  mc_w.l(printf6.o)
    0x0002b1b6   0x0002b1b6   0x0000002e   Code   RO         1259    i._printf_pre_padding  mc_w.l(printfa.o)
    0x0002b1e4   0x0002b1e4   0x0000000a   Code   RO         1182    i._sputc            mc_w.l(printf6.o)
    0x0002b1ee   0x0002b1ee   0x0000000a   Code   RO         1261    i._sputc            mc_w.l(printfa.o)
    0x0002b1f8   0x0002b1f8   0x000009d8   Code   RO          990    i.pow               m_ws.l(pow.o)
    0x0002bbd0   0x0002bbd0   0x0000004c   Code   RO         1333    i.sqrt              m_ws.l(sqrt.o)
    0x0002bc1c   0x0002bc1c   0x00003575   Data   RO          196    .constdata          lpc177x_8x_lcd.o
    0x0002f191   0x0002f191   0x00000003   PAD
    0x0002f194   0x0002f194   0x000005a0   Data   RO          232    .constdata          logo.o
    0x0002f734   0x0002f734   0x00000a70   Data   RO          250    .constdata          asciilib.o
    0x000301a4   0x000301a4   0x00000118   Data   RO          251    .constdata          asciilib.o
    0x000302bc   0x000302bc   0x00000118   Data   RO          252    .constdata          asciilib.o
    0x000303d4   0x000303d4   0x00000b80   Data   RO          253    .constdata          asciilib.o
    0x00030f54   0x00030f54   0x00001e28   Data   RO          254    .constdata          asciilib.o
    0x00032d7c   0x00032d7c   0x00000090   Data   RO          255    .constdata          asciilib.o
    0x00032e0c   0x00032e0c   0x000014c2   Data   RO          295    .constdata          use_disp.o
    0x000342ce   0x000342ce   0x00000008   Data   RO          398    .constdata          key.o
    0x000342d6   0x000342d6   0x00000036   Data   RO          461    .constdata          test.o
    0x0003430c   0x0003430c   0x00000051   Data   RO          465    .constdata          test.o
    0x0003435d   0x0003435d   0x00000200   Data   RO          740    .constdata          debug_frmwrk.o
    0x0003455d   0x0003455d   0x00000003   PAD
    0x00034560   0x00034560   0x000000c0   Data   RO          817    .constdata          lpc177x_8x_gpdma.o
    0x00034620   0x00034620   0x00000088   Data   RO          991    .constdata          m_ws.l(pow.o)
    0x000346a8   0x000346a8   0x00000008   Data   RO         1331    .constdata          m_ws.l(qnan.o)
    0x000346b0   0x000346b0   0x0000000e   Data   RO          233    .conststring        logo.o
    0x000346be   0x000346be   0x00000002   PAD
    0x000346c0   0x000346c0   0x00000009   Data   RO          467    .conststring        test.o
    0x000346c9   0x000346c9   0x00000003   PAD
    0x000346cc   0x000346cc   0x00000059   Data   RO          741    .conststring        debug_frmwrk.o
    0x00034725   0x00034725   0x00000003   PAD
    0x00034728   0x00034728   0x00000020   Data   RO         1387    Region$$Table       anon$$obj.o


    Execution Region RW_IRAM1 (Exec base: 0x10000000, Load base: 0x00034748, Size: 0x000065e0, Max: 0x00010000, ABSOLUTE, COMPRESSED[0x00000080])

    Exec Addr    Load Addr    Size         Type   Attr      Idx    E Section Name        Object

    0x10000000   COMPRESSED   0x00000010   Data   RW          165    .data               timer.o
    0x10000010   COMPRESSED   0x00000004   Data   RW          166    .data               timer.o
    0x10000014   COMPRESSED   0x00000008   Data   RW          197    .data               lpc177x_8x_lcd.o
    0x1000001c   COMPRESSED   0x0000001c   Data   RW          234    .data               logo.o
    0x10000038   COMPRESSED   0x00000001   Data   RW          359    .data               use_disp.o
    0x10000039   COMPRESSED   0x00000003   PAD
    0x1000003c   COMPRESSED   0x00000008   Data   RW          399    .data               key.o
    0x10000044   COMPRESSED   0x00000004   PAD
    0x10000048   COMPRESSED   0x00000108   Data   RW          468    .data               test.o
    0x10000150   COMPRESSED   0x00000004   Data   RW          471    .data               test.o
    0x10000154   COMPRESSED   0x00000004   Data   RW          472    .data               test.o
    0x10000158   COMPRESSED   0x00000001   Data   RW          540    .data               globalvalue.o
    0x10000159   COMPRESSED   0x00000003   Data   RW          542    .data               globalvalue.o
    0x1000015c   COMPRESSED   0x00000004   Data   RW          543    .data               globalvalue.o
    0x10000160   COMPRESSED   0x00000004   Data   RW          544    .data               globalvalue.o
    0x10000164   COMPRESSED   0x00000004   Data   RW          545    .data               globalvalue.o
    0x10000168   COMPRESSED   0x00000001   Data   RW          546    .data               globalvalue.o
    0x10000169   COMPRESSED   0x00000001   Data   RW          547    .data               globalvalue.o
    0x1000016a   COMPRESSED   0x00000002   PAD
    0x1000016c   COMPRESSED   0x00000004   Data   RW          550    .data               globalvalue.o
    0x10000170   COMPRESSED   0x00000001   Data   RW          583    .data               dma.o
    0x10000171   COMPRESSED   0x00000003   PAD
    0x10000174   COMPRESSED   0x00000010   Data   RW          624    .data               system_lpc177x_8x.o
    0x10000184   COMPRESSED   0x00000044   Data   RW          742    .data               debug_frmwrk.o
    0x100001c8   COMPRESSED   0x00000020   Data   RW          818    .data               lpc177x_8x_gpdma.o
    0x100001e8   COMPRESSED   0x00000038   Data   RW          858    .data               usbhost_lpc17xx.o
    0x10000220   COMPRESSED   0x00000008   Data   RW          892    .data               usbhost_ms.o
    0x10000228   COMPRESSED   0x00000008   Data   RW          934    .data               diskio.o
    0x10000230   COMPRESSED   0x00000008   Data   RW          966    .data               ff.o
    0x10000238   COMPRESSED   0x00000004   Data   RW         1368    .data               mc_w.l(errno.o)
    0x1000023c        -       0x0000160e   Zero   RW          459    .bss                test.o
    0x1000184a   COMPRESSED   0x00000006   PAD
    0x10001850        -       0x000002a8   Zero   RW          530    .bss                globalvalue.o
    0x10001af8        -       0x00003ec4   Zero   RW          531    .bss                globalvalue.o
    0x100059bc        -       0x000002a4   Zero   RW          532    .bss                globalvalue.o
    0x10005c60        -       0x000000e0   Zero   RW          533    .bss                globalvalue.o
    0x10005d40        -       0x00000060   Zero   RW          534    .bss                globalvalue.o
    0x10005da0        -       0x00000050   Zero   RW          535    .bss                globalvalue.o
    0x10005df0        -       0x0000001e   Zero   RW          536    .bss                globalvalue.o
    0x10005e0e   COMPRESSED   0x00000002   PAD
    0x10005e10        -       0x00000020   Zero   RW          537    .bss                globalvalue.o
    0x10005e30        -       0x00000030   Zero   RW          538    .bss                globalvalue.o
    0x10005e60        -       0x0000000c   Zero   RW          539    .bss                globalvalue.o
    0x10005e6c        -       0x00000078   Zero   RW          581    .bss                dma.o
    0x10005ee4        -       0x000002cc   Zero   RW          739    .bss                debug_frmwrk.o
    0x100061b0        -       0x00000208   Zero   RW          840    .bss                usbhost_fat.o
    0x100063b8        -       0x00000024   Zero   RW          933    .bss                diskio.o
    0x100063dc   COMPRESSED   0x00000004   PAD
    0x100063e0        -       0x00000200   Zero   RW          615    STACK               startup_lpc177x_8x.o


==============================================================================

Image component sizes


      Code (inc. data)   RO Data    RW Data    ZI Data      Debug   Object Name

        48          8      14040          0          0       1405   asciilib.o
      2448        230        601         68        716      14483   debug_frmwrk.o
       256         20          0          8         36       4262   diskio.o
       792         32          0          1        120      19112   dma.o
       484         24          0          0          0      28691   ex_sdram.o
      6590         40          0          8          0      26120   ff.o
        60         10          0         22      17946      10414   globalvalue.o
      1264         42          8          8          0      21661   key.o
         0          0       1454         28          0        473   logo.o
       228         26          0          0          0       1679   lpc177x_8x_clkpwr.o
       628         18          0          0          0       2121   lpc177x_8x_eeprom.o
       680         28        192         32          0       7469   lpc177x_8x_gpdma.o
       804         26          0          0          0       9312   lpc177x_8x_gpio.o
      2912         72      13685          8          0      23379   lpc177x_8x_lcd.o
       388          6          0          0          0       4434   lpc177x_8x_pinsel.o
      1430         64          0          0          0       6475   lpc177x_8x_rtc.o
      1736         30          0          0          0       9697   lpc177x_8x_uart.o
       724         56          0          0          0      50446   main.o
       104         18          0          0          0        661   rtc.o
        36          8        228          0        512        856   startup_lpc177x_8x.o
       640         20          0         16          0       1319   system_lpc177x_8x.o
     18896       1590        144        272       5646      63807   test.o
       600         24          0         20          0      19632   timer.o
      2208         18          0          0        520      10132   usbhost_fat.o
      1530         56          0         56          0      26115   usbhost_lpc17xx.o
      1116         26          0          8          0       5449   usbhost_ms.o
     25314       1602       5314          1          0      40621   use_disp.o

    ----------------------------------------------------------------------
     71922       4094      35712        568      25508     410225   Object Totals
         0          0         32          0          0          0   (incl. Generated)
         6          0         14         12         12          0   (incl. Padding)

    ----------------------------------------------------------------------

      Code (inc. data)   RO Data    RW Data    ZI Data      Debug   Library Member Name

        62         10          0          0          0        340   dunder.o
        40          0          0          0          0         68   fpclassify.o
       170          0          0          0          0         96   poly.o
      2520        190        136          0          0        324   pow.o
         0          0          8          0          0          0   qnan.o
        76          0          0          0          0         84   sqrt.o
        86          0          0          0          0          0   __dczerorl2.o
         0          0          0          0          0          0   entry.o
         0          0          0          0          0          0   entry10a.o
         0          0          0          0          0          0   entry11a.o
         8          4          0          0          0          0   entry2.o
         4          0          0          0          0          0   entry5.o
         0          0          0          0          0          0   entry7b.o
         0          0          0          0          0          0   entry8b.o
         8          4          0          0          0          0   entry9a.o
        12          6          0          4          0         68   errno.o
        30          0          0          0          0          0   handlers.o
        36          8          0          0          0         68   init.o
         0          0          0          0          0          0   iusefp.o
        30          0          0          0          0         68   llshl.o
        36          0          0          0          0         68   llsshr.o
        32          0          0          0          0         68   llushr.o
        36          0          0          0          0         68   memcpya.o
        36          0          0          0          0        108   memseta.o
       884         10          0          0          0        420   printf6.o
      2272         86          0          0          0        516   printfa.o
        24          0          0          0          0         68   strcat.o
        28          0          0          0          0         76   strcmp.o
        18          0          0          0          0         68   strcpy.o
        44          0          0          0          0         80   uidiv.o
        98          0          0          0          0         92   uldiv.o
        48          0          0          0          0         68   cdcmple.o
        48          0          0          0          0         68   cdrcmple.o
        20          0          0          0          0         68   cfcmple.o
        20          0          0          0          0         68   cfrcmple.o
        56          0          0          0          0         88   d2f.o
       334          0          0          0          0        148   dadd.o
       222          0          0          0          0        100   ddiv.o
       186          0          0          0          0        176   depilogue.o
        50          0          0          0          0         76   dfixui.o
        48          0          0          0          0         68   dfixul.o
        34          0          0          0          0         76   dflti.o
        26          0          0          0          0         76   dfltui.o
       228          0          0          0          0         96   dmul.o
        46          0          0          0          0         80   dscalb.o
       162          0          0          0          0        100   dsqrt.o
        38          0          0          0          0         68   f2d.o
       176          0          0          0          0        140   fadd.o
       124          0          0          0          0         88   fdiv.o
       110          0          0          0          0        168   fepilogue.o
        50          0          0          0          0         68   ffixi.o
        40          0          0          0          0         68   ffixui.o
        10          0          0          0          0         68   ffltui.o
       100          0          0          0          0         76   fmul.o

    ----------------------------------------------------------------------
      8774        318        144          4          0       4848   Library Totals
         8          0          0          0          0          0   (incl. Padding)

    ----------------------------------------------------------------------

      Code (inc. data)   RO Data    RW Data    ZI Data      Debug   Library Name

      2868        200        144          0          0        912   m_ws.l
      3722        118          0          4          0       1836   mc_w.l
      2176          0          0          0          0       2100   mf_w.l

    ----------------------------------------------------------------------
      8774        318        144          4          0       4848   Library Totals

    ----------------------------------------------------------------------

==============================================================================


      Code (inc. data)   RO Data    RW Data    ZI Data      Debug   

     80696       4412      35856        572      25508     410105   Grand Totals
     80696       4412      35856        128      25508     410105   ELF Image Totals (compressed)
     80696       4412      35856        128          0          0   ROM Totals

==============================================================================

    Total RO  Size (Code + RO Data)               116552 ( 113.82kB)
    Total RW  Size (RW Data + ZI Data)             26080 (  25.47kB)
    Total ROM Size (Code + RO Data + RW Data)     116680 ( 113.95kB)

==============================================================================

