Component: ARM Compiler 5.06 update 6 (build 750) Tool: armlink [4d35ed]

==============================================================================

Section Cross References

    ex_sdram.o(.text) refers to timer.o(.text) for delayMs
    ex_sdram.o(.text) refers to system_lpc177x_8x.o(.data) for SystemCoreClock
    main.o(.text) refers to _printf_pad.o(.text) for _printf_pre_padding
    main.o(.text) refers to _printf_percent.o(.ARM.Collect$$_printf_percent$$00000000) for _printf_percent
    main.o(.text) refers to _printf_d.o(.ARM.Collect$$_printf_percent$$00000009) for _printf_d
    main.o(.text) refers to _printf_dec.o(.text) for _printf_int_dec
    main.o(.text) refers to lpc177x_8x_gpio.o(.text) for GPIO_GetIntStatus
    main.o(.text) refers to lpc177x_8x_clkpwr.o(.text) for CLKPWR_GetCLK
    main.o(.text) refers to key.o(.text) for Delay
    main.o(.text) refers to lpc177x_8x_eeprom.o(.text) for EEPROM_Init
    main.o(.text) refers to rtc.o(.text) for RTC_INT
    main.o(.text) refers to debug_frmwrk.o(.text) for debug_frmwrk_init
    main.o(.text) refers to ex_sdram.o(.text) for SDRAM_Init
    main.o(.text) refers to lpc177x_8x_lcd.o(.text) for GLCD_Ctrl
    main.o(.text) refers to globalvalue.o(.text) for InitGlobalValue
    main.o(.text) refers to use_disp.o(.text) for ReadSavedata
    main.o(.text) refers to test.o(.text) for Set_Compbcd_float
    main.o(.text) refers to __2sprintf.o(.text) for __2sprintf
    main.o(.text) refers to usbhost_fat.o(.text) for FILE_Open
    main.o(.text) refers to globalvalue.o(.data) for softswitch
    main.o(.text) refers to logo.o(.data) for LogoPic
    main.o(.text) refers to test.o(.data) for keynum
    main.o(.text) refers to usbhost_lpc17xx.o(.data) for UserBuffer
    timer.o(.text) refers to system_lpc177x_8x.o(.data) for PeripheralClock
    timer.o(.text) refers to timer.o(.data) for timer0_counter
    lpc177x_8x_lcd.o(.text) refers to system_lpc177x_8x.o(.data) for PeripheralClock
    lpc177x_8x_lcd.o(.text) refers to asciilib.o(.text) for GetASCIICode
    lpc177x_8x_lcd.o(.text) refers to lpc177x_8x_lcd.o(.constdata) for GB_21
    lpc177x_8x_lcd.o(.text) refers to lpc177x_8x_lcd.o(.data) for Colour
    lpc177x_8x_lcd.o(.text) refers to asciilib.o(.constdata) for _num
    lpc177x_8x_lcd.o(.text) refers to globalvalue.o(.bss) for DispBuf
    logo.o(.data) refers to logo.o(.constdata) for LogoStream
    logo.o(.data) refers to logo.o(.conststring) for .conststring
    asciilib.o(.text) refers to rt_memcpy_v6.o(.text) for __aeabi_memcpy
    asciilib.o(.text) refers to asciilib.o(.constdata) for AsciiLib
    touchpanel.o(.text) refers to lpc177x_8x_ssp.o(.text) for SSP_ReadWrite
    touchpanel.o(.text) refers to lpc177x_8x_pinsel.o(.text) for PINSEL_ConfigPin
    touchpanel.o(.text) refers to lpc177x_8x_gpio.o(.text) for GPIO_SetDir
    touchpanel.o(.text) refers to rt_memclr_w.o(.text) for __aeabi_memclr4
    touchpanel.o(.text) refers to dflt_clz.o(x$fpl$dflt) for __aeabi_i2d
    touchpanel.o(.text) refers to deqf.o(x$fpl$deqf) for __aeabi_cdcmpeq
    touchpanel.o(.text) refers to touchpanel.o(.bss) for dataCfg
    touchpanel.o(.text) refers to touchpanel.o(.data) for screen
    touchpanel.o(.text) refers to dflt_clz.o(x$fpl$dfltu) for __aeabi_ui2d
    touchpanel.o(.text) refers to dmul.o(x$fpl$dmul) for __aeabi_dmul
    touchpanel.o(.text) refers to daddsub_clz.o(x$fpl$dadd) for __aeabi_dadd
    touchpanel.o(.text) refers to ddiv.o(x$fpl$ddiv) for __aeabi_ddiv
    touchpanel.o(.text) refers to dfixu.o(x$fpl$dfixu) for __aeabi_d2uiz
    touchpanel.o(.text) refers to lpc177x_8x_lcd.o(.text) for lcd_Clear
    use_disp.o(.text) refers to lpc177x_8x_lcd.o(.text) for LCD_DrawRect
    use_disp.o(.text) refers to lpc177x_8x_lcd.o(.data) for Colour
    use_disp.o(.text) refers to use_disp.o(.constdata) for Set_Unit
    use_disp.o(.text) refers to globalvalue.o(.bss) for Save_Res
    use_disp.o(.text) refers to asciilib.o(.constdata) for Out_Assic
    use_disp.o(.text) refers to ffix.o(x$fpl$ffix) for __aeabi_f2iz
    use_disp.o(.text) refers to test.o(.text) for V_BCD_Int
    use_disp.o(.text) refers to fflt_clz.o(x$fpl$ffltu) for __aeabi_ui2f
    use_disp.o(.text) refers to fmul.o(x$fpl$fmul) for __aeabi_fmul
    use_disp.o(.text) refers to f2d.o(x$fpl$f2d) for __aeabi_f2d
    use_disp.o(.text) refers to dmul.o(x$fpl$dmul) for __aeabi_dmul
    use_disp.o(.text) refers to d2f.o(x$fpl$d2f) for __aeabi_d2f
    use_disp.o(.text) refers to dflt_clz.o(x$fpl$dfltu) for __aeabi_ui2d
    use_disp.o(.text) refers to pow.o(i.pow) for pow
    use_disp.o(.text) refers to ddiv.o(x$fpl$ddiv) for __aeabi_ddiv
    use_disp.o(.text) refers to drleqf.o(x$fpl$drleqf) for __aeabi_cdrcmple
    use_disp.o(.text) refers to fdiv.o(x$fpl$fdiv) for __aeabi_fdiv
    use_disp.o(.text) refers to ffixu.o(x$fpl$ffixu) for __aeabi_f2uiz
    use_disp.o(.text) refers to rt_memcpy_w.o(.text) for __aeabi_memcpy4
    use_disp.o(.text) refers to dfixu.o(x$fpl$dfixu) for __aeabi_d2uiz
[...]
    UART_SendByte                            0x0000ca07   Thumb Code    14  lpc177x_8x_uart.o(.text)
    UART_ReceiveByte                         0x0000ca15   Thumb Code    16  lpc177x_8x_uart.o(.text)
    UART_Send                                0x0000ca25   Thumb Code   152  lpc177x_8x_uart.o(.text)
    UART_Receive                             0x0000cabd   Thumb Code   114  lpc177x_8x_uart.o(.text)
    UART_ForceBreak                          0x0000cb2f   Thumb Code    26  lpc177x_8x_uart.o(.text)
    UART_IntConfig                           0x0000cb49   Thumb Code   130  lpc177x_8x_uart.o(.text)
    UART_GetLineStatus                       0x0000cbcb   Thumb Code    16  lpc177x_8x_uart.o(.text)
    UART_GetIntId                            0x0000cbdb   Thumb Code    12  lpc177x_8x_uart.o(.text)
    UART_CheckBusy                           0x0000cbe7   Thumb Code    18  lpc177x_8x_uart.o(.text)
    UART_FIFOConfig                          0x0000cbf9   Thumb Code   104  lpc177x_8x_uart.o(.text)
    UART_FIFOConfigStructInit                0x0000cc61   Thumb Code    14  lpc177x_8x_uart.o(.text)
    UART_ABCmd                               0x0000cc6f   Thumb Code   126  lpc177x_8x_uart.o(.text)
    UART_ABClearIntPending                   0x0000cced   Thumb Code    22  lpc177x_8x_uart.o(.text)
    UART_IrDAInvtInputCmd                    0x0000cd03   Thumb Code    34  lpc177x_8x_uart.o(.text)
    UART_IrDACmd                             0x0000cd25   Thumb Code    32  lpc177x_8x_uart.o(.text)
    UART_IrDAPulseDivConfig                  0x0000cd45   Thumb Code    30  lpc177x_8x_uart.o(.text)
    UART_FullModemForcePinState              0x0000cd63   Thumb Code    48  lpc177x_8x_uart.o(.text)
    UART_FullModemConfigMode                 0x0000cd93   Thumb Code    56  lpc177x_8x_uart.o(.text)
    UART_FullModemGetStatus                  0x0000cdcb   Thumb Code     6  lpc177x_8x_uart.o(.text)
    UART_RS485Config                         0x0000cdd1   Thumb Code    96  lpc177x_8x_uart.o(.text)
    UART_RS485ReceiverCmd                    0x0000ce31   Thumb Code    32  lpc177x_8x_uart.o(.text)
    UART_RS485Send                           0x0000ce51   Thumb Code    88  lpc177x_8x_uart.o(.text)
    UART_RS485SendSlvAddr                    0x0000cea9   Thumb Code    18  lpc177x_8x_uart.o(.text)
    UART_RS485SendData                       0x0000cebb   Thumb Code    22  lpc177x_8x_uart.o(.text)
    UARTPutChar                              0x0000ced5   Thumb Code    18  debug_frmwrk.o(.text)
    UARTGetChar                              0x0000cee7   Thumb Code    26  debug_frmwrk.o(.text)
    UARTPuts                                 0x0000cf01   Thumb Code    36  debug_frmwrk.o(.text)
    UARTGetValue                             0x0000cf25   Thumb Code   348  debug_frmwrk.o(.text)
    UART3SEND                                0x0000d081   Thumb Code    36  debug_frmwrk.o(.text)
    UARTPuts_                                0x0000d0a5   Thumb Code    24  debug_frmwrk.o(.text)
    UARTPutDec                               0x0000d0bd   Thumb Code    96  debug_frmwrk.o(.text)
    UARTPutDec16                             0x0000d11d   Thumb Code   160  debug_frmwrk.o(.text)
    UARTPutDec32                             0x0000d1bd   Thumb Code   280  debug_frmwrk.o(.text)
    UARTPutHex_                              0x0000d2d5   Thumb Code    58  debug_frmwrk.o(.text)
    UARTPutHex                               0x0000d30f   Thumb Code    66  debug_frmwrk.o(.text)
    UARTPutHex16_                            0x0000d351   Thumb Code    58  debug_frmwrk.o(.text)
    UARTPutHex16                             0x0000d38b   Thumb Code   186  debug_frmwrk.o(.text)
    UARTPutHex32_                            0x0000d445   Thumb Code    58  debug_frmwrk.o(.text)
    UARTPutHex32                             0x0000d47f   Thumb Code    68  debug_frmwrk.o(.text)
    _printf                                  0x0000d4c3   Thumb Code    38  debug_frmwrk.o(.text)
    debug_frmwrk_init                        0x0000d4e9   Thumb Code   180  debug_frmwrk.o(.text)
    Uart3_init                               0x0000d59d   Thumb Code   118  debug_frmwrk.o(.text)
    Uart0RecTimeOut                          0x0000d613   Thumb Code    50  debug_frmwrk.o(.text)
    UART0_IRQHandler                         0x0000d645   Thumb Code   166  debug_frmwrk.o(.text)
    CRC16                                    0x0000d6eb   Thumb Code    48  debug_frmwrk.o(.text)
    MODS_SendWithCRC                         0x0000d71b   Thumb Code    64  debug_frmwrk.o(.text)
    BEBufToUint16                            0x0000d7a1   Thumb Code    12  debug_frmwrk.o(.text)
    UART3_IRQHandler                         0x0000d7ad   Thumb Code    62  debug_frmwrk.o(.text)
    RecHandle                                0x0000daa5   Thumb Code    34  debug_frmwrk.o(.text)
    PINSEL_ConfigPin                         0x0000dafb   Thumb Code    40  lpc177x_8x_pinsel.o(.text)
    PINSEL_SetPinMode                        0x0000db23   Thumb Code    40  lpc177x_8x_pinsel.o(.text)
    PINSEL_SetHysMode                        0x0000db4b   Thumb Code    46  lpc177x_8x_pinsel.o(.text)
    PINSEL_SetSlewMode                       0x0000db79   Thumb Code    46  lpc177x_8x_pinsel.o(.text)
    PINSEL_SetInBufMode                      0x0000dba7   Thumb Code    46  lpc177x_8x_pinsel.o(.text)
    PINSEL_SetI2CMode                        0x0000dbd5   Thumb Code    42  lpc177x_8x_pinsel.o(.text)
    PINSEL_SetOpenDrainMode                  0x0000dbff   Thumb Code    46  lpc177x_8x_pinsel.o(.text)
    PINSEL_SetAnalogPinMode                  0x0000dc2d   Thumb Code   126  lpc177x_8x_pinsel.o(.text)
    PINSEL_DacEnable                         0x0000dcab   Thumb Code    54  lpc177x_8x_pinsel.o(.text)
    PINSEL_SetFilter                         0x0000dce1   Thumb Code    74  lpc177x_8x_pinsel.o(.text)
    EEPROM_Init                              0x0000dd31   Thumb Code   110  lpc177x_8x_eeprom.o(.text)
    EEPROM_Write                             0x0000dd9f   Thumb Code   238  lpc177x_8x_eeprom.o(.text)
    EEPROM_Read                              0x0000de8d   Thumb Code   224  lpc177x_8x_eeprom.o(.text)
    EEPROM_Erase                             0x0000df6d   Thumb Code    88  lpc177x_8x_eeprom.o(.text)
    EEPROM_PowerDown                         0x0000dfc5   Thumb Code    20  lpc177x_8x_eeprom.o(.text)
    RTC_Init                                 0x0000dfe9   Thumb Code    30  lpc177x_8x_rtc.o(.text)
    RTC_DeInit                               0x0000e007   Thumb Code    20  lpc177x_8x_rtc.o(.text)
    RTC_ResetClockTickCounter                0x0000e01b   Thumb Code    18  lpc177x_8x_rtc.o(.text)
    RTC_Cmd                                  0x0000e02d   Thumb Code    24  lpc177x_8x_rtc.o(.text)
    RTC_CntIncrIntConfig                     0x0000e045   Thumb Code   202  lpc177x_8x_rtc.o(.text)
    RTC_AlarmIntConfig                       0x0000e10f   Thumb Code   202  lpc177x_8x_rtc.o(.text)
    RTC_SetTime                              0x0000e1d9   Thumb Code   206  lpc177x_8x_rtc.o(.text)
    RTC_GetTime                              0x0000e2a7   Thumb Code    98  lpc177x_8x_rtc.o(.text)
    RTC_SetFullTime                          0x0000e309   Thumb Code    70  lpc177x_8x_rtc.o(.text)
    RTC_GetFullTime                          0x0000e34f   Thumb Code    70  lpc177x_8x_rtc.o(.text)
    RTC_SetAlarmTime                         0x0000e395   Thumb Code   228  lpc177x_8x_rtc.o(.text)
    RTC_GetAlarmTime                         0x0000e479   Thumb Code   102  lpc177x_8x_rtc.o(.text)
    RTC_SetFullAlarmTime                     0x0000e4df   Thumb Code    70  lpc177x_8x_rtc.o(.text)
    RTC_GetFullAlarmTime                     0x0000e525   Thumb Code    70  lpc177x_8x_rtc.o(.text)
    RTC_GetIntPending                        0x0000e56b   Thumb Code    16  lpc177x_8x_rtc.o(.text)
    RTC_ClearIntPending                      0x0000e57b   Thumb Code     8  lpc177x_8x_rtc.o(.text)
    RTC_CalibCounterCmd                      0x0000e583   Thumb Code    24  lpc177x_8x_rtc.o(.text)
    RTC_CalibConfig                          0x0000e59b   Thumb Code    24  lpc177x_8x_rtc.o(.text)
    RTC_WriteGPREG                           0x0000e5b3   Thumb Code    14  lpc177x_8x_rtc.o(.text)
    RTC_ReadGPREG                            0x0000e5c1   Thumb Code    16  lpc177x_8x_rtc.o(.text)
    FAT_GetFATType                           0x0000e5d1   Thumb Code    48  usbhost_fat.o(.text)
    FAT_Init                                 0x0000e601   Thumb Code   328  usbhost_fat.o(.text)
    FAT_PutSFN                               0x0000e749   Thumb Code   172  usbhost_fat.o(.text)
    FAT_ChkEntType                           0x0000e7f5   Thumb Code    34  usbhost_fat.o(.text)
    FAT_GetFreeEntry                         0x0000e817   Thumb Code   106  usbhost_fat.o(.text)
    FAT_StrCaseCmp                           0x0000e881   Thumb Code    72  usbhost_fat.o(.text)
    FAT_GetSfnExt                            0x0000e8c9   Thumb Code    52  usbhost_fat.o(.text)
    FAT_GetSfnName                           0x0000e8fd   Thumb Code    40  usbhost_fat.o(.text)
    FAT_GetSFN                               0x0000e925   Thumb Code    64  usbhost_fat.o(.text)
    FAT_FindEntry                            0x0000e965   Thumb Code   160  usbhost_fat.o(.text)
    FAT_CreateEntry                          0x0000ea05   Thumb Code    48  usbhost_fat.o(.text)
    FILE_Open                                0x0000ea35   Thumb Code   102  usbhost_fat.o(.text)
    FAT_ClusRead                             0x0000ea9b   Thumb Code   264  usbhost_fat.o(.text)
    FAT_GetNextClus                          0x0000eba3   Thumb Code    82  usbhost_fat.o(.text)
    FILE_Read                                0x0000ebf5   Thumb Code   224  usbhost_fat.o(.text)
    FAT_UpdateFAT                            0x0000ecd5   Thumb Code    78  usbhost_fat.o(.text)
    FAT_GetFreeClus                          0x0000ed23   Thumb Code    90  usbhost_fat.o(.text)
    FAT_ClusWrite                            0x0000ed7d   Thumb Code   304  usbhost_fat.o(.text)
    FAT_GetEndClus                           0x0000eead   Thumb Code    28  usbhost_fat.o(.text)
    FILE_Write                               0x0000eec9   Thumb Code   252  usbhost_fat.o(.text)
    FAT_UpdateEntry                          0x0000efc5   Thumb Code    50  usbhost_fat.o(.text)
    FILE_Close                               0x0000eff7   Thumb Code    72  usbhost_fat.o(.text)
    Host_DelayUS                             0x0000f04d   Thumb Code    24  usbhost_lpc17xx.o(.text)
    Host_DelayMS                             0x0000f065   Thumb Code    32  usbhost_lpc17xx.o(.text)
    Host_HCCAInit                            0x0000f085   Thumb Code    26  usbhost_lpc17xx.o(.text)
    Host_TDInit                              0x0000f09f   Thumb Code    12  usbhost_lpc17xx.o(.text)
    Host_EDInit                              0x0000f0ab   Thumb Code    12  usbhost_lpc17xx.o(.text)
    Host_Init                                0x0000f0b7   Thumb Code   490  usbhost_lpc17xx.o(.text)
    USB_IRQHandler                           0x0000f2a1   Thumb Code   352  usbhost_lpc17xx.o(.text)
    Host_WDHWait                             0x0000f401   Thumb Code    18  usbhost_lpc17xx.o(.text)
    Host_ProcessTD                           0x0000f413   Thumb Code   322  usbhost_lpc17xx.o(.text)
    WriteLE16U                               0x0000f555   Thumb Code    16  usbhost_lpc17xx.o(.text)
    Host_FillSetup                           0x0000f565   Thumb Code    86  usbhost_lpc17xx.o(.text)
    Host_CtrlSend                            0x0000f5bb   Thumb Code    98  usbhost_lpc17xx.o(.text)
    ReadLE16U                                0x0000f61d   Thumb Code    22  usbhost_lpc17xx.o(.text)
    Host_CtrlRecv                            0x0000f633   Thumb Code    98  usbhost_lpc17xx.o(.text)
    Host_EnumDev                             0x0000f695   Thumb Code   348  usbhost_lpc17xx.o(.text)
    ReadLE32U                                0x0000f7f1   Thumb Code    32  usbhost_lpc17xx.o(.text)
    WriteLE32U                               0x0000f811   Thumb Code    28  usbhost_lpc17xx.o(.text)
    ReadBE32U                                0x0000f82d   Thumb Code    32  usbhost_lpc17xx.o(.text)
    WriteBE32U                               0x0000f84d   Thumb Code    28  usbhost_lpc17xx.o(.text)
    ReadBE16U                                0x0000f869   Thumb Code    22  usbhost_lpc17xx.o(.text)
    WriteBE16U                               0x0000f87f   Thumb Code    16  usbhost_lpc17xx.o(.text)
    Fill_MSCommand                           0x0000f8a9   Thumb Code   186  usbhost_ms.o(.text)
    MS_Inquire                               0x0000f963   Thumb Code   138  usbhost_ms.o(.text)
    MS_ReadCapacity                          0x0000f9ed   Thumb Code   132  usbhost_ms.o(.text)
    MS_GetSenseInfo                          0x0000fa71   Thumb Code   104  usbhost_ms.o(.text)
    MS_TestUnitReady                         0x0000fad9   Thumb Code    80  usbhost_ms.o(.text)
    MS_GetMaxLUN                             0x0000fb29   Thumb Code    30  usbhost_ms.o(.text)
    MS_Init                                  0x0000fb47   Thumb Code    86  usbhost_ms.o(.text)
    MS_ParseConfiguration                    0x0000fb9d   Thumb Code   204  usbhost_ms.o(.text)
    MS_BulkRecv                              0x0000fc69   Thumb Code   170  usbhost_ms.o(.text)
    MS_BulkSend                              0x0000fd13   Thumb Code   120  usbhost_ms.o(.text)
    RTC_IRQHandler                           0x0000fd9d   Thumb Code    36  rtc.o(.text)
    RTC_INT                                  0x0000fdc1   Thumb Code    54  rtc.o(.text)
    disk_initialize                          0x0000fe05   Thumb Code    50  diskio.o(.text)
    disk_status                              0x0000fe37   Thumb Code    34  diskio.o(.text)
    disk_read                                0x0000fe59   Thumb Code    94  diskio.o(.text)
    disk_write                               0x0000feb7   Thumb Code    84  diskio.o(.text)
    disk_ioctl                               0x0000ff0b   Thumb Code    78  diskio.o(.text)
    get_fattime                              0x0000ff59   Thumb Code     4  diskio.o(.text)
    clust2sect                               0x00010115   Thumb Code    26  ff.o(.text)
    get_fat                                  0x0001012f   Thumb Code   228  ff.o(.text)
    put_fat                                  0x00010213   Thumb Code   310  ff.o(.text)
    f_mount                                  0x00010e0f   Thumb Code    38  ff.o(.text)
    f_open                                   0x00010e35   Thumb Code   364  ff.o(.text)
    f_read                                   0x00010fa1   Thumb Code   476  ff.o(.text)
    f_write                                  0x0001117d   Thumb Code   526  ff.o(.text)
    f_sync                                   0x0001138b   Thumb Code   184  ff.o(.text)
    f_close                                  0x00011443   Thumb Code    22  ff.o(.text)
    f_lseek                                  0x00011459   Thumb Code   432  ff.o(.text)
    f_opendir                                0x00011609   Thumb Code   110  ff.o(.text)
    f_readdir                                0x00011677   Thumb Code    88  ff.o(.text)
    f_stat                                   0x000116cf   Thumb Code    58  ff.o(.text)
    f_getfree                                0x00011709   Thumb Code   276  ff.o(.text)
    f_truncate                               0x0001181d   Thumb Code   156  ff.o(.text)
    f_unlink                                 0x000118b9   Thumb Code   178  ff.o(.text)
    f_mkdir                                  0x0001196b   Thumb Code   384  ff.o(.text)
    f_chmod                                  0x00011aeb   Thumb Code    84  ff.o(.text)
    f_utime                                  0x00011b3f   Thumb Code    86  ff.o(.text)
    f_rename                                 0x00011b95   Thumb Code   290  ff.o(.text)
    __aeabi_uldivmod                         0x00011cb7   Thumb Code     0  lludivv7m.o(.text)
    _ll_udiv                                 0x00011cb7   Thumb Code   238  lludivv7m.o(.text)
    __c89vsprintf                            0x00011da5   Thumb Code    32  c89vsprintf.o(.text)
    __2sprintf                               0x00011dc9   Thumb Code    38  __2sprintf.o(.text)
    _printf_pre_padding                      0x00011df5   Thumb Code    44  _printf_pad.o(.text)
    _printf_post_padding                     0x00011e21   Thumb Code    34  _printf_pad.o(.text)
    _printf_int_dec                          0x00011e45   Thumb Code   104  _printf_dec.o(.text)
    __printf                                 0x00011ebd   Thumb Code   388  __printf_flags_ss_wp.o(.text)
    strcpy                                   0x00012045   Thumb Code    72  strcpy.o(.text)
    strcat                                   0x0001208d   Thumb Code    24  strcat.o(.text)
    __aeabi_memcpy                           0x000120a5   Thumb Code     0  rt_memcpy_v6.o(.text)
    __rt_memcpy                              0x000120a5   Thumb Code   138  rt_memcpy_v6.o(.text)
    _memcpy_lastbytes                        0x0001210b   Thumb Code     0  rt_memcpy_v6.o(.text)
    __aeabi_memcpy4                          0x0001212f   Thumb Code     0  rt_memcpy_w.o(.text)
    __aeabi_memcpy8                          0x0001212f   Thumb Code     0  rt_memcpy_w.o(.text)
    __rt_memcpy_w                            0x0001212f   Thumb Code   100  rt_memcpy_w.o(.text)
    _memcpy_lastbytes_aligned                0x00012177   Thumb Code     0  rt_memcpy_w.o(.text)
    __aeabi_memclr4                          0x00012193   Thumb Code     0  rt_memclr_w.o(.text)
    __aeabi_memclr8                          0x00012193   Thumb Code     0  rt_memclr_w.o(.text)
    __rt_memclr_w                            0x00012193   Thumb Code    78  rt_memclr_w.o(.text)
    _memset_w                                0x00012197   Thumb Code     0  rt_memclr_w.o(.text)
    strcmp                                   0x000121e1   Thumb Code   128  strcmpv7m.o(.text)
    __read_errno                             0x00012261   Thumb Code    10  _rserrno.o(.text)
    __set_errno                              0x0001226b   Thumb Code    12  _rserrno.o(.text)
    _printf_truncate_signed                  0x00012277   Thumb Code    18  _printf_truncate.o(.text)
    _printf_truncate_unsigned                0x00012289   Thumb Code    18  _printf_truncate.o(.text)
    _printf_str                              0x0001229b   Thumb Code    82  _printf_str.o(.text)
    _printf_int_common                       0x000122ed   Thumb Code   178  _printf_intcommon.o(.text)
    _printf_charcount                        0x0001239f   Thumb Code    40  _printf_charcount.o(.text)
    _printf_char_common                      0x000123d3   Thumb Code    32  _printf_char_common.o(.text)
    _printf_wctomb                           0x000123f9   Thumb Code   182  _printf_wctomb.o(.text)
    _printf_longlong_dec                     0x000124b5   Thumb Code   108  _printf_longlong_dec.o(.text)
    _printf_longlong_oct                     0x00012531   Thumb Code    66  _printf_oct_int_ll.o(.text)
    _printf_int_oct                          0x00012573   Thumb Code    24  _printf_oct_int_ll.o(.text)
    _printf_ll_oct                           0x0001258b   Thumb Code    12  _printf_oct_int_ll.o(.text)
    _printf_longlong_hex                     0x000125a1   Thumb Code    86  _printf_hex_int_ll_ptr.o(.text)
    _printf_int_hex                          0x000125f7   Thumb Code    28  _printf_hex_int_ll_ptr.o(.text)
    _printf_ll_hex                           0x00012613   Thumb Code    12  _printf_hex_int_ll_ptr.o(.text)
    _printf_hex_ptr                          0x0001261f   Thumb Code    18  _printf_hex_int_ll_ptr.o(.text)
    __aeabi_errno_addr                       0x00012635   Thumb Code     8  rt_errno_addr_intlibspace.o(.text)
    __errno$intlibspace                      0x00012635   Thumb Code     0  rt_errno_addr_intlibspace.o(.text)
    __rt_errno_addr$intlibspace              0x00012635   Thumb Code     0  rt_errno_addr_intlibspace.o(.text)
    _ll_udiv10                               0x0001263d   Thumb Code   138  lludiv10.o(.text)
    __lib_sel_fp_printf                      0x000126c7   Thumb Code     2  _printf_fp_dec.o(.text)
    _printf_fp_dec_real                      0x00012879   Thumb Code   620  _printf_fp_dec.o(.text)
    _printf_cs_common                        0x00012ae5   Thumb Code    20  _printf_char.o(.text)
    _printf_char                             0x00012af9   Thumb Code    16  _printf_char.o(.text)
    _printf_string                           0x00012b09   Thumb Code     8  _printf_char.o(.text)
    _printf_lcs_common                       0x00012b11   Thumb Code    20  _printf_wchar.o(.text)
    _printf_wchar                            0x00012b25   Thumb Code    16  _printf_wchar.o(.text)
    _printf_wstring                          0x00012b35   Thumb Code     8  _printf_wchar.o(.text)
    _wcrtomb                                 0x00012b3d   Thumb Code    64  _wcrtomb.o(.text)
    __user_libspace                          0x00012b7d   Thumb Code     8  libspace.o(.text)
    __user_perproc_libspace                  0x00012b7d   Thumb Code     0  libspace.o(.text)
    __user_perthread_libspace                0x00012b7d   Thumb Code     0  libspace.o(.text)
    __user_setup_stackheap                   0x00012b85   Thumb Code    74  sys_stackheap_outer.o(.text)
    __rt_ctype_table                         0x00012bd1   Thumb Code    16  rt_ctype_table.o(.text)
    __rt_locale                              0x00012be1   Thumb Code     8  rt_locale_intlibspace.o(.text)
    _printf_fp_infnan                        0x00012be9   Thumb Code   112  _printf_fp_infnan.o(.text)
    _btod_etento                             0x00012c69   Thumb Code   224  bigflt0.o(.text)
    exit                                     0x00012d4d   Thumb Code    18  exit.o(.text)
    _sys_exit                                0x00012d61   Thumb Code     8  sys_exit.o(.text)
    __I$use$semihosting                      0x00012d6d   Thumb Code     0  use_no_semi.o(.text)
    __use_no_semihosting_swi                 0x00012d6d   Thumb Code     2  use_no_semi.o(.text)
    __semihosting_library_function           0x00012d6f   Thumb Code     0  indicate_semi.o(.text)
    _btod_d2e                                0x00012d6f   Thumb Code    62  btod.o(CL$$btod_d2e)
    _d2e_denorm_low                          0x00012dad   Thumb Code    70  btod.o(CL$$btod_d2e_denorm_low)
    _d2e_norm_op1                            0x00012df3   Thumb Code    96  btod.o(CL$$btod_d2e_norm_op1)
    __btod_div_common                        0x00012e53   Thumb Code   696  btod.o(CL$$btod_div_common)
    _e2e                                     0x0001318b   Thumb Code   220  btod.o(CL$$btod_e2e)
    _btod_ediv                               0x00013267   Thumb Code    42  btod.o(CL$$btod_ediv)
    _btod_emul                               0x00013291   Thumb Code    42  btod.o(CL$$btod_emul)
    __btod_mult_common                       0x000132bb   Thumb Code   580  btod.o(CL$$btod_mult_common)
    __ARM_fpclassify                         0x000134ff   Thumb Code    40  fpclassify.o(i.__ARM_fpclassify)
    __kernel_poly                            0x00013527   Thumb Code   170  poly.o(i.__kernel_poly)
    __mathlib_dbl_divzero                    0x000135d1   Thumb Code    12  dunder.o(i.__mathlib_dbl_divzero)
    __mathlib_dbl_infnan2                    0x000135e1   Thumb Code     4  dunder.o(i.__mathlib_dbl_infnan2)
    __mathlib_dbl_invalid                    0x000135e5   Thumb Code    12  dunder.o(i.__mathlib_dbl_invalid)
    __mathlib_dbl_overflow                   0x000135f1   Thumb Code    14  dunder.o(i.__mathlib_dbl_overflow)
    __mathlib_dbl_underflow                  0x00013601   Thumb Code    10  dunder.o(i.__mathlib_dbl_underflow)
    _is_digit                                0x00013611   Thumb Code    14  __printf_wp.o(i._is_digit)
    pow                                      0x00013621   Thumb Code  2512  pow.o(i.pow)
    sqrt                                     0x00013ff9   Thumb Code    76  sqrt.o(i.sqrt)
    _get_lc_numeric                          0x00014045   Thumb Code    44  lc_numeric_c.o(locale$$code)
    _get_lc_ctype                            0x00014071   Thumb Code    44  lc_ctype_c.o(locale$$code)
    __aeabi_d2f                              0x0001409d   Thumb Code     0  d2f.o(x$fpl$d2f)
    _d2f                                     0x0001409d   Thumb Code    98  d2f.o(x$fpl$d2f)
    __aeabi_dadd                             0x00014101   Thumb Code     0  daddsub_clz.o(x$fpl$dadd)
    _dadd                                    0x00014101   Thumb Code   332  daddsub_clz.o(x$fpl$dadd)
    __fpl_dcheck_NaN1                        0x00014251   Thumb Code    10  dcheck1.o(x$fpl$dcheck1)
    __fpl_dcmp_Inf                           0x00014261   Thumb Code    24  dcmpi.o(x$fpl$dcmpinf)
    __aeabi_ddiv                             0x00014279   Thumb Code     0  ddiv.o(x$fpl$ddiv)
    _ddiv                                    0x00014279   Thumb Code   552  ddiv.o(x$fpl$ddiv)
    __aeabi_d2uiz                            0x00014529   Thumb Code     0  dfixu.o(x$fpl$dfixu)
    _dfixu                                   0x00014529   Thumb Code    90  dfixu.o(x$fpl$dfixu)
    __aeabi_i2d                              0x00014583   Thumb Code     0  dflt_clz.o(x$fpl$dflt)
    _dflt                                    0x00014583   Thumb Code    46  dflt_clz.o(x$fpl$dflt)
    __aeabi_ui2d                             0x000145b1   Thumb Code     0  dflt_clz.o(x$fpl$dfltu)
    _dfltu                                   0x000145b1   Thumb Code    38  dflt_clz.o(x$fpl$dfltu)
    __aeabi_cdcmple                          0x000145d9   Thumb Code     0  dleqf.o(x$fpl$dleqf)
    _dcmple                                  0x000145d9   Thumb Code   120  dleqf.o(x$fpl$dleqf)
    __fpl_dcmple_InfNaN                      0x0001463b   Thumb Code     0  dleqf.o(x$fpl$dleqf)
    __aeabi_dmul                             0x00014651   Thumb Code     0  dmul.o(x$fpl$dmul)
    _dmul                                    0x00014651   Thumb Code   332  dmul.o(x$fpl$dmul)
    __fpl_dnaninf                            0x000147a5   Thumb Code   156  dnaninf.o(x$fpl$dnaninf)
    __fpl_dretinf                            0x00014841   Thumb Code    12  dretinf.o(x$fpl$dretinf)
    __aeabi_cdrcmple                         0x0001484d   Thumb Code     0  drleqf.o(x$fpl$drleqf)
    _drcmple                                 0x0001484d   Thumb Code   108  drleqf.o(x$fpl$drleqf)
    __aeabi_drsub                            0x000148b9   Thumb Code     0  daddsub_clz.o(x$fpl$drsb)
    _drsb                                    0x000148b9   Thumb Code    22  daddsub_clz.o(x$fpl$drsb)
    _dsqrt                                   0x000148d1   Thumb Code   456  dsqrt_noumaal.o(x$fpl$dsqrt)
    __aeabi_dsub                             0x00014a9d   Thumb Code     0  daddsub_clz.o(x$fpl$dsub)
    _dsub                                    0x00014a9d   Thumb Code   464  daddsub_clz.o(x$fpl$dsub)
    __aeabi_f2d                              0x00014c71   Thumb Code     0  f2d.o(x$fpl$f2d)
    _f2d                                     0x00014c71   Thumb Code    86  f2d.o(x$fpl$f2d)
    __aeabi_fadd                             0x00014cc9   Thumb Code     0  faddsub_clz.o(x$fpl$fadd)
    _fadd                                    0x00014cc9   Thumb Code   196  faddsub_clz.o(x$fpl$fadd)
    __fpl_fcmp_Inf                           0x00014d8d   Thumb Code    24  fcmpi.o(x$fpl$fcmpinf)
    __aeabi_fdiv                             0x00014da5   Thumb Code     0  fdiv.o(x$fpl$fdiv)
    _fdiv                                    0x00014da5   Thumb Code   384  fdiv.o(x$fpl$fdiv)
    __aeabi_f2iz                             0x00014f29   Thumb Code     0  ffix.o(x$fpl$ffix)
    _ffix                                    0x00014f29   Thumb Code    54  ffix.o(x$fpl$ffix)
    __aeabi_f2uiz                            0x00014f61   Thumb Code     0  ffixu.o(x$fpl$ffixu)
    _ffixu                                   0x00014f61   Thumb Code    62  ffixu.o(x$fpl$ffixu)
    __aeabi_ui2f                             0x00014fa1   Thumb Code     0  fflt_clz.o(x$fpl$ffltu)
    _ffltu                                   0x00014fa1   Thumb Code    38  fflt_clz.o(x$fpl$ffltu)
    __aeabi_cfcmple                          0x00014fc9   Thumb Code     0  fleqf.o(x$fpl$fleqf)
    _fcmple                                  0x00014fc9   Thumb Code   104  fleqf.o(x$fpl$fleqf)
    __fpl_fcmple_InfNaN                      0x0001501b   Thumb Code     0  fleqf.o(x$fpl$fleqf)
    __aeabi_fmul                             0x00015031   Thumb Code     0  fmul.o(x$fpl$fmul)
    _fmul                                    0x00015031   Thumb Code   258  fmul.o(x$fpl$fmul)
    __fpl_fnaninf                            0x00015133   Thumb Code   140  fnaninf.o(x$fpl$fnaninf)
    __fpl_fretinf                            0x000151bf   Thumb Code    10  fretinf.o(x$fpl$fretinf)
    __aeabi_cfrcmple                         0x000151c9   Thumb Code     0  frleqf.o(x$fpl$frleqf)
    _frcmple                                 0x000151c9   Thumb Code    98  frleqf.o(x$fpl$frleqf)
    __aeabi_fsub                             0x0001522d   Thumb Code     0  faddsub_clz.o(x$fpl$fsub)
    _fsub                                    0x0001522d   Thumb Code   234  faddsub_clz.o(x$fpl$fsub)
    _printf_fp_dec                           0x00015317   Thumb Code     4  printf1.o(x$fpl$printf1)
    __fpl_return_NaN                         0x0001531b   Thumb Code   100  retnan.o(x$fpl$retnan)
    __ARM_scalbn                             0x0001537f   Thumb Code    92  scalbn.o(x$fpl$scalbn)
    __fpl_cmpreturn                          0x000153db   Thumb Code    48  trapv.o(x$fpl$trapveneer)
    GB_21                                    0x0001540a   Data        7735  lpc177x_8x_lcd.o(.constdata)
    __I$use$fp                               0x0001540a   Number         0  usenofp.o(x$fpl$usenofp)
    GB_16                                    0x00017241   Data        5746  lpc177x_8x_lcd.o(.constdata)
    LogoStream                               0x000188b4   Data        1440  logo.o(.constdata)
    _C                                       0x000198c4   Data         280  asciilib.o(.constdata)
    _p                                       0x000199dc   Data         280  asciilib.o(.constdata)
    _num                                     0x00019af4   Data        2944  asciilib.o(.constdata)
    Out_Assic                                0x0001a674   Data        7720  asciilib.o(.constdata)
    nBitmapDot                               0x0001c49c   Data         144  asciilib.o(.constdata)
    Num_1                                    0x0001c52c   Data          81  use_disp.o(.constdata)
    Test_Setitem                             0x0001c57d   Data          60  use_disp.o(.constdata)
    Test_Setitem_E                           0x0001c5b9   Data          90  use_disp.o(.constdata)
    Test_Tirpvalue                           0x0001c613   Data          14  use_disp.o(.constdata)
    Test_Tirpvalue_E                         0x0001c621   Data          14  use_disp.o(.constdata)
    Test_Speedvalue                          0x0001c62f   Data          14  use_disp.o(.constdata)
    Test_Speedvalue_E                        0x0001c63d   Data          14  use_disp.o(.constdata)
    Test_Compvalue                           0x0001c64b   Data          14  use_disp.o(.constdata)
    Test_Compvalue_E                         0x0001c659   Data          14  use_disp.o(.constdata)
    Disp_VR                                  0x0001c667   Data          21  use_disp.o(.constdata)
    Disp_VR_E                                0x0001c67c   Data          21  use_disp.o(.constdata)
    Sys_Disp_Main                            0x0001c691   Data          91  use_disp.o(.constdata)
    Sys_Disp_Main_E                          0x0001c6ec   Data          91  use_disp.o(.constdata)
    Sys_config_Disp_Main                     0x0001c747   Data          50  use_disp.o(.constdata)
    Sys_config_Disp_Main_E                   0x0001c779   Data          65  use_disp.o(.constdata)
    Button_TipPage1                          0x0001c7ba   Data          40  use_disp.o(.constdata)
    Button_TipPage2                          0x0001c7e2   Data          40  use_disp.o(.constdata)
    Button_TipPage3                          0x0001c80a   Data          40  use_disp.o(.constdata)
    Cp_Button_Tip                            0x0001c832   Data          40  use_disp.o(.constdata)
    Cs_Button_Tip                            0x0001c85a   Data          40  use_disp.o(.constdata)
    Lp_Button_Tip1                           0x0001c882   Data          40  use_disp.o(.constdata)
    Lp_Button_Tip2                           0x0001c8aa   Data          40  use_disp.o(.constdata)
    Ls_Button_Tip                            0x0001c8d2   Data          40  use_disp.o(.constdata)
    Z_Button_Tip                             0x0001c8fa   Data          40  use_disp.o(.constdata)
    Y_Button_Tip                             0x0001c922   Data          40  use_disp.o(.constdata)
    R_Button_Tip                             0x0001c94a   Data          40  use_disp.o(.constdata)
    User_FUNC                                0x0001c972   Data         216  use_disp.o(.constdata)
    RangeDisp_Main                           0x0001ca4a   Data          92  use_disp.o(.constdata)
    RangeDisp_Second                         0x0001caa6   Data          92  use_disp.o(.constdata)
    Fun_SelectValue                          0x0001cb02   Data          28  use_disp.o(.constdata)
    FreqNum                                  0x0001cb20   Data         152  use_disp.o(.constdata)
    User_Freq                                0x0001cbb8   Data         451  use_disp.o(.constdata)
    Setup_Beep                               0x0001cd7b   Data          28  use_disp.o(.constdata)
    Setup_Beep_E                             0x0001cd97   Data          48  use_disp.o(.constdata)
    Setup_Beep1                              0x0001cdc7   Data          32  use_disp.o(.constdata)
    Setup_Beep1_E                            0x0001cde7   Data          48  use_disp.o(.constdata)
    FreqButton_Tip                           0x0001ce17   Data          40  use_disp.o(.constdata)
    User_Level                               0x0001ce3f   Data          33  use_disp.o(.constdata)
    LevleButton_Tip                          0x0001ce60   Data          40  use_disp.o(.constdata)
    User_Range                               0x0001ce88   Data          88  use_disp.o(.constdata)
    Auto_Range                               0x0001cee0   Data          88  use_disp.o(.constdata)
    RangeButton_Tip                          0x0001cf38   Data          24  use_disp.o(.constdata)
    User_Biad                                0x0001cf50   Data          11  use_disp.o(.constdata)
    BiasButton_Tip                           0x0001cf5b   Data          16  use_disp.o(.constdata)
    User_Speed                               0x0001cf6b   Data          33  use_disp.o(.constdata)
    SpeedButton_Tip                          0x0001cf8c   Data          24  use_disp.o(.constdata)
    User_Comp                                0x0001cfa4   Data          22  use_disp.o(.constdata)
    Limit_Scan_Fun                           0x0001cfba   Data          10  use_disp.o(.constdata)
    Limit_Scan_Page                          0x0001cfc4   Data          14  use_disp.o(.constdata)
    Limit_Scan_Page_E                        0x0001cfd2   Data          14  use_disp.o(.constdata)
    Sys_Bais_Value                           0x0001cfe0   Data          14  use_disp.o(.constdata)
    Sys_Addr_value                           0x0001cfee   Data          35  use_disp.o(.constdata)
    Switch_Value                             0x0001d011   Data          10  use_disp.o(.constdata)
    CompButton_Tip                           0x0001d01b   Data          16  use_disp.o(.constdata)
    User_ListMode                            0x0001d02b   Data          22  use_disp.o(.constdata)
    ListModeButton_Tip                       0x0001d041   Data          16  use_disp.o(.constdata)
    Setup_Trig                               0x0001d051   Data          44  use_disp.o(.constdata)
    SetupTrig_Button_Tip                     0x0001d07d   Data          32  use_disp.o(.constdata)
    Setup_Alc                                0x0001d09d   Data          22  use_disp.o(.constdata)
    SetupAlc_Button_Tip                      0x0001d0b3   Data          16  use_disp.o(.constdata)
    Setup_Rsou                               0x0001d0c3   Data          22  use_disp.o(.constdata)
    SetupRsou_Button_Tip                     0x0001d0d9   Data          16  use_disp.o(.constdata)
    SetupTrigDly_Button_Tip                  0x0001d0e9   Data          16  use_disp.o(.constdata)
    Setup_Rev_A                              0x0001d0f9   Data          33  use_disp.o(.constdata)
    SetupRev_A_Button_Tip                    0x0001d11a   Data          24  use_disp.o(.constdata)
    Setup_Rev_B                              0x0001d132   Data          33  use_disp.o(.constdata)
    SetupRev_B_Button_Tip                    0x0001d153   Data          24  use_disp.o(.constdata)
    SetupAvg_Button_Tip                      0x0001d16b   Data          16  use_disp.o(.constdata)
    Setup_Vm                                 0x0001d17b   Data          22  use_disp.o(.constdata)
    SetupVm_Button_Tip                       0x0001d191   Data          16  use_disp.o(.constdata)
    Setup_Dcr                                0x0001d1a1   Data          22  use_disp.o(.constdata)
    SetupDcr_Button_Tip                      0x0001d1b7   Data          16  use_disp.o(.constdata)
    SetupRefa_Button_Tip                     0x0001d1c7   Data           8  use_disp.o(.constdata)
    SetupRefB_Button_Tip                     0x0001d1cf   Data           8  use_disp.o(.constdata)
    Correct_Open                             0x0001d1d7   Data          22  use_disp.o(.constdata)
    CorrectOpen_Button_Tip                   0x0001d1ed   Data          16  use_disp.o(.constdata)
    Correct_Short                            0x0001d1fd   Data          22  use_disp.o(.constdata)
    CorrectShort_Button_Tip                  0x0001d213   Data          16  use_disp.o(.constdata)
    Correct_Load                             0x0001d223   Data          22  use_disp.o(.constdata)
    CorrectLoad_Button_Tip                   0x0001d239   Data          16  use_disp.o(.constdata)
    CorrectSpot_Button_Tip                   0x0001d249   Data          32  use_disp.o(.constdata)
    Correct_Freq                             0x0001d269   Data          22  use_disp.o(.constdata)
    CorrectFreq_Button_Tip                   0x0001d27f   Data          16  use_disp.o(.constdata)
    Correct_Cable                            0x0001d28f   Data          44  use_disp.o(.constdata)
    CorrectCable_Button_Tip                  0x0001d2bb   Data          32  use_disp.o(.constdata)
    Range_Item                               0x0001d2db   Data          56  use_disp.o(.constdata)
    Range_Item_E                             0x0001d313   Data          56  use_disp.o(.constdata)
    Set_testitem                             0x0001d34b   Data         180  use_disp.o(.constdata)
    Set_testitem_E                           0x0001d3ff   Data         180  use_disp.o(.constdata)
    Sys_Sys                                  0x0001d4b3   Data          84  use_disp.o(.constdata)
    Sys_Sys_E                                0x0001d507   Data          84  use_disp.o(.constdata)
    Sys_Sys1                                 0x0001d55b   Data          84  use_disp.o(.constdata)
    Sys_Sys1_E                               0x0001d5af   Data          84  use_disp.o(.constdata)
    Sys_Setitem                              0x0001d603   Data          88  use_disp.o(.constdata)
    Sys_Setitem_E                            0x0001d65b   Data          88  use_disp.o(.constdata)
    All_TopName                              0x0001d6b3   Data         242  use_disp.o(.constdata)
    All_TopName_E                            0x0001d7a5   Data         242  use_disp.o(.constdata)
    Range_Count_Item                         0x0001d897   Data          21  use_disp.o(.constdata)
    Range_Count_Item_E                       0x0001d8ac   Data          21  use_disp.o(.constdata)
    User_Check_main                          0x0001d8c1   Data          39  use_disp.o(.constdata)
    User_Check_main_E                        0x0001d8e8   Data          39  use_disp.o(.constdata)
    User_Check_Item                          0x0001d90f   Data          91  use_disp.o(.constdata)
    User_Check_Item_E                        0x0001d96a   Data         234  use_disp.o(.constdata)
    User_LimitList_Item                      0x0001da54   Data          48  use_disp.o(.constdata)
    User_LimitList_Value                     0x0001da84   Data           8  use_disp.o(.constdata)
    User_LimitList_Item_E                    0x0001da8c   Data          48  use_disp.o(.constdata)
    User_LimitList_Item2                     0x0001dabc   Data          44  use_disp.o(.constdata)
    User_LimitScan_Item2                     0x0001dae8   Data          44  use_disp.o(.constdata)
    User_ListScan_Item                       0x0001db14   Data          63  use_disp.o(.constdata)
    User_ListScan_Item_E                     0x0001db53   Data          63  use_disp.o(.constdata)
    Sys_Language_Value                       0x0001db92   Data          16  use_disp.o(.constdata)
    Sys_Buard_Value                          0x0001dba2   Data          56  use_disp.o(.constdata)
    Set_Unit                                 0x0001dbda   Data          60  use_disp.o(.constdata)
    Disp_Unit                                0x0001dc16   Data          21  use_disp.o(.constdata)
    Disp_Range_Main_NUm                      0x0001dc2b   Data          24  use_disp.o(.constdata)
    Disp_Range_Main_Disp                     0x0001dc43   Data          18  use_disp.o(.constdata)
    Main_Func_Comp                           0x0001dc58   Data         192  use_disp.o(.constdata)
    Debug_Comp_ad                            0x0001dd18   Data          24  use_disp.o(.constdata)
    Debug_Comp                               0x0001dd30   Data          24  use_disp.o(.constdata)
    Debug_Dot                                0x0001dd48   Data           7  use_disp.o(.constdata)
    Sys_Data_Comp                            0x0001dd4f   Data          20  use_disp.o(.constdata)
    Scan_Value                               0x0001dd9c   Data           8  key.o(.constdata)
    gImage_open                              0x0001dda4   Data       391680  test.o(.constdata)
    USB_dISPVALUE                            0x0007d7a4   Data          54  test.o(.constdata)
    DOT_POS                                  0x0007d7da   Data           6  test.o(.constdata)
    Uart_Ordel                               0x0007d7e0   Data           9  test.o(.constdata)
    READDATA                                 0x0007d7e9   Data           7  test.o(.constdata)
    Disp_Main_Ord                            0x0007d7f0   Data          81  test.o(.constdata)
    UNIT_VALUE                               0x0007d844   Data          60  test.o(.constdata)
    s_CRCLo                                  0x0007d980   Data         256  debug_frmwrk.o(.constdata)
    __mathlib_zero                           0x0007db50   Data           8  qnan.o(.constdata)
    Region$$Table$$Base                      0x0007dc64   Number         0  anon$$obj.o(Region$$Table)
    Region$$Table$$Limit                     0x0007dc84   Number         0  anon$$obj.o(Region$$Table)
    __ctype                                  0x0007dcad   Data           0  lc_ctype_c.o(locale$$data)
    timer0_counter                           0x10000000   Data           4  timer.o(.data)
    timer1_counter                           0x10000004   Data           4  timer.o(.data)
    timer2_counter                           0x10000008   Data           4  timer.o(.data)
    timer3_counter                           0x1000000c   Data           4  timer.o(.data)
    stable_counter                           0x10000010   Data           4  timer.o(.data)
    Colour                                   0x10000014   Data           8  lpc177x_8x_lcd.o(.data)
    LogoPic                                  0x1000001c   Data          28  logo.o(.data)
    negvalm                                  0x10000038   Data           1  use_disp.o(.data)
    Setup_Valueall                           0x1000003c   Data           8  use_disp.o(.data)
    SysTickCnt                               0x10000044   Data           4  key.o(.data)
    res                                      0x10000050   Data           1  test.o(.data)
    br                                       0x10000054   Data           4  test.o(.data)
    PASSWORD                                 0x10000058   Data           4  test.o(.data)
    nodisp_v_flag                            0x1000005c   Data           1  test.o(.data)
    stabletime                               0x1000005e   Data           2  test.o(.data)
    rwatch                                   0x10000060   Data           4  test.o(.data)
    vwatch                                   0x10000064   Data           4  test.o(.data)
    u3sendflag                               0x10000068   Data           1  test.o(.data)
    uartresdelay                             0x1000006c   Data           4  test.o(.data)
    Tick_10ms                                0x10000070   Data           4  test.o(.data)
    OldTick                                  0x10000074   Data           4  test.o(.data)
    g_mods_timeout                           0x10000078   Data           1  test.o(.data)
    powerontest                              0x10000079   Data           1  test.o(.data)
    keynum                                   0x1000007c   Data           4  test.o(.data)
    Rtc_intflag                              0x100000c0   Data           1  globalvalue.o(.data)
    Send_Mainord                             0x100000c1   Data           6  globalvalue.o(.data)
    Test_Unit                                0x100000c7   Data           3  globalvalue.o(.data)
    clear_flag                               0x100000cc   Data           4  globalvalue.o(.data)
    Usb_Open_flag                            0x100000d0   Data           4  globalvalue.o(.data)
    softswitch                               0x100000d4   Data           4  globalvalue.o(.data)
    Uart_Send_Flag                           0x100000d8   Data           1  globalvalue.o(.data)
    usb_oenflag                              0x100000d9   Data           1  globalvalue.o(.data)
    MenuIndex                                0x100000dc   Data           4  globalvalue.o(.data)
    MenuSelect                               0x100000e0   Data           4  globalvalue.o(.data)
    SystemStatus                             0x100000e4   Data           4  globalvalue.o(.data)
    SystemMessage                            0x100000e8   Data           4  globalvalue.o(.data)
    Disp_Coordinates                         0x100000ec   Data           6  globalvalue.o(.data)
    SystemCoreClock                          0x100000f4   Data           4  system_lpc177x_8x.o(.data)
    PeripheralClock                          0x100000f8   Data           4  system_lpc177x_8x.o(.data)
    EMCClock                                 0x100000fc   Data           4  system_lpc177x_8x.o(.data)
    USBClock                                 0x10000100   Data           4  system_lpc177x_8x.o(.data)
    _db_msg                                  0x10000104   Data           4  debug_frmwrk.o(.data)
    _db_msg_                                 0x10000108   Data           4  debug_frmwrk.o(.data)
    _db_char                                 0x1000010c   Data           4  debug_frmwrk.o(.data)
    _db_dec                                  0x10000110   Data           4  debug_frmwrk.o(.data)
    _db_dec_16                               0x10000114   Data           4  debug_frmwrk.o(.data)
    _db_dec_32                               0x10000118   Data           4  debug_frmwrk.o(.data)
    _db_hex                                  0x1000011c   Data           4  debug_frmwrk.o(.data)
    _db_hex_16                               0x10000120   Data           4  debug_frmwrk.o(.data)
    _db_hex_32                               0x10000124   Data           4  debug_frmwrk.o(.data)
    _db_hex_                                 0x10000128   Data           4  debug_frmwrk.o(.data)
    _db_hex_16_                              0x1000012c   Data           4  debug_frmwrk.o(.data)
    _db_hex_32_                              0x10000130   Data           4  debug_frmwrk.o(.data)
    _db_get_char                             0x10000134   Data           4  debug_frmwrk.o(.data)
    _db_get_val                              0x10000138   Data           4  debug_frmwrk.o(.data)
    vflag                                    0x1000013c   Data           1  debug_frmwrk.o(.data)
    gUSBConnected                            0x1000014c   Data           4  usbhost_lpc17xx.o(.data)
    HOST_RhscIntr                            0x10000150   Data           4  usbhost_lpc17xx.o(.data)
    HOST_WdhIntr                             0x10000154   Data           4  usbhost_lpc17xx.o(.data)
    HOST_TDControlStatus                     0x10000158   Data           1  usbhost_lpc17xx.o(.data)
    EDCtrl                                   0x1000015c   Data           4  usbhost_lpc17xx.o(.data)
    EDBulkIn                                 0x10000160   Data           4  usbhost_lpc17xx.o(.data)
    EDBulkOut                                0x10000164   Data           4  usbhost_lpc17xx.o(.data)
    TDHead                                   0x10000168   Data           4  usbhost_lpc17xx.o(.data)
    TDTail                                   0x1000016c   Data           4  usbhost_lpc17xx.o(.data)
    Hcca                                     0x10000170   Data           4  usbhost_lpc17xx.o(.data)
    TDBufNonVol                              0x10000174   Data           4  usbhost_lpc17xx.o(.data)
    TDBuffer                                 0x10000178   Data           4  usbhost_lpc17xx.o(.data)
    FATBuffer                                0x1000017c   Data           4  usbhost_lpc17xx.o(.data)
    UserBuffer                               0x10000180   Data           4  usbhost_lpc17xx.o(.data)
    UnrecoverableIntCount                    0x10000184   Data           4  usbhost_lpc17xx.o(.data)
    MS_BlkSize                               0x10000188   Data           4  usbhost_ms.o(.data)
    numBlks                                  0x10000190   Data           4  diskio.o(.data)
    blkSize                                  0x10000194   Data           4  diskio.o(.data)
    fs                                       0x100001a0   Data         560  test.o(.bss)
    fsrc                                     0x100003d0   Data         548  test.o(.bss)
    g_tModS                                  0x100005f4   Data         163  test.o(.bss)
    testwatch                                0x10000698   Data        2000  test.o(.bss)
    Save_Res                                 0x10000e68   Data         260  globalvalue.o(.bss)
    SaveData                                 0x10000f6c   Data       16068  globalvalue.o(.bss)
    Saveeeprom                               0x10004e30   Data         676  globalvalue.o(.bss)
    Test_Dispvalue                           0x100050d8   Data         192  globalvalue.o(.bss)
    Comp_Testvalue                           0x10005198   Data          96  globalvalue.o(.bss)
    Comp_Change                              0x100051f8   Data          80  globalvalue.o(.bss)
    Send_buff2                               0x10005248   Data          30  globalvalue.o(.bss)
    RTC_TIME_DISP                            0x10005268   Data          32  globalvalue.o(.bss)
    Count_buff                               0x10005288   Data          48  globalvalue.o(.bss)
    DispBuf                                  0x100052b8   Data          12  globalvalue.o(.bss)
    ComBuf                                   0x100052c4   Data          85  debug_frmwrk.o(.bss)
    ComBuf3                                  0x10005319   Data          85  debug_frmwrk.o(.bss)
    inquiryResult                            0x10005778   Data          36  diskio.o(.bss)
    __libspace_start                         0x1000579c   Data          96  libspace.o(.bss)
    __temporary_stack_top$libspace           0x100057fc   Data           0  libspace.o(.bss)



==============================================================================

Memory Map of the image

  Image Entry point : 0x000000e5

  Load Region LR_IROM1 (Base: 0x00000000, Size: 0x0007df50, Max: 0x00080000, ABSOLUTE, COMPRESSED[0x0007dde0])

    Execution Region ER_IROM1 (Exec base: 0x00000000, Load base: 0x00000000, Size: 0x0007ddb0, Max: 0x00080000, ABSOLUTE)

    Exec Addr    Load Addr    Size         Type   Attr      Idx    E Section Name        Object

    0x00000000   0x00000000   0x000000e4   Data   RO          452    RESET               startup_lpc177x_8x.o
    0x000000e4   0x000000e4   0x00000008   Code   RO          854  * !!!main             c_w.l(__main.o)
    0x000000ec   0x000000ec   0x00000034   Code   RO         1274    !!!scatter          c_w.l(__scatter.o)
    0x00000120   0x00000120   0x0000005a   Code   RO         1272    !!dczerorl2         c_w.l(__dczerorl2.o)
    0x0000017a   0x0000017a   0x00000002   PAD
    0x0000017c   0x0000017c   0x0000001c   Code   RO         1276    !!handler_zi        c_w.l(__scatter_zi.o)
    0x00000198   0x00000198   0x00000000   Code   RO          839    .ARM.Collect$$_printf_percent$$00000000  c_w.l(_printf_percent.o)
    0x00000198   0x00000198   0x00000006   Code   RO          981    .ARM.Collect$$_printf_percent$$00000001  c_w.l(_printf_n.o)
    0x0000019e   0x0000019e   0x00000006   Code   RO          983    .ARM.Collect$$_printf_percent$$00000002  c_w.l(_printf_p.o)
    0x000001a4   0x000001a4   0x00000006   Code   RO          987    .ARM.Collect$$_printf_percent$$00000003  c_w.l(_printf_f.o)
    0x000001aa   0x000001aa   0x00000006   Code   RO          988    .ARM.Collect$$_printf_percent$$00000004  c_w.l(_printf_e.o)
    0x000001b0   0x000001b0   0x00000006   Code   RO          989    .ARM.Collect$$_printf_percent$$00000005  c_w.l(_printf_g.o)
    0x000001b6   0x000001b6   0x00000006   Code   RO          990    .ARM.Collect$$_printf_percent$$00000006  c_w.l(_printf_a.o)
    0x000001bc   0x000001bc   0x0000000a   Code   RO          995    .ARM.Collect$$_printf_percent$$00000007  c_w.l(_printf_ll.o)
    0x000001c6   0x000001c6   0x00000006   Code   RO          985    .ARM.Collect$$_printf_percent$$00000008  c_w.l(_printf_i.o)
    0x000001cc   0x000001cc   0x00000006   Code   RO          838    .ARM.Collect$$_printf_percent$$00000009  c_w.l(_printf_d.o)
    0x000001d2   0x000001d2   0x00000006   Code   RO          986    .ARM.Collect$$_printf_percent$$0000000A  c_w.l(_printf_u.o)
    0x000001d8   0x000001d8   0x00000006   Code   RO          984    .ARM.Collect$$_printf_percent$$0000000B  c_w.l(_printf_o.o)
    0x000001de   0x000001de   0x00000006   Code   RO          982    .ARM.Collect$$_printf_percent$$0000000C  c_w.l(_printf_x.o)
    0x000001e4   0x000001e4   0x00000006   Code   RO          992    .ARM.Collect$$_printf_percent$$0000000D  c_w.l(_printf_lli.o)
    0x000001ea   0x000001ea   0x00000006   Code   RO          993    .ARM.Collect$$_printf_percent$$0000000E  c_w.l(_printf_lld.o)
    0x000001f0   0x000001f0   0x00000006   Code   RO          994    .ARM.Collect$$_printf_percent$$0000000F  c_w.l(_printf_llu.o)
    0x000001f6   0x000001f6   0x00000006   Code   RO          999    .ARM.Collect$$_printf_percent$$00000010  c_w.l(_printf_llo.o)
    0x000001fc   0x000001fc   0x00000006   Code   RO         1000    .ARM.Collect$$_printf_percent$$00000011  c_w.l(_printf_llx.o)
    0x00000202   0x00000202   0x0000000a   Code   RO          996    .ARM.Collect$$_printf_percent$$00000012  c_w.l(_printf_l.o)
    0x0000020c   0x0000020c   0x00000006   Code   RO          979    .ARM.Collect$$_printf_percent$$00000013  c_w.l(_printf_c.o)
    0x00000212   0x00000212   0x00000006   Code   RO          980    .ARM.Collect$$_printf_percent$$00000014  c_w.l(_printf_s.o)
    0x00000218   0x00000218   0x00000006   Code   RO          997    .ARM.Collect$$_printf_percent$$00000015  c_w.l(_printf_lc.o)
    0x0000021e   0x0000021e   0x00000006   Code   RO          998    .ARM.Collect$$_printf_percent$$00000016  c_w.l(_printf_ls.o)
    0x00000224   0x00000224   0x00000004   Code   RO          991    .ARM.Collect$$_printf_percent$$00000017  c_w.l(_printf_percent_end.o)
    0x00000228   0x00000228   0x00000002   Code   RO         1136    .ARM.Collect$$libinit$$00000000  c_w.l(libinit.o)
    0x0000022a   0x0000022a   0x00000000   Code   RO         1153    .ARM.Collect$$libinit$$00000002  c_w.l(libinit2.o)
    0x0000022a   0x0000022a   0x00000000   Code   RO         1155    .ARM.Collect$$libinit$$00000004  c_w.l(libinit2.o)
    0x0000022a   0x0000022a   0x00000000   Code   RO         1158    .ARM.Collect$$libinit$$0000000A  c_w.l(libinit2.o)
    0x0000022a   0x0000022a   0x00000000   Code   RO         1160    .ARM.Collect$$libinit$$0000000C  c_w.l(libinit2.o)
    0x0000022a   0x0000022a   0x00000000   Code   RO         1162    .ARM.Collect$$libinit$$0000000E  c_w.l(libinit2.o)
    0x0000022a   0x0000022a   0x00000006   Code   RO         1163    .ARM.Collect$$libinit$$0000000F  c_w.l(libinit2.o)
    0x00000230   0x00000230   0x00000000   Code   RO         1165    .ARM.Collect$$libinit$$00000011  c_w.l(libinit2.o)
    0x00000230   0x00000230   0x0000000c   Code   RO         1166    .ARM.Collect$$libinit$$00000012  c_w.l(libinit2.o)
    0x0000023c   0x0000023c   0x00000000   Code   RO         1167    .ARM.Collect$$libinit$$00000013  c_w.l(libinit2.o)
    0x0000023c   0x0000023c   0x00000000   Code   RO         1169    .ARM.Collect$$libinit$$00000015  c_w.l(libinit2.o)
    0x0000023c   0x0000023c   0x0000000a   Code   RO         1170    .ARM.Collect$$libinit$$00000016  c_w.l(libinit2.o)
    0x00000246   0x00000246   0x00000000   Code   RO         1171    .ARM.Collect$$libinit$$00000017  c_w.l(libinit2.o)
    0x00000246   0x00000246   0x00000000   Code   RO         1173    .ARM.Collect$$libinit$$00000019  c_w.l(libinit2.o)
    0x00000246   0x00000246   0x00000000   Code   RO         1175    .ARM.Collect$$libinit$$0000001B  c_w.l(libinit2.o)
    0x00000246   0x00000246   0x00000000   Code   RO         1177    .ARM.Collect$$libinit$$0000001D  c_w.l(libinit2.o)
    0x00000246   0x00000246   0x00000000   Code   RO         1179    .ARM.Collect$$libinit$$0000001F  c_w.l(libinit2.o)
    0x00000246   0x00000246   0x00000000   Code   RO         1181    .ARM.Collect$$libinit$$00000021  c_w.l(libinit2.o)
    0x00000246   0x00000246   0x00000000   Code   RO         1183    .ARM.Collect$$libinit$$00000023  c_w.l(libinit2.o)
    0x00000246   0x00000246   0x00000000   Code   RO         1185    .ARM.Collect$$libinit$$00000025  c_w.l(libinit2.o)
    0x00000246   0x00000246   0x00000000   Code   RO         1189    .ARM.Collect$$libinit$$0000002C  c_w.l(libinit2.o)
    0x00000246   0x00000246   0x00000000   Code   RO         1191    .ARM.Collect$$libinit$$0000002E  c_w.l(libinit2.o)
    0x00000246   0x00000246   0x00000000   Code   RO         1193    .ARM.Collect$$libinit$$00000030  c_w.l(libinit2.o)
    0x00000246   0x00000246   0x00000000   Code   RO         1195    .ARM.Collect$$libinit$$00000032  c_w.l(libinit2.o)
    0x00000246   0x00000246   0x00000002   Code   RO         1196    .ARM.Collect$$libinit$$00000033  c_w.l(libinit2.o)
    0x00000248   0x00000248   0x00000002   Code   RO         1229    .ARM.Collect$$libshutdown$$00000000  c_w.l(libshutdown.o)
    0x0000024a   0x0000024a   0x00000000   Code   RO         1255    .ARM.Collect$$libshutdown$$00000002  c_w.l(libshutdown2.o)
    0x0000024a   0x0000024a   0x00000000   Code   RO         1257    .ARM.Collect$$libshutdown$$00000004  c_w.l(libshutdown2.o)
    0x0000024a   0x0000024a   0x00000000   Code   RO         1260    .ARM.Collect$$libshutdown$$00000007  c_w.l(libshutdown2.o)
    0x0000024a   0x0000024a   0x00000000   Code   RO         1263    .ARM.Collect$$libshutdown$$0000000A  c_w.l(libshutdown2.o)
    0x0000024a   0x0000024a   0x00000000   Code   RO         1265    .ARM.Collect$$libshutdown$$0000000C  c_w.l(libshutdown2.o)
    0x0000024a   0x0000024a   0x00000000   Code   RO         1268    .ARM.Collect$$libshutdown$$0000000F  c_w.l(libshutdown2.o)
    0x0000024a   0x0000024a   0x00000002   Code   RO         1269    .ARM.Collect$$libshutdown$$00000010  c_w.l(libshutdown2.o)
    0x0000024c   0x0000024c   0x00000000   Code   RO          928    .ARM.Collect$$rtentry$$00000000  c_w.l(__rtentry.o)
    0x0000024c   0x0000024c   0x00000000   Code   RO         1046    .ARM.Collect$$rtentry$$00000002  c_w.l(__rtentry2.o)
    0x0000024c   0x0000024c   0x00000006   Code   RO         1058    .ARM.Collect$$rtentry$$00000004  c_w.l(__rtentry4.o)
    0x00000252   0x00000252   0x00000000   Code   RO         1048    .ARM.Collect$$rtentry$$00000009  c_w.l(__rtentry2.o)
    0x00000252   0x00000252   0x00000004   Code   RO         1049    .ARM.Collect$$rtentry$$0000000A  c_w.l(__rtentry2.o)
    0x00000256   0x00000256   0x00000000   Code   RO         1051    .ARM.Collect$$rtentry$$0000000C  c_w.l(__rtentry2.o)
    0x00000256   0x00000256   0x00000008   Code   RO         1052    .ARM.Collect$$rtentry$$0000000D  c_w.l(__rtentry2.o)
    0x0000025e   0x0000025e   0x00000002   Code   RO         1141    .ARM.Collect$$rtexit$$00000000  c_w.l(rtexit.o)
    0x00000260   0x00000260   0x00000000   Code   RO         1202    .ARM.Collect$$rtexit$$00000002  c_w.l(rtexit2.o)
    0x00000260   0x00000260   0x00000004   Code   RO         1203    .ARM.Collect$$rtexit$$00000003  c_w.l(rtexit2.o)
    0x00000264   0x00000264   0x00000006   Code   RO         1204    .ARM.Collect$$rtexit$$00000004  c_w.l(rtexit2.o)
    0x0000026a   0x0000026a   0x00000002   PAD
    0x0000026c   0x0000026c   0x00000040   Code   RO          240    .text               asciilib.o
    0x000002ac   0x000002ac   0x00000040   Code   RO          422    .text               globalvalue.o
    0x000002ec   0x000002ec   0x00000006   Code   RO          852    .text               c_w.l(heapauxi.o)
    0x000002f2   0x000002f2   0x0000000a   Code   RO          945    .text               c_w.l(_sputc.o)
    0x000002fc   0x000002fc   0x00000004   Code   RO          453    .ARM.__at_0x02FC    startup_lpc177x_8x.o
    0x00000300   0x00000300   0x00000280   Code   RO            2    .text               ex_sdram.o
    0x00000580   0x00000580   0x0000031c   Code   RO           54    .text               main.o
    0x0000089c   0x0000089c   0x00000314   Code   RO          160    .text               timer.o
    0x00000bb0   0x00000bb0   0x00000d74   Code   RO          186    .text               lpc177x_8x_lcd.o
    0x00001924   0x00001924   0x00005208   Code   RO          279    .text               use_disp.o
    0x00006b2c   0x00006b2c   0x000004d0   Code   RO          315    .text               key.o
    0x00006ffc   0x00006ffc   0x00004d84   Code   RO          364    .text               test.o
    0x0000bd80   0x0000bd80   0x0000003c   Code   RO          454    .text               startup_lpc177x_8x.o
    0x0000bdbc   0x0000bdbc   0x00000384   Code   RO          461    .text               system_lpc177x_8x.o
    0x0000c140   0x0000c140   0x00000452   Code   RO          489    .text               lpc177x_8x_gpio.o
    0x0000c592   0x0000c592   0x00000002   PAD
    0x0000c594   0x0000c594   0x00000110   Code   RO          524    .text               lpc177x_8x_clkpwr.o
    0x0000c6a4   0x0000c6a4   0x00000830   Code   RO          559    .text               lpc177x_8x_uart.o
    0x0000ced4   0x0000ced4   0x00000c14   Code   RO          575    .text               debug_frmwrk.o
    0x0000dae8   0x0000dae8   0x00000248   Code   RO          605    .text               lpc177x_8x_pinsel.o
    0x0000dd30   0x0000dd30   0x000002b8   Code   RO          621    .text               lpc177x_8x_eeprom.o
    0x0000dfe8   0x0000dfe8   0x000005e8   Code   RO          637    .text               lpc177x_8x_rtc.o
    0x0000e5d0   0x0000e5d0   0x00000a7c   Code   RO          653    .text               usbhost_fat.o
    0x0000f04c   0x0000f04c   0x0000085c   Code   RO          671    .text               usbhost_lpc17xx.o
    0x0000f8a8   0x0000f8a8   0x000004f4   Code   RO          704    .text               usbhost_ms.o
    0x0000fd9c   0x0000fd9c   0x00000068   Code   RO          726    .text               rtc.o
    0x0000fe04   0x0000fe04   0x0000016c   Code   RO          745    .text               diskio.o
    0x0000ff70   0x0000ff70   0x00001d46   Code   RO          778    .text               ff.o
    0x00011cb6   0x00011cb6   0x000000ee   Code   RO          804    .text               c_w.l(lludivv7m.o)
    0x00011da4   0x00011da4   0x00000024   Code   RO          806    .text               c_w.l(c89vsprintf.o)
    0x00011dc8   0x00011dc8   0x0000002c   Code   RO          808    .text               c_w.l(__2sprintf.o)
    0x00011df4   0x00011df4   0x0000004e   Code   RO          814    .text               c_w.l(_printf_pad.o)
    0x00011e42   0x00011e42   0x00000002   PAD
    0x00011e44   0x00011e44   0x00000078   Code   RO          816    .text               c_w.l(_printf_dec.o)
    0x00011ebc   0x00011ebc   0x00000188   Code   RO          835    .text               c_w.l(__printf_flags_ss_wp.o)
    0x00012044   0x00012044   0x00000048   Code   RO          840    .text               c_w.l(strcpy.o)
    0x0001208c   0x0001208c   0x00000018   Code   RO          842    .text               c_w.l(strcat.o)
    0x000120a4   0x000120a4   0x0000008a   Code   RO          844    .text               c_w.l(rt_memcpy_v6.o)
    0x0001212e   0x0001212e   0x00000064   Code   RO          846    .text               c_w.l(rt_memcpy_w.o)
    0x00012192   0x00012192   0x0000004e   Code   RO          848    .text               c_w.l(rt_memclr_w.o)
    0x000121e0   0x000121e0   0x00000080   Code   RO          850    .text               c_w.l(strcmpv7m.o)
    0x00012260   0x00012260   0x00000016   Code   RO          933    .text               c_w.l(_rserrno.o)
    0x00012276   0x00012276   0x00000024   Code   RO          935    .text               c_w.l(_printf_truncate.o)
    0x0001229a   0x0001229a   0x00000052   Code   RO          937    .text               c_w.l(_printf_str.o)
    0x000122ec   0x000122ec   0x000000b2   Code   RO          939    .text               c_w.l(_printf_intcommon.o)
    0x0001239e   0x0001239e   0x00000028   Code   RO          941    .text               c_w.l(_printf_charcount.o)
    0x000123c6   0x000123c6   0x00000002   PAD
    0x000123c8   0x000123c8   0x00000030   Code   RO          943    .text               c_w.l(_printf_char_common.o)
    0x000123f8   0x000123f8   0x000000bc   Code   RO          947    .text               c_w.l(_printf_wctomb.o)
    0x000124b4   0x000124b4   0x0000007c   Code   RO          950    .text               c_w.l(_printf_longlong_dec.o)
    0x00012530   0x00012530   0x00000070   Code   RO          956    .text               c_w.l(_printf_oct_int_ll.o)
    0x000125a0   0x000125a0   0x00000094   Code   RO          976    .text               c_w.l(_printf_hex_int_ll_ptr.o)
    0x00012634   0x00012634   0x00000008   Code   RO         1065    .text               c_w.l(rt_errno_addr_intlibspace.o)
    0x0001263c   0x0001263c   0x0000008a   Code   RO         1067    .text               c_w.l(lludiv10.o)
    0x000126c6   0x000126c6   0x0000041e   Code   RO         1069    .text               c_w.l(_printf_fp_dec.o)
    0x00012ae4   0x00012ae4   0x0000002c   Code   RO         1073    .text               c_w.l(_printf_char.o)
    0x00012b10   0x00012b10   0x0000002c   Code   RO         1075    .text               c_w.l(_printf_wchar.o)
    0x00012b3c   0x00012b3c   0x00000040   Code   RO         1077    .text               c_w.l(_wcrtomb.o)
    0x00012b7c   0x00012b7c   0x00000008   Code   RO         1083    .text               c_w.l(libspace.o)
    0x00012b84   0x00012b84   0x0000004a   Code   RO         1086    .text               c_w.l(sys_stackheap_outer.o)
    0x00012bce   0x00012bce   0x00000002   PAD
    0x00012bd0   0x00012bd0   0x00000010   Code   RO         1088    .text               c_w.l(rt_ctype_table.o)
    0x00012be0   0x00012be0   0x00000008   Code   RO         1093    .text               c_w.l(rt_locale_intlibspace.o)
    0x00012be8   0x00012be8   0x00000080   Code   RO         1095    .text               c_w.l(_printf_fp_infnan.o)
    0x00012c68   0x00012c68   0x000000e4   Code   RO         1097    .text               c_w.l(bigflt0.o)
    0x00012d4c   0x00012d4c   0x00000012   Code   RO         1125    .text               c_w.l(exit.o)
    0x00012d5e   0x00012d5e   0x00000002   PAD
    0x00012d60   0x00012d60   0x0000000c   Code   RO         1199    .text               c_w.l(sys_exit.o)
    0x00012d6c   0x00012d6c   0x00000002   Code   RO         1218    .text               c_w.l(use_no_semi.o)
    0x00012d6e   0x00012d6e   0x00000000   Code   RO         1220    .text               c_w.l(indicate_semi.o)
    0x00012d6e   0x00012d6e   0x0000003e   Code   RO         1100    CL$$btod_d2e        c_w.l(btod.o)
    0x00012dac   0x00012dac   0x00000046   Code   RO         1102    CL$$btod_d2e_denorm_low  c_w.l(btod.o)
    0x00012df2   0x00012df2   0x00000060   Code   RO         1101    CL$$btod_d2e_norm_op1  c_w.l(btod.o)
    0x00012e52   0x00012e52   0x00000338   Code   RO         1110    CL$$btod_div_common  c_w.l(btod.o)
    0x0001318a   0x0001318a   0x000000dc   Code   RO         1107    CL$$btod_e2e        c_w.l(btod.o)
    0x00013266   0x00013266   0x0000002a   Code   RO         1104    CL$$btod_ediv       c_w.l(btod.o)
    0x00013290   0x00013290   0x0000002a   Code   RO         1103    CL$$btod_emul       c_w.l(btod.o)
    0x000132ba   0x000132ba   0x00000244   Code   RO         1109    CL$$btod_mult_common  c_w.l(btod.o)
    0x000134fe   0x000134fe   0x00000028   Code   RO         1032    i.__ARM_fpclassify  m_ws.l(fpclassify.o)
    0x00013526   0x00013526   0x000000aa   Code   RO         1034    i.__kernel_poly     m_ws.l(poly.o)
    0x000135d0   0x000135d0   0x00000010   Code   RO         1018    i.__mathlib_dbl_divzero  m_ws.l(dunder.o)
    0x000135e0   0x000135e0   0x00000004   Code   RO         1020    i.__mathlib_dbl_infnan2  m_ws.l(dunder.o)
    0x000135e4   0x000135e4   0x0000000c   Code   RO         1021    i.__mathlib_dbl_invalid  m_ws.l(dunder.o)
    0x000135f0   0x000135f0   0x0000000e   Code   RO         1022    i.__mathlib_dbl_overflow  m_ws.l(dunder.o)
    0x000135fe   0x000135fe   0x00000002   PAD
    0x00013600   0x00013600   0x00000010   Code   RO         1024    i.__mathlib_dbl_underflow  m_ws.l(dunder.o)
    0x00013610   0x00013610   0x0000000e   Code   RO          828    i._is_digit         c_w.l(__printf_wp.o)
    0x0001361e   0x0001361e   0x00000002   PAD
    0x00013620   0x00013620   0x000009d8   Code   RO          919    i.pow               m_ws.l(pow.o)
    0x00013ff8   0x00013ff8   0x0000004c   Code   RO         1038    i.sqrt              m_ws.l(sqrt.o)
    0x00014044   0x00014044   0x0000002c   Code   RO         1123    locale$$code        c_w.l(lc_numeric_c.o)
    0x00014070   0x00014070   0x0000002c   Code   RO         1146    locale$$code        c_w.l(lc_ctype_c.o)
    0x0001409c   0x0001409c   0x00000062   Code   RO          856    x$fpl$d2f           fz_ws.l(d2f.o)
    0x000140fe   0x000140fe   0x00000002   PAD
    0x00014100   0x00014100   0x00000150   Code   RO          858    x$fpl$dadd          fz_ws.l(daddsub_clz.o)
    0x00014250   0x00014250   0x00000010   Code   RO         1079    x$fpl$dcheck1       fz_ws.l(dcheck1.o)
    0x00014260   0x00014260   0x00000018   Code   RO         1001    x$fpl$dcmpinf       fz_ws.l(dcmpi.o)
    0x00014278   0x00014278   0x000002b0   Code   RO          865    x$fpl$ddiv          fz_ws.l(ddiv.o)
    0x00014528   0x00014528   0x0000005a   Code   RO          870    x$fpl$dfixu         fz_ws.l(dfixu.o)
    0x00014582   0x00014582   0x0000002e   Code   RO          875    x$fpl$dflt          fz_ws.l(dflt_clz.o)
    0x000145b0   0x000145b0   0x00000026   Code   RO          874    x$fpl$dfltu         fz_ws.l(dflt_clz.o)
    0x000145d6   0x000145d6   0x00000002   PAD
    0x000145d8   0x000145d8   0x00000078   Code   RO          880    x$fpl$dleqf         fz_ws.l(dleqf.o)
    0x00014650   0x00014650   0x00000154   Code   RO          882    x$fpl$dmul          fz_ws.l(dmul.o)
    0x000147a4   0x000147a4   0x0000009c   Code   RO         1003    x$fpl$dnaninf       fz_ws.l(dnaninf.o)
    0x00014840   0x00014840   0x0000000c   Code   RO         1005    x$fpl$dretinf       fz_ws.l(dretinf.o)
    0x0001484c   0x0001484c   0x0000006c   Code   RO          884    x$fpl$drleqf        fz_ws.l(drleqf.o)
    0x000148b8   0x000148b8   0x00000016   Code   RO          859    x$fpl$drsb          fz_ws.l(daddsub_clz.o)
    0x000148ce   0x000148ce   0x00000002   PAD
    0x000148d0   0x000148d0   0x000001cc   Code   RO         1081    x$fpl$dsqrt         fz_ws.l(dsqrt_noumaal.o)
    0x00014a9c   0x00014a9c   0x000001d4   Code   RO          860    x$fpl$dsub          fz_ws.l(daddsub_clz.o)
    0x00014c70   0x00014c70   0x00000056   Code   RO          886    x$fpl$f2d           fz_ws.l(f2d.o)
    0x00014cc6   0x00014cc6   0x00000002   PAD
    0x00014cc8   0x00014cc8   0x000000c4   Code   RO          888    x$fpl$fadd          fz_ws.l(faddsub_clz.o)
    0x00014d8c   0x00014d8c   0x00000018   Code   RO         1007    x$fpl$fcmpinf       fz_ws.l(fcmpi.o)
    0x00014da4   0x00014da4   0x00000184   Code   RO          895    x$fpl$fdiv          fz_ws.l(fdiv.o)
    0x00014f28   0x00014f28   0x00000036   Code   RO          898    x$fpl$ffix          fz_ws.l(ffix.o)
    0x00014f5e   0x00014f5e   0x00000002   PAD
    0x00014f60   0x00014f60   0x0000003e   Code   RO          902    x$fpl$ffixu         fz_ws.l(ffixu.o)
    0x00014f9e   0x00014f9e   0x00000002   PAD
    0x00014fa0   0x00014fa0   0x00000026   Code   RO          906    x$fpl$ffltu         fz_ws.l(fflt_clz.o)
    0x00014fc6   0x00014fc6   0x00000002   PAD
    0x00014fc8   0x00014fc8   0x00000068   Code   RO          912    x$fpl$fleqf         fz_ws.l(fleqf.o)
    0x00015030   0x00015030   0x00000102   Code   RO          914    x$fpl$fmul          fz_ws.l(fmul.o)
    0x00015132   0x00015132   0x0000008c   Code   RO         1009    x$fpl$fnaninf       fz_ws.l(fnaninf.o)
    0x000151be   0x000151be   0x0000000a   Code   RO         1011    x$fpl$fretinf       fz_ws.l(fretinf.o)
    0x000151c8   0x000151c8   0x00000062   Code   RO          916    x$fpl$frleqf        fz_ws.l(frleqf.o)
    0x0001522a   0x0001522a   0x00000002   PAD
    0x0001522c   0x0001522c   0x000000ea   Code   RO          890    x$fpl$fsub          fz_ws.l(faddsub_clz.o)
    0x00015316   0x00015316   0x00000004   Code   RO         1013    x$fpl$printf1       fz_ws.l(printf1.o)
    0x0001531a   0x0001531a   0x00000064   Code   RO         1139    x$fpl$retnan        fz_ws.l(retnan.o)
    0x0001537e   0x0001537e   0x0000005c   Code   RO         1015    x$fpl$scalbn        fz_ws.l(scalbn.o)
    0x000153da   0x000153da   0x00000030   Code   RO         1197    x$fpl$trapveneer    fz_ws.l(trapv.o)
    0x0001540a   0x0001540a   0x00000000   Code   RO         1017    x$fpl$usenofp       fz_ws.l(usenofp.o)
    0x0001540a   0x0001540a   0x000034a9   Data   RO          187    .constdata          lpc177x_8x_lcd.o
    0x000188b3   0x000188b3   0x00000001   PAD
    0x000188b4   0x000188b4   0x000005a0   Data   RO          223    .constdata          logo.o
    0x00018e54   0x00018e54   0x000036d8   Data   RO          241    .constdata          asciilib.o
    0x0001c52c   0x0001c52c   0x00001870   Data   RO          280    .constdata          use_disp.o
    0x0001dd9c   0x0001dd9c   0x00000008   Data   RO          316    .constdata          key.o
    0x0001dda4   0x0001dda4   0x0005fadc   Data   RO          366    .constdata          test.o
    0x0007d880   0x0007d880   0x00000200   Data   RO          577    .constdata          debug_frmwrk.o
    0x0007da80   0x0007da80   0x00000011   Data   RO          836    .constdata          c_w.l(__printf_flags_ss_wp.o)
    0x0007da91   0x0007da91   0x00000007   PAD
    0x0007da98   0x0007da98   0x00000088   Data   RO          920    .constdata          m_ws.l(pow.o)
    0x0007db20   0x0007db20   0x00000008   Data   RO          948    .constdata          c_w.l(_printf_wctomb.o)
    0x0007db28   0x0007db28   0x00000028   Data   RO          977    .constdata          c_w.l(_printf_hex_int_ll_ptr.o)
    0x0007db50   0x0007db50   0x00000008   Data   RO         1036    .constdata          m_ws.l(qnan.o)
    0x0007db58   0x0007db58   0x00000094   Data   RO         1098    .constdata          c_w.l(bigflt0.o)
    0x0007dbec   0x0007dbec   0x0000000e   Data   RO          224    .conststring        logo.o
    0x0007dbfa   0x0007dbfa   0x00000002   PAD
    0x0007dbfc   0x0007dbfc   0x00000009   Data   RO          367    .conststring        test.o
    0x0007dc05   0x0007dc05   0x00000003   PAD
    0x0007dc08   0x0007dc08   0x00000059   Data   RO          578    .conststring        debug_frmwrk.o
    0x0007dc61   0x0007dc61   0x00000003   PAD
    0x0007dc64   0x0007dc64   0x00000020   Data   RO         1270    Region$$Table       anon$$obj.o
    0x0007dc84   0x0007dc84   0x0000001c   Data   RO         1122    locale$$data        c_w.l(lc_numeric_c.o)
    0x0007dca0   0x0007dca0   0x00000110   Data   RO         1145    locale$$data        c_w.l(lc_ctype_c.o)


    Execution Region RW_IRAM1 (Exec base: 0x10000000, Load base: 0x0007ddb0, Size: 0x00005a00, Max: 0x00010000, ABSOLUTE, COMPRESSED[0x00000030])

    Exec Addr    Load Addr    Size         Type   Attr      Idx    E Section Name        Object

    0x10000000   COMPRESSED   0x00000014   Data   RW          161    .data               timer.o
    0x10000014   COMPRESSED   0x00000008   Data   RW          188    .data               lpc177x_8x_lcd.o
    0x1000001c   COMPRESSED   0x0000001c   Data   RW          225    .data               logo.o
    0x10000038   COMPRESSED   0x0000000c   Data   RW          281    .data               use_disp.o
    0x10000044   COMPRESSED   0x00000006   Data   RW          317    .data               key.o
    0x1000004a   COMPRESSED   0x00000006   PAD
    0x10000050   COMPRESSED   0x00000070   Data   RW          368    .data               test.o
    0x100000c0   COMPRESSED   0x00000032   Data   RW          424    .data               globalvalue.o
    0x100000f2   COMPRESSED   0x00000002   PAD
    0x100000f4   COMPRESSED   0x00000010   Data   RW          462    .data               system_lpc177x_8x.o
    0x10000104   COMPRESSED   0x00000048   Data   RW          579    .data               debug_frmwrk.o
    0x1000014c   COMPRESSED   0x0000003c   Data   RW          672    .data               usbhost_lpc17xx.o
    0x10000188   COMPRESSED   0x00000008   Data   RW          705    .data               usbhost_ms.o
    0x10000190   COMPRESSED   0x00000008   Data   RW          747    .data               diskio.o
    0x10000198   COMPRESSED   0x00000006   Data   RW          779    .data               ff.o
    0x1000019e   COMPRESSED   0x00000002   PAD
    0x100001a0        -       0x00000cc8   Zero   RW          365    .bss                test.o
    0x10000e68        -       0x0000445c   Zero   RW          423    .bss                globalvalue.o
    0x100052c4        -       0x000002ab   Zero   RW          576    .bss                debug_frmwrk.o
    0x1000556f   COMPRESSED   0x00000001   PAD
    0x10005570        -       0x00000208   Zero   RW          654    .bss                usbhost_fat.o
    0x10005778        -       0x00000024   Zero   RW          746    .bss                diskio.o
    0x1000579c        -       0x00000060   Zero   RW         1084    .bss                c_w.l(libspace.o)
    0x100057fc   COMPRESSED   0x00000004   PAD
    0x10005800        -       0x00000000   Zero   RW          451    HEAP                startup_lpc177x_8x.o
    0x10005800        -       0x00000200   Zero   RW          450    STACK               startup_lpc177x_8x.o


==============================================================================

Image component sizes


      Code (inc. data)   RO Data    RW Data    ZI Data      Debug   Object Name

        64         10      14040          0          0       1409   asciilib.o
      3092        294        601         72        683      13851   debug_frmwrk.o
       364         36          0          8         36       4158   diskio.o
       640         36          0          0          0      28723   ex_sdram.o
      7494         40          0          6          0      23476   ff.o
        64          8          0         50      17500       9142   globalvalue.o
      1232         20          8          6          0      20095   key.o
         0          0       1454         28          0        473   logo.o
       272         28          0          0          0       1523   lpc177x_8x_clkpwr.o
       696         16          0          0          0       1905   lpc177x_8x_eeprom.o
      1106         28          0          0          0       9272   lpc177x_8x_gpio.o
      3444         86      13481          8          0      21251   lpc177x_8x_lcd.o
       584          6          0          0          0       4762   lpc177x_8x_pinsel.o
      1512         64          0          0          0       5611   lpc177x_8x_rtc.o
      2096         28          0          0          0       9505   lpc177x_8x_uart.o
       796         66          0          0          0      44380   main.o
       104         14          0          0          0        653   rtc.o
        64         26        228          0        512       1092   startup_lpc177x_8x.o
       900         38          0         16          0       1263   system_lpc177x_8x.o
     19844       1650     391909        112       3272      48371   test.o
       788         42          0         20          0      19312   timer.o
      2684         40          0          0        520       9400   usbhost_fat.o
      2140        126          0         60          0      26183   usbhost_lpc17xx.o
      1268         42          0          8          0       4925   usbhost_ms.o
     21000       1874       6256         12          0      34503   use_disp.o

    ----------------------------------------------------------------------
     72250       4618     428018        416      22524     345238   Object Totals
         0          0         32          0          0          0   (incl. Generated)
         2          0          9         10          1          0   (incl. Padding)

    ----------------------------------------------------------------------

      Code (inc. data)   RO Data    RW Data    ZI Data      Debug   Library Member Name

        44          6          0          0          0         84   __2sprintf.o
        90          0          0          0          0          0   __dczerorl2.o
         8          0          0          0          0         68   __main.o
       392          4         17          0          0         92   __printf_flags_ss_wp.o
        14          0          0          0          0         68   __printf_wp.o
         0          0          0          0          0          0   __rtentry.o
        12          0          0          0          0          0   __rtentry2.o
         6          0          0          0          0          0   __rtentry4.o
        52          8          0          0          0          0   __scatter.o
        28          0          0          0          0          0   __scatter_zi.o
         6          0          0          0          0          0   _printf_a.o
         6          0          0          0          0          0   _printf_c.o
        44          0          0          0          0        108   _printf_char.o
        48          6          0          0          0         96   _printf_char_common.o
        40          0          0          0          0         68   _printf_charcount.o
         6          0          0          0          0          0   _printf_d.o
       120         16          0          0          0         92   _printf_dec.o
         6          0          0          0          0          0   _printf_e.o
         6          0          0          0          0          0   _printf_f.o
      1054          0          0          0          0        216   _printf_fp_dec.o
       128         16          0          0          0         84   _printf_fp_infnan.o
         6          0          0          0          0          0   _printf_g.o
       148          4         40          0          0        160   _printf_hex_int_ll_ptr.o
         6          0          0          0          0          0   _printf_i.o
       178          0          0          0          0         88   _printf_intcommon.o
        10          0          0          0          0          0   _printf_l.o
         6          0          0          0          0          0   _printf_lc.o
        10          0          0          0          0          0   _printf_ll.o
         6          0          0          0          0          0   _printf_lld.o
         6          0          0          0          0          0   _printf_lli.o
         6          0          0          0          0          0   _printf_llo.o
         6          0          0          0          0          0   _printf_llu.o
         6          0          0          0          0          0   _printf_llx.o
       124         16          0          0          0         92   _printf_longlong_dec.o
         6          0          0          0          0          0   _printf_ls.o
         6          0          0          0          0          0   _printf_n.o
         6          0          0          0          0          0   _printf_o.o
       112         10          0          0          0        124   _printf_oct_int_ll.o
         6          0          0          0          0          0   _printf_p.o
        78          0          0          0          0        108   _printf_pad.o
         0          0          0          0          0          0   _printf_percent.o
         4          0          0          0          0          0   _printf_percent_end.o
         6          0          0          0          0          0   _printf_s.o
        82          0          0          0          0         80   _printf_str.o
        36          0          0          0          0         84   _printf_truncate.o
         6          0          0          0          0          0   _printf_u.o
        44          0          0          0          0        108   _printf_wchar.o
       188          6          8          0          0         92   _printf_wctomb.o
         6          0          0          0          0          0   _printf_x.o
        22          0          0          0          0        100   _rserrno.o
        10          0          0          0          0         68   _sputc.o
        64          0          0          0          0         92   _wcrtomb.o
       228          4        148          0          0         96   bigflt0.o
      1936        128          0          0          0        672   btod.o
        36          4          0          0          0         76   c89vsprintf.o
        18          0          0          0          0         80   exit.o
         6          0          0          0          0        152   heapauxi.o
         0          0          0          0          0          0   indicate_semi.o
        44         10        272          0          0         76   lc_ctype_c.o
        44         10         28          0          0         76   lc_numeric_c.o
         2          0          0          0          0          0   libinit.o
        30          0          0          0          0          0   libinit2.o
         2          0          0          0          0          0   libshutdown.o
         2          0          0          0          0          0   libshutdown2.o
         8          4          0          0         96         68   libspace.o
       138          0          0          0          0         80   lludiv10.o
       238          0          0          0          0        100   lludivv7m.o
        16          4          0          0          0         76   rt_ctype_table.o
         8          4          0          0          0         68   rt_errno_addr_intlibspace.o
         8          4          0          0          0         68   rt_locale_intlibspace.o
        78          0          0          0          0         80   rt_memclr_w.o
       138          0          0          0          0         68   rt_memcpy_v6.o
       100          0          0          0          0         80   rt_memcpy_w.o
         2          0          0          0          0          0   rtexit.o
        10          0          0          0          0          0   rtexit2.o
        24          0          0          0          0         68   strcat.o
       128          0          0          0          0         68   strcmpv7m.o
        72          0          0          0          0         80   strcpy.o
        12          4          0          0          0         68   sys_exit.o
        74          0          0          0          0         80   sys_stackheap_outer.o
         2          0          0          0          0         68   use_no_semi.o
        98          4          0          0          0         92   d2f.o
       826         16          0          0          0        348   daddsub_clz.o
        16          4          0          0          0         68   dcheck1.o
        24          0          0          0          0         68   dcmpi.o
       688        140          0          0          0        208   ddiv.o
        90          4          0          0          0         92   dfixu.o
        84          0          0          0          0        136   dflt_clz.o
       120          4          0          0          0         92   dleqf.o
       340         12          0          0          0        104   dmul.o
       156          4          0          0          0         92   dnaninf.o
        12          0          0          0          0         68   dretinf.o
       108          0          0          0          0         80   drleqf.o
       460         56          0          0          0        120   dsqrt_noumaal.o
        86          4          0          0          0         84   f2d.o
       430          8          0          0          0        168   faddsub_clz.o
        24          0          0          0          0         68   fcmpi.o
       388         76          0          0          0         96   fdiv.o
        54          4          0          0          0         84   ffix.o
        62          4          0          0          0         84   ffixu.o
        38          0          0          0          0         68   fflt_clz.o
       104          4          0          0          0         84   fleqf.o
       258          4          0          0          0         84   fmul.o
       140          4          0          0          0         84   fnaninf.o
        10          0          0          0          0         68   fretinf.o
        98          0          0          0          0         68   frleqf.o
         4          0          0          0          0         68   printf1.o
       100          0          0          0          0         68   retnan.o
        92          0          0          0          0         68   scalbn.o
        48          0          0          0          0         68   trapv.o
         0          0          0          0          0          0   usenofp.o
        62         10          0          0          0        340   dunder.o
        40          0          0          0          0         68   fpclassify.o
       170          0          0          0          0         96   poly.o
      2520        190        136          0          0        324   pow.o
         0          0          8          0          0          0   qnan.o
        76          0          0          0          0         84   sqrt.o

    ----------------------------------------------------------------------
     14572        820        664          0        100       8312   Library Totals
        32          0          7          0          4          0   (incl. Padding)

    ----------------------------------------------------------------------

      Code (inc. data)   RO Data    RW Data    ZI Data      Debug   Library Name

      6714        268        513          0         96       4520   c_w.l
      4958        352          0          0          0       2880   fz_ws.l
      2868        200        144          0          0        912   m_ws.l

    ----------------------------------------------------------------------
     14572        820        664          0        100       8312   Library Totals

    ----------------------------------------------------------------------

==============================================================================


      Code (inc. data)   RO Data    RW Data    ZI Data      Debug   

     86822       5438     428682        416      22624     346734   Grand Totals
     86822       5438     428682         48      22624     346734   ELF Image Totals (compressed)
     86822       5438     428682         48          0          0   ROM Totals

==============================================================================

    Total RO  Size (Code + RO Data)               515504 ( 503.42kB)
    Total RW  Size (RW Data + ZI Data)             23040 (  22.50kB)
    Total ROM Size (Code + RO Data + RW Data)     515552 ( 503.47kB)

==============================================================================

